-- The C compiler identification is GNU 11.4.0
-- The CXX compiler identification is GNU 11.4.0
-- Detecting C compiler ABI info
-- Detecting C compiler ABI info - done
-- Check for working C compiler: /usr/bin/cc - skipped
-- Detecting C compile features
-- Detecting C compile features - done
-- Detecting CXX compiler ABI info
-- Detecting CXX compiler ABI info - done
-- Check for working CXX compiler: /usr/bin/c++ - skipped
-- Detecting CXX compile features
-- Detecting CXX compile features - done
-- Found ament_cmake: 1.3.14 (/opt/ros/humble/share/ament_cmake/cmake)
-- Found Python3: /usr/bin/python3 (found version "3.10.12") found components: Interpreter 
-- Override CMake install command with custom implementation using symlinks instead of copying resources
-- Found ament_index_cpp: 1.4.1 (/opt/ros/humble/share/ament_index_cpp/cmake)
-- Found geometry_msgs: 4.9.1 (/opt/ros/humble/share/geometry_msgs/cmake)
-- Found rosidl_generator_c: 3.1.8 (/opt/ros/humble/share/rosidl_generator_c/cmake)
-- Found rosidl_adapter: 3.1.8 (/opt/ros/humble/share/rosidl_adapter/cmake)
-- Found rosidl_generator_cpp: 3.1.8 (/opt/ros/humble/share/rosidl_generator_cpp/cmake)
-- Using all available rosidl_typesupport_c: rosidl_typesupport_fastrtps_c;rosidl_typesupport_introspection_c
-- Using all available rosidl_typesupport_cpp: rosidl_typesupport_fastrtps_cpp;rosidl_typesupport_introspection_cpp
-- Found nav_msgs: 4.9.1 (/opt/ros/humble/share/nav_msgs/cmake)
-- Found rclcpp: 16.0.19 (/opt/ros/humble/share/rclcpp/cmake)
-- Found rmw_implementation_cmake: 6.1.2 (/opt/ros/humble/share/rmw_implementation_cmake/cmake)
-- Found rmw_fastrtps_cpp: 6.2.10 (/opt/ros/humble/share/rmw_fastrtps_cpp/cmake)
-- Found OpenSSL: /usr/lib/x86_64-linux-gnu/libcrypto.so (found version "3.0.2")  
-- Found FastRTPS: /opt/ros/humble/include  
-- Using RMW implementation 'rmw_fastrtps_cpp' as default
-- Looking for pthread.h
-- Looking for pthread.h - found
-- Performing Test CMAKE_HAVE_LIBC_PTHREAD
-- Performing Test CMAKE_HAVE_LIBC_PTHREAD - Success
-- Found Threads: TRUE  
-- Found visualization_msgs: 4.9.1 (/opt/ros/humble/share/visualization_msgs/cmake)
-- Found ament_cmake_gtest: 1.3.14 (/opt/ros/humble/share/ament_cmake_gtest/cmake)
-- Found gtest sources under '/opt/ros/humble/src/gtest_vendor': C++ tests using 'Google Test' will be built
-- Configuring done
-- Generating done
-- Build files have been written to: /home/ubuntu/lhj_behavior_stage/build/planning_pkg_2025
[ 18%] Building CXX object gtest/CMakeFiles/gtest_main.dir/src/gtest_main.cc.o
[ 18%] Building CXX object CMakeFiles/planning_core.dir/src/map/global_path.cpp.o
[ 18%] Building CXX object gtest/CMakeFiles/gtest.dir/src/gtest-all.cc.o
[ 25%] Building CXX object CMakeFiles/planning_core.dir/src/local/collision_checker.cpp.o
[ 37%] Building CXX object CMakeFiles/planning_core.dir/src/context/context_manager.cpp.o
[ 37%] Building CXX object CMakeFiles/planning_core.dir/src/local/cost_evaluator.cpp.o
[ 50%] Building CXX object CMakeFiles/planning_core.dir/src/local/path_generator.cpp.o
[ 50%] Building CXX object CMakeFiles/planning_core.dir/src/behavior/behavior_planner.cpp.o
[ 56%] Building CXX object CMakeFiles/planning_core.dir/src/local/local_planner.cpp.o
[ 62%] Linking CXX static library libplanning_core.a
[ 62%] Built target planning_core
[ 68%] Building CXX object CMakeFiles/planning_node.dir/src/nodes/planning_node.cpp.o
[ 75%] Linking CXX static library libgtest_main.a
[ 75%] Built target gtest_main
[ 81%] Linking CXX static library libgtest.a
[ 81%] Built target gtest
[ 87%] Building CXX object CMakeFiles/planning_core_test.dir/test/planning_core_test.cpp.o
[ 93%] Linking CXX executable planning_core_test
[ 93%] Built target planning_core_test
[100%] Linking CXX executable planning_node
[100%] Built target planning_node
-- Install configuration: ""
-- Execute custom install script
-- Symlinking: /home/ubuntu/lhj_behavior_stage/install/planning_pkg_2025/lib/libplanning_core.a
-- Symlinking: /home/ubuntu/lhj_behavior_stage/install/planning_pkg_2025/lib/planning_pkg_2025/planning_node
-- Symlinking: /home/ubuntu/lhj_behavior_stage/install/planning_pkg_2025/include/planning_pkg_2025/behavior/behavior_planner.hpp
-- Symlinking: /home/ubuntu/lhj_behavior_stage/install/planning_pkg_2025/include/planning_pkg_2025/common/planning_types.hpp
-- Symlinking: /home/ubuntu/lhj_behavior_stage/install/planning_pkg_2025/include/planning_pkg_2025/context/context_manager.hpp
-- Symlinking: /home/ubuntu/lhj_behavior_stage/install/planning_pkg_2025/include/planning_pkg_2025/local/collision_checker.hpp
-- Symlinking: /home/ubuntu/lhj_behavior_stage/install/planning_pkg_2025/include/planning_pkg_2025/local/cost_evaluator.hpp
-- Symlinking: /home/ubuntu/lhj_behavior_stage/install/planning_pkg_2025/include/planning_pkg_2025/local/local_planner.hpp
-- Symlinking: /home/ubuntu/lhj_behavior_stage/install/planning_pkg_2025/include/planning_pkg_2025/local/path_generator.hpp
-- Symlinking: /home/ubuntu/lhj_behavior_stage/install/planning_pkg_2025/include/planning_pkg_2025/map/global_path.hpp
-- Symlinking: /home/ubuntu/lhj_behavior_stage/install/planning_pkg_2025/share/planning_pkg_2025/config/planning.yaml
-- Symlinking: /home/ubuntu/lhj_behavior_stage/install/planning_pkg_2025/share/planning_pkg_2025/launch/planning.launch.py
-- Symlinking: /home/ubuntu/lhj_behavior_stage/install/planning_pkg_2025/share/planning_pkg_2025/map/map_final_0921/0-0.txt
-- Symlinking: /home/ubuntu/lhj_behavior_stage/install/planning_pkg_2025/share/planning_pkg_2025/environment/library_path.sh
-- Symlinking: /home/ubuntu/lhj_behavior_stage/install/planning_pkg_2025/share/planning_pkg_2025/environment/library_path.dsv
-- Symlinking: /home/ubuntu/lhj_behavior_stage/install/planning_pkg_2025/share/ament_index/resource_index/package_run_dependencies/planning_pkg_2025
-- Symlinking: /home/ubuntu/lhj_behavior_stage/install/planning_pkg_2025/share/ament_index/resource_index/parent_prefix_path/planning_pkg_2025
-- Symlinking: /home/ubuntu/lhj_behavior_stage/install/planning_pkg_2025/share/planning_pkg_2025/environment/ament_prefix_path.sh
-- Symlinking: /home/ubuntu/lhj_behavior_stage/install/planning_pkg_2025/share/planning_pkg_2025/environment/ament_prefix_path.dsv
-- Symlinking: /home/ubuntu/lhj_behavior_stage/install/planning_pkg_2025/share/planning_pkg_2025/environment/path.sh
-- Symlinking: /home/ubuntu/lhj_behavior_stage/install/planning_pkg_2025/share/planning_pkg_2025/environment/path.dsv
-- Symlinking: /home/ubuntu/lhj_behavior_stage/install/planning_pkg_2025/share/planning_pkg_2025/local_setup.bash
-- Symlinking: /home/ubuntu/lhj_behavior_stage/install/planning_pkg_2025/share/planning_pkg_2025/local_setup.sh
-- Symlinking: /home/ubuntu/lhj_behavior_stage/install/planning_pkg_2025/share/planning_pkg_2025/local_setup.zsh
-- Symlinking: /home/ubuntu/lhj_behavior_stage/install/planning_pkg_2025/share/planning_pkg_2025/local_setup.dsv
-- Symlinking: /home/ubuntu/lhj_behavior_stage/install/planning_pkg_2025/share/planning_pkg_2025/package.dsv
-- Symlinking: /home/ubuntu/lhj_behavior_stage/install/planning_pkg_2025/share/ament_index/resource_index/packages/planning_pkg_2025
-- Symlinking: /home/ubuntu/lhj_behavior_stage/install/planning_pkg_2025/share/planning_pkg_2025/cmake/ament_cmake_export_include_directories-extras.cmake
-- Symlinking: /home/ubuntu/lhj_behavior_stage/install/planning_pkg_2025/share/planning_pkg_2025/cmake/ament_cmake_export_libraries-extras.cmake
-- Symlinking: /home/ubuntu/lhj_behavior_stage/install/planning_pkg_2025/share/planning_pkg_2025/cmake/planning_pkg_2025Config.cmake
-- Symlinking: /home/ubuntu/lhj_behavior_stage/install/planning_pkg_2025/share/planning_pkg_2025/cmake/planning_pkg_2025Config-version.cmake
-- Symlinking: /home/ubuntu/lhj_behavior_stage/install/planning_pkg_2025/share/planning_pkg_2025/package.xml
