[0.991s] Invoking command in '/home/ubuntu/lhj_behavior_stage/build/planning_pkg_2025': CMAKE_PREFIX_PATH=${CMAKE_PREFIX_PATH}:/home/ubuntu/robot_ws/install/vla_data_collector:/home/ubuntu/robot_ws/install/openvla_doosan_runtime_async:/home/ubuntu/robot_ws/install/openvla_doosan_runtime:/home/ubuntu/robot_ws/install/dsr_visualservoing:/home/ubuntu/robot_ws/install/dsr_tests:/home/ubuntu/robot_ws/install/dsr_bringup2:/home/ubuntu/robot_ws/install/dsr_example:/opt/ros/humble CONDA_PROMPT_MODIFIER=(base) /usr/bin/cmake /home/ubuntu/lhj_behavior_stage/src/planning -DAMENT_CMAKE_SYMLINK_INSTALL=1 -DCMAKE_INSTALL_PREFIX=/home/ubuntu/lhj_behavior_stage/install/planning_pkg_2025
[1.910s] -- The C compiler identification is GNU 11.4.0
[1.910s] -- The CXX compiler identification is GNU 11.4.0
[1.910s] -- Detecting C compiler ABI info
[1.910s] -- Detecting C compiler ABI info - done
[1.910s] -- Check for working C compiler: /usr/bin/cc - skipped
[1.910s] -- Detecting C compile features
[1.910s] -- Detecting C compile features - done
[1.911s] -- Detecting CXX compiler ABI info
[1.911s] -- Detecting CXX compiler ABI info - done
[1.911s] -- Check for working CXX compiler: /usr/bin/c++ - skipped
[1.911s] -- Detecting CXX compile features
[1.911s] -- Detecting CXX compile features - done
[1.911s] -- Found ament_cmake: 1.3.14 (/opt/ros/humble/share/ament_cmake/cmake)
[1.911s] -- Found Python3: /usr/bin/python3 (found version "3.10.12") found components: Interpreter 
[1.911s] -- Override CMake install command with custom implementation using symlinks instead of copying resources
[1.911s] -- Found ament_index_cpp: 1.4.1 (/opt/ros/humble/share/ament_index_cpp/cmake)
[1.911s] -- Found geometry_msgs: 4.9.1 (/opt/ros/humble/share/geometry_msgs/cmake)
[1.911s] -- Found rosidl_generator_c: 3.1.8 (/opt/ros/humble/share/rosidl_generator_c/cmake)
[1.911s] -- Found rosidl_adapter: 3.1.8 (/opt/ros/humble/share/rosidl_adapter/cmake)
[1.911s] -- Found rosidl_generator_cpp: 3.1.8 (/opt/ros/humble/share/rosidl_generator_cpp/cmake)
[1.911s] -- Using all available rosidl_typesupport_c: rosidl_typesupport_fastrtps_c;rosidl_typesupport_introspection_c
[1.911s] -- Using all available rosidl_typesupport_cpp: rosidl_typesupport_fastrtps_cpp;rosidl_typesupport_introspection_cpp
[1.911s] -- Found nav_msgs: 4.9.1 (/opt/ros/humble/share/nav_msgs/cmake)
[1.912s] -- Found rclcpp: 16.0.19 (/opt/ros/humble/share/rclcpp/cmake)
[1.912s] -- Found rmw_implementation_cmake: 6.1.2 (/opt/ros/humble/share/rmw_implementation_cmake/cmake)
[1.912s] -- Found rmw_fastrtps_cpp: 6.2.10 (/opt/ros/humble/share/rmw_fastrtps_cpp/cmake)
[1.912s] -- Found OpenSSL: /usr/lib/x86_64-linux-gnu/libcrypto.so (found version "3.0.2")  
[1.926s] -- Found FastRTPS: /opt/ros/humble/include  
[1.974s] -- Using RMW implementation 'rmw_fastrtps_cpp' as default
[1.991s] -- Looking for pthread.h
[2.061s] -- Looking for pthread.h - found
[2.061s] -- Performing Test CMAKE_HAVE_LIBC_PTHREAD
[2.137s] -- Performing Test CMAKE_HAVE_LIBC_PTHREAD - Success
[2.138s] -- Found Threads: TRUE  
[2.221s] -- Found visualization_msgs: 4.9.1 (/opt/ros/humble/share/visualization_msgs/cmake)
[2.308s] -- Found ament_cmake_gtest: 1.3.14 (/opt/ros/humble/share/ament_cmake_gtest/cmake)
[2.317s] -- Found gtest sources under '/opt/ros/humble/src/gtest_vendor': C++ tests using 'Google Test' will be built
[2.445s] -- Configuring done
[2.490s] -- Generating done
[2.507s] -- Build files have been written to: /home/ubuntu/lhj_behavior_stage/build/planning_pkg_2025
[2.550s] Invoked command in '/home/ubuntu/lhj_behavior_stage/build/planning_pkg_2025' returned '0': CMAKE_PREFIX_PATH=${CMAKE_PREFIX_PATH}:/home/ubuntu/robot_ws/install/vla_data_collector:/home/ubuntu/robot_ws/install/openvla_doosan_runtime_async:/home/ubuntu/robot_ws/install/openvla_doosan_runtime:/home/ubuntu/robot_ws/install/dsr_visualservoing:/home/ubuntu/robot_ws/install/dsr_tests:/home/ubuntu/robot_ws/install/dsr_bringup2:/home/ubuntu/robot_ws/install/dsr_example:/opt/ros/humble CONDA_PROMPT_MODIFIER=(base) /usr/bin/cmake /home/ubuntu/lhj_behavior_stage/src/planning -DAMENT_CMAKE_SYMLINK_INSTALL=1 -DCMAKE_INSTALL_PREFIX=/home/ubuntu/lhj_behavior_stage/install/planning_pkg_2025
[2.552s] Invoking command in '/home/ubuntu/lhj_behavior_stage/build/planning_pkg_2025': CMAKE_PREFIX_PATH=${CMAKE_PREFIX_PATH}:/home/ubuntu/robot_ws/install/vla_data_collector:/home/ubuntu/robot_ws/install/openvla_doosan_runtime_async:/home/ubuntu/robot_ws/install/openvla_doosan_runtime:/home/ubuntu/robot_ws/install/dsr_visualservoing:/home/ubuntu/robot_ws/install/dsr_tests:/home/ubuntu/robot_ws/install/dsr_bringup2:/home/ubuntu/robot_ws/install/dsr_example:/opt/ros/humble CONDA_PROMPT_MODIFIER=(base) /usr/bin/cmake --build /home/ubuntu/lhj_behavior_stage/build/planning_pkg_2025 -- -j20 -l20
[2.642s] [ 18%] Building CXX object gtest/CMakeFiles/gtest_main.dir/src/gtest_main.cc.o
[2.642s] [ 18%] Building CXX object CMakeFiles/planning_core.dir/src/map/global_path.cpp.o
[2.642s] [ 18%] Building CXX object gtest/CMakeFiles/gtest.dir/src/gtest-all.cc.o
[2.642s] [ 25%] Building CXX object CMakeFiles/planning_core.dir/src/local/collision_checker.cpp.o
[2.642s] [ 37%] Building CXX object CMakeFiles/planning_core.dir/src/context/context_manager.cpp.o
[2.642s] [ 37%] Building CXX object CMakeFiles/planning_core.dir/src/local/cost_evaluator.cpp.o
[2.643s] [ 50%] Building CXX object CMakeFiles/planning_core.dir/src/local/path_generator.cpp.o
[2.643s] [ 50%] Building CXX object CMakeFiles/planning_core.dir/src/behavior/behavior_planner.cpp.o
[2.652s] [ 56%] Building CXX object CMakeFiles/planning_core.dir/src/local/local_planner.cpp.o
[3.605s] [ 62%] Linking CXX static library libplanning_core.a
[3.669s] [ 62%] Built target planning_core
[3.709s] [ 68%] Building CXX object CMakeFiles/planning_node.dir/src/nodes/planning_node.cpp.o
[4.101s] [ 75%] Linking CXX static library libgtest_main.a
[4.141s] [ 75%] Built target gtest_main
[6.392s] [ 81%] Linking CXX static library libgtest.a
[6.451s] [ 81%] Built target gtest
[6.479s] [ 87%] Building CXX object CMakeFiles/planning_core_test.dir/test/planning_core_test.cpp.o
[8.023s] [ 93%] Linking CXX executable planning_core_test
[8.276s] [ 93%] Built target planning_core_test
[28.053s] [100%] Linking CXX executable planning_node
[29.309s] [100%] Built target planning_node
[29.318s] Invoked command in '/home/ubuntu/lhj_behavior_stage/build/planning_pkg_2025' returned '0': CMAKE_PREFIX_PATH=${CMAKE_PREFIX_PATH}:/home/ubuntu/robot_ws/install/vla_data_collector:/home/ubuntu/robot_ws/install/openvla_doosan_runtime_async:/home/ubuntu/robot_ws/install/openvla_doosan_runtime:/home/ubuntu/robot_ws/install/dsr_visualservoing:/home/ubuntu/robot_ws/install/dsr_tests:/home/ubuntu/robot_ws/install/dsr_bringup2:/home/ubuntu/robot_ws/install/dsr_example:/opt/ros/humble CONDA_PROMPT_MODIFIER=(base) /usr/bin/cmake --build /home/ubuntu/lhj_behavior_stage/build/planning_pkg_2025 -- -j20 -l20
[29.319s] Invoking command in '/home/ubuntu/lhj_behavior_stage/build/planning_pkg_2025': CMAKE_PREFIX_PATH=${CMAKE_PREFIX_PATH}:/home/ubuntu/robot_ws/install/vla_data_collector:/home/ubuntu/robot_ws/install/openvla_doosan_runtime_async:/home/ubuntu/robot_ws/install/openvla_doosan_runtime:/home/ubuntu/robot_ws/install/dsr_visualservoing:/home/ubuntu/robot_ws/install/dsr_tests:/home/ubuntu/robot_ws/install/dsr_bringup2:/home/ubuntu/robot_ws/install/dsr_example:/opt/ros/humble CONDA_PROMPT_MODIFIER=(base) /usr/bin/cmake --install /home/ubuntu/lhj_behavior_stage/build/planning_pkg_2025
[29.327s] -- Install configuration: ""
[29.327s] -- Execute custom install script
[29.327s] -- Symlinking: /home/ubuntu/lhj_behavior_stage/install/planning_pkg_2025/lib/libplanning_core.a
[29.335s] -- Symlinking: /home/ubuntu/lhj_behavior_stage/install/planning_pkg_2025/lib/planning_pkg_2025/planning_node
[29.342s] -- Symlinking: /home/ubuntu/lhj_behavior_stage/install/planning_pkg_2025/include/planning_pkg_2025/behavior/behavior_planner.hpp
[29.351s] -- Symlinking: /home/ubuntu/lhj_behavior_stage/install/planning_pkg_2025/include/planning_pkg_2025/common/planning_types.hpp
[29.361s] -- Symlinking: /home/ubuntu/lhj_behavior_stage/install/planning_pkg_2025/include/planning_pkg_2025/context/context_manager.hpp
[29.368s] -- Symlinking: /home/ubuntu/lhj_behavior_stage/install/planning_pkg_2025/include/planning_pkg_2025/local/collision_checker.hpp
[29.375s] -- Symlinking: /home/ubuntu/lhj_behavior_stage/install/planning_pkg_2025/include/planning_pkg_2025/local/cost_evaluator.hpp
[29.385s] -- Symlinking: /home/ubuntu/lhj_behavior_stage/install/planning_pkg_2025/include/planning_pkg_2025/local/local_planner.hpp
[29.395s] -- Symlinking: /home/ubuntu/lhj_behavior_stage/install/planning_pkg_2025/include/planning_pkg_2025/local/path_generator.hpp
[29.404s] -- Symlinking: /home/ubuntu/lhj_behavior_stage/install/planning_pkg_2025/include/planning_pkg_2025/map/global_path.hpp
[29.412s] -- Symlinking: /home/ubuntu/lhj_behavior_stage/install/planning_pkg_2025/share/planning_pkg_2025/config/planning.yaml
[29.420s] -- Symlinking: /home/ubuntu/lhj_behavior_stage/install/planning_pkg_2025/share/planning_pkg_2025/launch/planning.launch.py
[29.427s] -- Symlinking: /home/ubuntu/lhj_behavior_stage/install/planning_pkg_2025/share/planning_pkg_2025/map/map_final_0921/0-0.txt
[29.434s] -- Symlinking: /home/ubuntu/lhj_behavior_stage/install/planning_pkg_2025/share/planning_pkg_2025/environment/library_path.sh
[29.442s] -- Symlinking: /home/ubuntu/lhj_behavior_stage/install/planning_pkg_2025/share/planning_pkg_2025/environment/library_path.dsv
[29.452s] -- Symlinking: /home/ubuntu/lhj_behavior_stage/install/planning_pkg_2025/share/ament_index/resource_index/package_run_dependencies/planning_pkg_2025
[29.460s] -- Symlinking: /home/ubuntu/lhj_behavior_stage/install/planning_pkg_2025/share/ament_index/resource_index/parent_prefix_path/planning_pkg_2025
[29.467s] -- Symlinking: /home/ubuntu/lhj_behavior_stage/install/planning_pkg_2025/share/planning_pkg_2025/environment/ament_prefix_path.sh
[29.474s] -- Symlinking: /home/ubuntu/lhj_behavior_stage/install/planning_pkg_2025/share/planning_pkg_2025/environment/ament_prefix_path.dsv
[29.480s] -- Symlinking: /home/ubuntu/lhj_behavior_stage/install/planning_pkg_2025/share/planning_pkg_2025/environment/path.sh
[29.487s] -- Symlinking: /home/ubuntu/lhj_behavior_stage/install/planning_pkg_2025/share/planning_pkg_2025/environment/path.dsv
[29.494s] -- Symlinking: /home/ubuntu/lhj_behavior_stage/install/planning_pkg_2025/share/planning_pkg_2025/local_setup.bash
[29.501s] -- Symlinking: /home/ubuntu/lhj_behavior_stage/install/planning_pkg_2025/share/planning_pkg_2025/local_setup.sh
[29.508s] -- Symlinking: /home/ubuntu/lhj_behavior_stage/install/planning_pkg_2025/share/planning_pkg_2025/local_setup.zsh
[29.515s] -- Symlinking: /home/ubuntu/lhj_behavior_stage/install/planning_pkg_2025/share/planning_pkg_2025/local_setup.dsv
[29.522s] -- Symlinking: /home/ubuntu/lhj_behavior_stage/install/planning_pkg_2025/share/planning_pkg_2025/package.dsv
[29.529s] -- Symlinking: /home/ubuntu/lhj_behavior_stage/install/planning_pkg_2025/share/ament_index/resource_index/packages/planning_pkg_2025
[29.536s] -- Symlinking: /home/ubuntu/lhj_behavior_stage/install/planning_pkg_2025/share/planning_pkg_2025/cmake/ament_cmake_export_include_directories-extras.cmake
[29.546s] -- Symlinking: /home/ubuntu/lhj_behavior_stage/install/planning_pkg_2025/share/planning_pkg_2025/cmake/ament_cmake_export_libraries-extras.cmake
[29.558s] -- Symlinking: /home/ubuntu/lhj_behavior_stage/install/planning_pkg_2025/share/planning_pkg_2025/cmake/planning_pkg_2025Config.cmake
[29.569s] -- Symlinking: /home/ubuntu/lhj_behavior_stage/install/planning_pkg_2025/share/planning_pkg_2025/cmake/planning_pkg_2025Config-version.cmake
[29.577s] -- Symlinking: /home/ubuntu/lhj_behavior_stage/install/planning_pkg_2025/share/planning_pkg_2025/package.xml
[29.587s] Invoked command in '/home/ubuntu/lhj_behavior_stage/build/planning_pkg_2025' returned '0': CMAKE_PREFIX_PATH=${CMAKE_PREFIX_PATH}:/home/ubuntu/robot_ws/install/vla_data_collector:/home/ubuntu/robot_ws/install/openvla_doosan_runtime_async:/home/ubuntu/robot_ws/install/openvla_doosan_runtime:/home/ubuntu/robot_ws/install/dsr_visualservoing:/home/ubuntu/robot_ws/install/dsr_tests:/home/ubuntu/robot_ws/install/dsr_bringup2:/home/ubuntu/robot_ws/install/dsr_example:/opt/ros/humble CONDA_PROMPT_MODIFIER=(base) /usr/bin/cmake --install /home/ubuntu/lhj_behavior_stage/build/planning_pkg_2025
