[0.348s] Invoking command in '/home/ubuntu/lhj_behavior_stage/build/lidar': CMAKE_PREFIX_PATH=${CMAKE_PREFIX_PATH}:/home/ubuntu/robot_ws/install/vla_data_collector:/home/ubuntu/robot_ws/install/openvla_doosan_runtime_async:/home/ubuntu/robot_ws/install/openvla_doosan_runtime:/home/ubuntu/robot_ws/install/dsr_visualservoing:/home/ubuntu/robot_ws/install/dsr_tests:/home/ubuntu/robot_ws/install/dsr_bringup2:/home/ubuntu/robot_ws/install/dsr_example:/opt/ros/humble CONDA_PROMPT_MODIFIER=(base) /usr/bin/cmake /home/ubuntu/lhj_behavior_stage/src/lidar -DAMENT_CMAKE_SYMLINK_INSTALL=1 -DCMAKE_INSTALL_PREFIX=/home/ubuntu/lhj_behavior_stage/install/lidar
[1.926s] -- The C compiler identification is GNU 11.4.0
[1.926s] -- The CXX compiler identification is GNU 11.4.0
[1.928s] -- Detecting C compiler ABI info
[1.928s] -- Detecting C compiler ABI info - done
[1.928s] -- Check for working C compiler: /usr/bin/cc - skipped
[1.928s] -- Detecting C compile features
[1.928s] -- Detecting C compile features - done
[1.928s] -- Detecting CXX compiler ABI info
[1.928s] -- Detecting CXX compiler ABI info - done
[1.928s] -- Check for working CXX compiler: /usr/bin/c++ - skipped
[1.928s] -- Detecting CXX compile features
[1.928s] -- Detecting CXX compile features - done
[1.929s] -- Found ament_cmake: 1.3.14 (/opt/ros/humble/share/ament_cmake/cmake)
[1.929s] -- Found Python3: /usr/bin/python3 (found version "3.10.12") found components: Interpreter 
[1.929s] -- Override CMake install command with custom implementation using symlinks instead of copying resources
[1.929s] -- Found rclcpp: 16.0.19 (/opt/ros/humble/share/rclcpp/cmake)
[1.929s] -- Found rosidl_generator_c: 3.1.8 (/opt/ros/humble/share/rosidl_generator_c/cmake)
[1.929s] -- Found rosidl_adapter: 3.1.8 (/opt/ros/humble/share/rosidl_adapter/cmake)
[1.929s] -- Found rosidl_generator_cpp: 3.1.8 (/opt/ros/humble/share/rosidl_generator_cpp/cmake)
[1.929s] -- Using all available rosidl_typesupport_c: rosidl_typesupport_fastrtps_c;rosidl_typesupport_introspection_c
[1.929s] -- Using all available rosidl_typesupport_cpp: rosidl_typesupport_fastrtps_cpp;rosidl_typesupport_introspection_cpp
[1.929s] -- Found rmw_implementation_cmake: 6.1.2 (/opt/ros/humble/share/rmw_implementation_cmake/cmake)
[1.929s] -- Found rmw_fastrtps_cpp: 6.2.10 (/opt/ros/humble/share/rmw_fastrtps_cpp/cmake)
[1.929s] -- Found OpenSSL: /usr/lib/x86_64-linux-gnu/libcrypto.so (found version "3.0.2")  
[1.929s] -- Found FastRTPS: /opt/ros/humble/include  
[1.929s] -- Using RMW implementation 'rmw_fastrtps_cpp' as default
[1.929s] -- Looking for pthread.h
[1.929s] -- Looking for pthread.h - found
[1.930s] -- Performing Test CMAKE_HAVE_LIBC_PTHREAD
[1.930s] -- Performing Test CMAKE_HAVE_LIBC_PTHREAD - Success
[1.930s] -- Found Threads: TRUE  
[1.930s] -- Checking for module 'eigen3'
[1.930s] --   Found eigen3, version 3.4.0
[1.930s] -- Found Eigen: /usr/include/eigen3 (Required is at least version "3.1") 
[1.930s] -- Eigen found (include: /usr/include/eigen3, version: 3.4.0)
[1.930s] -- Found Boost: /usr/lib/x86_64-linux-gnu/cmake/Boost-1.74.0/BoostConfig.cmake (found suitable version "1.74.0", minimum required is "1.65.0") found components: system filesystem date_time iostreams serialization 
[1.930s] -- Checking for module 'flann'
[1.930s] --   Found flann, version 1.9.1
[1.930s] -- Found FLANN: /usr/lib/x86_64-linux-gnu/libflann_cpp.so  
[1.930s] -- FLANN found (include: /usr/include, lib: /usr/lib/x86_64-linux-gnu/libflann_cpp.so)
[1.930s] -- Found GLEW: /usr/lib/x86_64-linux-gnu/libGLEW.so  
[1.930s] -- Found OpenGL: /usr/lib/x86_64-linux-gnu/libOpenGL.so  found components: OpenGL GLX 
[1.930s] -- Could NOT find MPI_C (missing: MPI_C_HEADER_DIR MPI_C_WORKS) 
[1.931s] -- Could NOT find MPI (missing: MPI_C_FOUND C) 
[1.931s] -- Found JsonCpp: /usr/lib/x86_64-linux-gnu/libjsoncpp.so (found suitable version "1.9.5", minimum required is "0.7.0") 
[1.931s] -- Found ZLIB: /usr/lib/x86_64-linux-gnu/libz.so (found version "1.2.11") 
[1.931s] -- Found PNG: /usr/lib/x86_64-linux-gnu/libpng.so (found version "1.6.37") 
[1.931s] -- Found Eigen3: /usr/include/eigen3 (found version "3.4.0") 
[1.931s] -- Found X11: /usr/include   
[1.931s] -- Looking for XOpenDisplay in /usr/lib/x86_64-linux-gnu/libX11.so;/usr/lib/x86_64-linux-gnu/libXext.so
[1.962s] -- Looking for XOpenDisplay in /usr/lib/x86_64-linux-gnu/libX11.so;/usr/lib/x86_64-linux-gnu/libXext.so - found
[1.962s] -- Looking for gethostbyname
[2.038s] -- Looking for gethostbyname - found
[2.038s] -- Looking for connect
[2.107s] -- Looking for connect - found
[2.107s] -- Looking for remove
[2.170s] -- Looking for remove - found
[2.170s] -- Looking for shmat
[2.235s] -- Looking for shmat - found
[2.235s] -- Looking for IceConnectionNumber in ICE
[2.305s] -- Looking for IceConnectionNumber in ICE - found
[2.465s] -- Found EXPAT: /usr/lib/x86_64-linux-gnu/libexpat.so (found version "2.4.7") 
[2.472s] -- Found double-conversion: /usr/lib/x86_64-linux-gnu/libdouble-conversion.so  
[2.480s] -- Found LZ4: /usr/lib/x86_64-linux-gnu/liblz4.so (found version "1.9.3") 
[2.485s] -- Found LZMA: /usr/lib/x86_64-linux-gnu/liblzma.so (found version "5.2.5") 
[2.531s] -- Found JPEG: /usr/lib/x86_64-linux-gnu/libjpeg.so (found version "80") 
[2.554s] -- Found TIFF: /usr/lib/x86_64-linux-gnu/libtiff.so (found version "4.3.0")  
[2.570s] -- Found Freetype: /usr/lib/x86_64-linux-gnu/libfreetype.so (found version "2.11.1") 
[2.574s] -- Found utf8cpp: /usr/include/utf8cpp  
[2.751s] -- Checking for module 'libusb-1.0'
[2.784s] --   Found libusb-1.0, version 1.0.25
[2.871s] -- Found libusb: /usr/lib/x86_64-linux-gnu/libusb-1.0.so  
[2.873s] -- Found OpenNI: /usr/lib/libOpenNI.so;libusb::libusb (found version "1.5.4.0") 
[2.877s] -- OpenNI found (version: 1.5.4.0, include: /usr/include/ni, lib: /usr/lib/libOpenNI.so;libusb::libusb)
[3.010s] -- Found OpenNI2: /usr/lib/x86_64-linux-gnu/libOpenNI2.so;libusb::libusb (found version "2.2.0.33") 
[3.011s] -- OpenNI2 found (version: 2.2.0.33, include: /usr/include/openni2, lib: /usr/lib/x86_64-linux-gnu/libOpenNI2.so;libusb::libusb)
[3.011s] ** WARNING ** io features related to pcap will be disabled
[3.167s] -- Could NOT find MPI_C (missing: MPI_C_HEADER_DIR MPI_C_WORKS) 
[3.169s] -- Could NOT find MPI (missing: MPI_C_FOUND C) 
[3.453s] -- Eigen found (include: /usr/include/eigen3, version: 3.4.0)
[3.466s] -- OpenNI found (version: 1.5.4.0, include: /usr/include/ni, lib: /usr/lib/libOpenNI.so;libusb::libusb)
[3.477s] -- OpenNI2 found (version: 2.2.0.33, include: /usr/include/openni2, lib: /usr/lib/x86_64-linux-gnu/libOpenNI2.so;libusb::libusb)
[3.581s] -- Could NOT find MPI_C (missing: MPI_C_HEADER_DIR MPI_C_WORKS) 
[3.581s] -- Could NOT find MPI (missing: MPI_C_FOUND C) 
[3.753s] -- Found Qhull version 8.0.2
[3.836s] -- Could NOT find MPI_C (missing: MPI_C_HEADER_DIR MPI_C_WORKS) 
[3.837s] -- Could NOT find MPI (missing: MPI_C_FOUND C) 
[3.971s] -- OpenNI found (version: 1.5.4.0, include: /usr/include/ni, lib: /usr/lib/libOpenNI.so;libusb::libusb)
[4.056s] -- Could NOT find MPI_C (missing: MPI_C_HEADER_DIR MPI_C_WORKS) 
[4.056s] -- Could NOT find MPI (missing: MPI_C_FOUND C) 
[4.187s] -- looking for PCL_COMMON
[4.187s] -- Found PCL_COMMON: /usr/lib/x86_64-linux-gnu/libpcl_common.so  
[4.188s] -- looking for PCL_KDTREE
[4.188s] -- Found PCL_KDTREE: /usr/lib/x86_64-linux-gnu/libpcl_kdtree.so  
[4.188s] -- looking for PCL_OCTREE
[4.189s] -- Found PCL_OCTREE: /usr/lib/x86_64-linux-gnu/libpcl_octree.so  
[4.189s] -- looking for PCL_SEARCH
[4.190s] -- Found PCL_SEARCH: /usr/lib/x86_64-linux-gnu/libpcl_search.so  
[4.190s] -- looking for PCL_SAMPLE_CONSENSUS
[4.191s] -- Found PCL_SAMPLE_CONSENSUS: /usr/lib/x86_64-linux-gnu/libpcl_sample_consensus.so  
[4.191s] -- looking for PCL_FILTERS
[4.192s] -- Found PCL_FILTERS: /usr/lib/x86_64-linux-gnu/libpcl_filters.so  
[4.192s] -- looking for PCL_2D
[4.192s] -- Found PCL_2D: /usr/include/pcl-1.12  
[4.193s] -- looking for PCL_GEOMETRY
[4.193s] -- Found PCL_GEOMETRY: /usr/include/pcl-1.12  
[4.193s] -- looking for PCL_IO
[4.194s] -- Found PCL_IO: /usr/lib/x86_64-linux-gnu/libpcl_io.so  
[4.194s] -- looking for PCL_FEATURES
[4.195s] -- Found PCL_FEATURES: /usr/lib/x86_64-linux-gnu/libpcl_features.so  
[4.195s] -- looking for PCL_ML
[4.196s] -- Found PCL_ML: /usr/lib/x86_64-linux-gnu/libpcl_ml.so  
[4.196s] -- looking for PCL_SEGMENTATION
[4.197s] -- Found PCL_SEGMENTATION: /usr/lib/x86_64-linux-gnu/libpcl_segmentation.so  
[4.197s] -- looking for PCL_VISUALIZATION
[4.198s] -- Found PCL_VISUALIZATION: /usr/lib/x86_64-linux-gnu/libpcl_visualization.so  
[4.198s] -- looking for PCL_SURFACE
[4.199s] -- Found PCL_SURFACE: /usr/lib/x86_64-linux-gnu/libpcl_surface.so  
[4.199s] -- looking for PCL_REGISTRATION
[4.200s] -- Found PCL_REGISTRATION: /usr/lib/x86_64-linux-gnu/libpcl_registration.so  
[4.200s] -- looking for PCL_KEYPOINTS
[4.201s] -- Found PCL_KEYPOINTS: /usr/lib/x86_64-linux-gnu/libpcl_keypoints.so  
[4.201s] -- looking for PCL_TRACKING
[4.202s] -- Found PCL_TRACKING: /usr/lib/x86_64-linux-gnu/libpcl_tracking.so  
[4.203s] -- looking for PCL_RECOGNITION
[4.203s] -- Found PCL_RECOGNITION: /usr/lib/x86_64-linux-gnu/libpcl_recognition.so  
[4.204s] -- looking for PCL_STEREO
[4.205s] -- Found PCL_STEREO: /usr/lib/x86_64-linux-gnu/libpcl_stereo.so  
[4.205s] -- looking for PCL_APPS
[4.206s] -- Found PCL_APPS: /usr/lib/x86_64-linux-gnu/libpcl_apps.so  
[4.206s] -- looking for PCL_IN_HAND_SCANNER
[4.207s] -- Found PCL_IN_HAND_SCANNER: /usr/include/pcl-1.12  
[4.207s] -- looking for PCL_MODELER
[4.207s] -- Found PCL_MODELER: /usr/include/pcl-1.12  
[4.207s] -- looking for PCL_POINT_CLOUD_EDITOR
[4.208s] -- Found PCL_POINT_CLOUD_EDITOR: /usr/include/pcl-1.12  
[4.208s] -- looking for PCL_OUTOFCORE
[4.209s] -- Found PCL_OUTOFCORE: /usr/lib/x86_64-linux-gnu/libpcl_outofcore.so  
[4.209s] -- looking for PCL_PEOPLE
[4.210s] -- Found PCL_PEOPLE: /usr/lib/x86_64-linux-gnu/libpcl_people.so  
[4.212s] -- Found PCL: pcl_common;pcl_kdtree;pcl_octree;pcl_search;pcl_sample_consensus;pcl_filters;pcl_io;pcl_features;pcl_ml;pcl_segmentation;pcl_visualization;pcl_surface;pcl_registration;pcl_keypoints;pcl_tracking;pcl_recognition;pcl_stereo;pcl_apps;pcl_outofcore;pcl_people;Boost::system;Boost::filesystem;Boost::date_time;Boost::iostreams;Boost::serialization;/usr/lib/libOpenNI.so;libusb::libusb;/usr/lib/x86_64-linux-gnu/libOpenNI2.so;libusb::libusb;VTK::ChartsCore;VTK::CommonColor;VTK::CommonComputationalGeometry;VTK::CommonCore;VTK::CommonDataModel;VTK::CommonExecutionModel;VTK::CommonMath;VTK::CommonMisc;VTK::CommonTransforms;VTK::FiltersCore;VTK::FiltersExtraction;VTK::FiltersGeneral;VTK::FiltersGeometry;VTK::FiltersModeling;VTK::FiltersSources;VTK::ImagingCore;VTK::ImagingSources;VTK::InteractionImage;VTK::InteractionStyle;VTK::InteractionWidgets;VTK::IOCore;VTK::IOGeometry;VTK::IOImage;VTK::IOLegacy;VTK::IOPLY;VTK::RenderingAnnotation;VTK::RenderingCore;VTK::RenderingContext2D;VTK::RenderingLOD;VTK::RenderingFreeType;VTK::ViewsCore;VTK::ViewsContext2D;VTK::RenderingOpenGL2;VTK::GUISupportQt;FLANN::FLANN;QHULL::QHULL  
[4.215s] -- Found pcl_conversions: 2.4.5 (/opt/ros/humble/share/pcl_conversions/cmake)
[4.290s] -- Found visualization_msgs: 4.9.1 (/opt/ros/humble/share/visualization_msgs/cmake)
[4.338s] -- Found ament_lint_auto: 0.12.15 (/opt/ros/humble/share/ament_lint_auto/cmake)
[4.451s] -- Added test 'copyright' to check source files copyright and LICENSE
[4.452s] -- Added test 'cppcheck' to perform static code analysis on C / C++ code
[4.453s] -- Configured cppcheck include dirs: /home/ubuntu/lhj_behavior_stage/src/lidar/include
[4.453s] -- Configured cppcheck exclude dirs and/or files: 
[4.454s] -- Added test 'cpplint' to check C / C++ code against the Google style
[4.454s] -- Configured cpplint exclude dirs and/or files: 
[4.455s] -- Added test 'lint_cmake' to check CMake code style
[4.456s] -- Added test 'uncrustify' to check C / C++ code style
[4.456s] -- Configured uncrustify additional arguments: 
[4.457s] -- Added test 'xmllint' to check XML markup files
[4.459s] -- Configuring done
[4.500s] -- Generating done
[4.513s] -- Build files have been written to: /home/ubuntu/lhj_behavior_stage/build/lidar
[4.543s] Invoked command in '/home/ubuntu/lhj_behavior_stage/build/lidar' returned '0': CMAKE_PREFIX_PATH=${CMAKE_PREFIX_PATH}:/home/ubuntu/robot_ws/install/vla_data_collector:/home/ubuntu/robot_ws/install/openvla_doosan_runtime_async:/home/ubuntu/robot_ws/install/openvla_doosan_runtime:/home/ubuntu/robot_ws/install/dsr_visualservoing:/home/ubuntu/robot_ws/install/dsr_tests:/home/ubuntu/robot_ws/install/dsr_bringup2:/home/ubuntu/robot_ws/install/dsr_example:/opt/ros/humble CONDA_PROMPT_MODIFIER=(base) /usr/bin/cmake /home/ubuntu/lhj_behavior_stage/src/lidar -DAMENT_CMAKE_SYMLINK_INSTALL=1 -DCMAKE_INSTALL_PREFIX=/home/ubuntu/lhj_behavior_stage/install/lidar
[4.545s] Invoking command in '/home/ubuntu/lhj_behavior_stage/build/lidar': CMAKE_PREFIX_PATH=${CMAKE_PREFIX_PATH}:/home/ubuntu/robot_ws/install/vla_data_collector:/home/ubuntu/robot_ws/install/openvla_doosan_runtime_async:/home/ubuntu/robot_ws/install/openvla_doosan_runtime:/home/ubuntu/robot_ws/install/dsr_visualservoing:/home/ubuntu/robot_ws/install/dsr_tests:/home/ubuntu/robot_ws/install/dsr_bringup2:/home/ubuntu/robot_ws/install/dsr_example:/opt/ros/humble CONDA_PROMPT_MODIFIER=(base) /usr/bin/cmake --build /home/ubuntu/lhj_behavior_stage/build/lidar -- -j20 -l20
[4.611s] [ 50%] Building CXX object CMakeFiles/start.dir/src/main.cpp.o
[21.347s] [100%] Linking CXX executable start
[22.818s] [100%] Built target start
[22.829s] Invoked command in '/home/ubuntu/lhj_behavior_stage/build/lidar' returned '0': CMAKE_PREFIX_PATH=${CMAKE_PREFIX_PATH}:/home/ubuntu/robot_ws/install/vla_data_collector:/home/ubuntu/robot_ws/install/openvla_doosan_runtime_async:/home/ubuntu/robot_ws/install/openvla_doosan_runtime:/home/ubuntu/robot_ws/install/dsr_visualservoing:/home/ubuntu/robot_ws/install/dsr_tests:/home/ubuntu/robot_ws/install/dsr_bringup2:/home/ubuntu/robot_ws/install/dsr_example:/opt/ros/humble CONDA_PROMPT_MODIFIER=(base) /usr/bin/cmake --build /home/ubuntu/lhj_behavior_stage/build/lidar -- -j20 -l20
[22.831s] Invoking command in '/home/ubuntu/lhj_behavior_stage/build/lidar': CMAKE_PREFIX_PATH=${CMAKE_PREFIX_PATH}:/home/ubuntu/robot_ws/install/vla_data_collector:/home/ubuntu/robot_ws/install/openvla_doosan_runtime_async:/home/ubuntu/robot_ws/install/openvla_doosan_runtime:/home/ubuntu/robot_ws/install/dsr_visualservoing:/home/ubuntu/robot_ws/install/dsr_tests:/home/ubuntu/robot_ws/install/dsr_bringup2:/home/ubuntu/robot_ws/install/dsr_example:/opt/ros/humble CONDA_PROMPT_MODIFIER=(base) /usr/bin/cmake --install /home/ubuntu/lhj_behavior_stage/build/lidar
[22.838s] -- Install configuration: ""
[22.839s] -- Execute custom install script
[22.839s] -- Symlinking: /home/ubuntu/lhj_behavior_stage/install/lidar/lib/lidar/start
[22.846s] -- Symlinking: /home/ubuntu/lhj_behavior_stage/install/lidar/share/ament_index/resource_index/package_run_dependencies/lidar
[22.853s] -- Symlinking: /home/ubuntu/lhj_behavior_stage/install/lidar/share/ament_index/resource_index/parent_prefix_path/lidar
[22.865s] -- Symlinking: /home/ubuntu/lhj_behavior_stage/install/lidar/share/lidar/environment/ament_prefix_path.sh
[22.876s] -- Symlinking: /home/ubuntu/lhj_behavior_stage/install/lidar/share/lidar/environment/ament_prefix_path.dsv
[22.884s] -- Symlinking: /home/ubuntu/lhj_behavior_stage/install/lidar/share/lidar/environment/path.sh
[22.891s] -- Symlinking: /home/ubuntu/lhj_behavior_stage/install/lidar/share/lidar/environment/path.dsv
[22.900s] -- Symlinking: /home/ubuntu/lhj_behavior_stage/install/lidar/share/lidar/local_setup.bash
[22.910s] -- Symlinking: /home/ubuntu/lhj_behavior_stage/install/lidar/share/lidar/local_setup.sh
[22.922s] -- Symlinking: /home/ubuntu/lhj_behavior_stage/install/lidar/share/lidar/local_setup.zsh
[22.933s] -- Symlinking: /home/ubuntu/lhj_behavior_stage/install/lidar/share/lidar/local_setup.dsv
[22.941s] -- Symlinking: /home/ubuntu/lhj_behavior_stage/install/lidar/share/lidar/package.dsv
[22.949s] -- Symlinking: /home/ubuntu/lhj_behavior_stage/install/lidar/share/ament_index/resource_index/packages/lidar
[22.956s] -- Symlinking: /home/ubuntu/lhj_behavior_stage/install/lidar/share/lidar/cmake/lidarConfig.cmake
[22.964s] -- Symlinking: /home/ubuntu/lhj_behavior_stage/install/lidar/share/lidar/cmake/lidarConfig-version.cmake
[22.974s] -- Symlinking: /home/ubuntu/lhj_behavior_stage/install/lidar/share/lidar/package.xml
[22.986s] Invoked command in '/home/ubuntu/lhj_behavior_stage/build/lidar' returned '0': CMAKE_PREFIX_PATH=${CMAKE_PREFIX_PATH}:/home/ubuntu/robot_ws/install/vla_data_collector:/home/ubuntu/robot_ws/install/openvla_doosan_runtime_async:/home/ubuntu/robot_ws/install/openvla_doosan_runtime:/home/ubuntu/robot_ws/install/dsr_visualservoing:/home/ubuntu/robot_ws/install/dsr_tests:/home/ubuntu/robot_ws/install/dsr_bringup2:/home/ubuntu/robot_ws/install/dsr_example:/opt/ros/humble CONDA_PROMPT_MODIFIER=(base) /usr/bin/cmake --install /home/ubuntu/lhj_behavior_stage/build/lidar
