running develop
running egg_info
creating local_pkg1.egg-info
writing local_pkg1.egg-info/PKG-INFO
writing dependency_links to local_pkg1.egg-info/dependency_links.txt
writing entry points to local_pkg1.egg-info/entry_points.txt
writing requirements to local_pkg1.egg-info/requires.txt
writing top-level names to local_pkg1.egg-info/top_level.txt
writing manifest file 'local_pkg1.egg-info/SOURCES.txt'
reading manifest file 'local_pkg1.egg-info/SOURCES.txt'
writing manifest file 'local_pkg1.egg-info/SOURCES.txt'
running build_ext
Creating /home/ubuntu/lhj_behavior_stage/install/local_pkg1/lib/python3.10/site-packages/local-pkg1.egg-link (link to .)
Installing heading_estimator script to /home/ubuntu/lhj_behavior_stage/install/local_pkg1/lib/local_pkg1
Installing position_estimator script to /home/ubuntu/lhj_behavior_stage/install/local_pkg1/lib/local_pkg1
Installing tae_localization script to /home/ubuntu/lhj_behavior_stage/install/local_pkg1/lib/local_pkg1

Installed /home/ubuntu/lhj_behavior_stage/build/local_pkg1
running symlink_data
creating /home/ubuntu/lhj_behavior_stage/install/local_pkg1/share/ament_index
creating /home/ubuntu/lhj_behavior_stage/install/local_pkg1/share/ament_index/resource_index
creating /home/ubuntu/lhj_behavior_stage/install/local_pkg1/share/ament_index/resource_index/packages
symbolically linking /home/ubuntu/lhj_behavior_stage/build/local_pkg1/resource/local_pkg1 -> /home/ubuntu/lhj_behavior_stage/install/local_pkg1/share/ament_index/resource_index/packages
symbolically linking /home/ubuntu/lhj_behavior_stage/build/local_pkg1/package.xml -> /home/ubuntu/lhj_behavior_stage/install/local_pkg1/share/local_pkg1
