[2.585s] Invoking command in '/home/ubuntu/lhj_behavior_stage/build/local_pkg1': CONDA_PROMPT_MODIFIER=(base) PYTHONPATH=/home/ubuntu/lhj_behavior_stage/build/local_pkg1/prefix_override:/usr/lib/python3/dist-packages/colcon_core/task/python/colcon_distutils_commands:/home/ubuntu/lhj_behavior_stage/install/local_pkg1/lib/python3.10/site-packages:${PYTHONPATH} /usr/bin/python3 -W ignore:setup.py install is deprecated -W ignore:easy_install command is deprecated setup.py develop --editable --build-directory /home/ubuntu/lhj_behavior_stage/build/local_pkg1/build --no-deps symlink_data
[3.124s] running develop
[3.509s] running egg_info
[3.509s] creating local_pkg1.egg-info
[3.510s] writing local_pkg1.egg-info/PKG-INFO
[3.510s] writing dependency_links to local_pkg1.egg-info/dependency_links.txt
[3.510s] writing entry points to local_pkg1.egg-info/entry_points.txt
[3.510s] writing requirements to local_pkg1.egg-info/requires.txt
[3.511s] writing top-level names to local_pkg1.egg-info/top_level.txt
[3.511s] writing manifest file 'local_pkg1.egg-info/SOURCES.txt'
[3.513s] reading manifest file 'local_pkg1.egg-info/SOURCES.txt'
[3.515s] writing manifest file 'local_pkg1.egg-info/SOURCES.txt'
[3.575s] running build_ext
[3.575s] Creating /home/ubuntu/lhj_behavior_stage/install/local_pkg1/lib/python3.10/site-packages/local-pkg1.egg-link (link to .)
[3.576s] Installing heading_estimator script to /home/ubuntu/lhj_behavior_stage/install/local_pkg1/lib/local_pkg1
[3.576s] Installing position_estimator script to /home/ubuntu/lhj_behavior_stage/install/local_pkg1/lib/local_pkg1
[3.576s] Installing tae_localization script to /home/ubuntu/lhj_behavior_stage/install/local_pkg1/lib/local_pkg1
[3.577s] 
[3.577s] Installed /home/ubuntu/lhj_behavior_stage/build/local_pkg1
[3.577s] running symlink_data
[3.577s] creating /home/ubuntu/lhj_behavior_stage/install/local_pkg1/share/ament_index
[3.577s] creating /home/ubuntu/lhj_behavior_stage/install/local_pkg1/share/ament_index/resource_index
[3.577s] creating /home/ubuntu/lhj_behavior_stage/install/local_pkg1/share/ament_index/resource_index/packages
[3.577s] symbolically linking /home/ubuntu/lhj_behavior_stage/build/local_pkg1/resource/local_pkg1 -> /home/ubuntu/lhj_behavior_stage/install/local_pkg1/share/ament_index/resource_index/packages
[3.577s] symbolically linking /home/ubuntu/lhj_behavior_stage/build/local_pkg1/package.xml -> /home/ubuntu/lhj_behavior_stage/install/local_pkg1/share/local_pkg1
[3.654s] Invoked command in '/home/ubuntu/lhj_behavior_stage/build/local_pkg1' returned '0': CONDA_PROMPT_MODIFIER=(base) PYTHONPATH=/home/ubuntu/lhj_behavior_stage/build/local_pkg1/prefix_override:/usr/lib/python3/dist-packages/colcon_core/task/python/colcon_distutils_commands:/home/ubuntu/lhj_behavior_stage/install/local_pkg1/lib/python3.10/site-packages:${PYTHONPATH} /usr/bin/python3 -W ignore:setup.py install is deprecated -W ignore:easy_install command is deprecated setup.py develop --editable --build-directory /home/ubuntu/lhj_behavior_stage/build/local_pkg1/build --no-deps symlink_data
