[2.591s] Invoking command in '/home/ubuntu/lhj_behavior_stage/build/wit_ros2_imu': CONDA_PROMPT_MODIFIER=(base) PYTHONPATH=/home/ubuntu/lhj_behavior_stage/build/wit_ros2_imu/prefix_override:/usr/lib/python3/dist-packages/colcon_core/task/python/colcon_distutils_commands:/home/ubuntu/lhj_behavior_stage/install/wit_ros2_imu/lib/python3.10/site-packages:${PYTHONPATH} /usr/bin/python3 -W ignore:setup.py install is deprecated -W ignore:easy_install command is deprecated setup.py develop --editable --build-directory /home/ubuntu/lhj_behavior_stage/build/wit_ros2_imu/build --no-deps symlink_data
[3.159s] running develop
[3.558s] running egg_info
[3.558s] creating wit_ros2_imu.egg-info
[3.558s] writing wit_ros2_imu.egg-info/PKG-INFO
[3.559s] writing dependency_links to wit_ros2_imu.egg-info/dependency_links.txt
[3.559s] writing entry points to wit_ros2_imu.egg-info/entry_points.txt
[3.559s] writing requirements to wit_ros2_imu.egg-info/requires.txt
[3.559s] writing top-level names to wit_ros2_imu.egg-info/top_level.txt
[3.560s] writing manifest file 'wit_ros2_imu.egg-info/SOURCES.txt'
[3.563s] reading manifest file 'wit_ros2_imu.egg-info/SOURCES.txt'
[3.564s] writing manifest file 'wit_ros2_imu.egg-info/SOURCES.txt'
[3.664s] running build_ext
[3.664s] Creating /home/ubuntu/lhj_behavior_stage/install/wit_ros2_imu/lib/python3.10/site-packages/wit-ros2-imu.egg-link (link to .)
[3.665s] Installing wit_ros2_imu script to /home/ubuntu/lhj_behavior_stage/install/wit_ros2_imu/lib/wit_ros2_imu
[3.665s] 
[3.666s] Installed /home/ubuntu/lhj_behavior_stage/build/wit_ros2_imu
[3.666s] running symlink_data
[3.666s] creating /home/ubuntu/lhj_behavior_stage/install/wit_ros2_imu/share/ament_index
[3.666s] creating /home/ubuntu/lhj_behavior_stage/install/wit_ros2_imu/share/ament_index/resource_index
[3.666s] creating /home/ubuntu/lhj_behavior_stage/install/wit_ros2_imu/share/ament_index/resource_index/packages
[3.666s] symbolically linking /home/ubuntu/lhj_behavior_stage/build/wit_ros2_imu/resource/wit_ros2_imu -> /home/ubuntu/lhj_behavior_stage/install/wit_ros2_imu/share/ament_index/resource_index/packages
[3.666s] symbolically linking /home/ubuntu/lhj_behavior_stage/build/wit_ros2_imu/package.xml -> /home/ubuntu/lhj_behavior_stage/install/wit_ros2_imu/share/wit_ros2_imu
[3.759s] Invoked command in '/home/ubuntu/lhj_behavior_stage/build/wit_ros2_imu' returned '0': CONDA_PROMPT_MODIFIER=(base) PYTHONPATH=/home/ubuntu/lhj_behavior_stage/build/wit_ros2_imu/prefix_override:/usr/lib/python3/dist-packages/colcon_core/task/python/colcon_distutils_commands:/home/ubuntu/lhj_behavior_stage/install/wit_ros2_imu/lib/python3.10/site-packages:${PYTHONPATH} /usr/bin/python3 -W ignore:setup.py install is deprecated -W ignore:easy_install command is deprecated setup.py develop --editable --build-directory /home/ubuntu/lhj_behavior_stage/build/wit_ros2_imu/build --no-deps symlink_data
