[0.986s] Invoking command in '/home/ubuntu/lhj_behavior_stage/build/planning_pkg_2025': CMAKE_PREFIX_PATH=${CMAKE_PREFIX_PATH}:/home/ubuntu/robot_ws/install/vla_data_collector:/home/ubuntu/robot_ws/install/openvla_doosan_runtime_async:/home/ubuntu/robot_ws/install/openvla_doosan_runtime:/home/ubuntu/robot_ws/install/dsr_visualservoing:/home/ubuntu/robot_ws/install/dsr_tests:/home/ubuntu/robot_ws/install/dsr_bringup2:/home/ubuntu/robot_ws/install/dsr_example:/opt/ros/humble CONDA_PROMPT_MODIFIER=(base) /usr/bin/cmake --build /home/ubuntu/lhj_behavior_stage/build/planning_pkg_2025 -- -j20 -l20
[1.938s] Consolidate compiler generated dependencies of target gtest_main
[1.938s] Consolidate compiler generated dependencies of target gtest
[1.938s] Consolidate compiler generated dependencies of target planning_core
[1.938s] [ 25%] Built target gtest
[1.938s] [ 25%] Built target gtest_main
[1.938s] [ 75%] Built target planning_core
[1.938s] Consolidate compiler generated dependencies of target planning_node
[1.938s] Consolidate compiler generated dependencies of target planning_core_test
[1.938s] [100%] Built target planning_node
[1.938s] [100%] Built target planning_core_test
[1.952s] Invoked command in '/home/ubuntu/lhj_behavior_stage/build/planning_pkg_2025' returned '0': CMAKE_PREFIX_PATH=${CMAKE_PREFIX_PATH}:/home/ubuntu/robot_ws/install/vla_data_collector:/home/ubuntu/robot_ws/install/openvla_doosan_runtime_async:/home/ubuntu/robot_ws/install/openvla_doosan_runtime:/home/ubuntu/robot_ws/install/dsr_visualservoing:/home/ubuntu/robot_ws/install/dsr_tests:/home/ubuntu/robot_ws/install/dsr_bringup2:/home/ubuntu/robot_ws/install/dsr_example:/opt/ros/humble CONDA_PROMPT_MODIFIER=(base) /usr/bin/cmake --build /home/ubuntu/lhj_behavior_stage/build/planning_pkg_2025 -- -j20 -l20
[1.953s] Invoking command in '/home/ubuntu/lhj_behavior_stage/build/planning_pkg_2025': CMAKE_PREFIX_PATH=${CMAKE_PREFIX_PATH}:/home/ubuntu/robot_ws/install/vla_data_collector:/home/ubuntu/robot_ws/install/openvla_doosan_runtime_async:/home/ubuntu/robot_ws/install/openvla_doosan_runtime:/home/ubuntu/robot_ws/install/dsr_visualservoing:/home/ubuntu/robot_ws/install/dsr_tests:/home/ubuntu/robot_ws/install/dsr_bringup2:/home/ubuntu/robot_ws/install/dsr_example:/opt/ros/humble CONDA_PROMPT_MODIFIER=(base) /usr/bin/cmake --install /home/ubuntu/lhj_behavior_stage/build/planning_pkg_2025
[1.973s] -- Install configuration: ""
[1.973s] -- Execute custom install script
[1.974s] -- Up-to-date symlink: /home/ubuntu/lhj_behavior_stage/install/planning_pkg_2025/lib/libplanning_core.a
[1.974s] -- Up-to-date symlink: /home/ubuntu/lhj_behavior_stage/install/planning_pkg_2025/lib/planning_pkg_2025/planning_node
[1.974s] -- Up-to-date symlink: /home/ubuntu/lhj_behavior_stage/install/planning_pkg_2025/include/planning_pkg_2025/behavior/behavior_planner.hpp
[1.974s] -- Up-to-date symlink: /home/ubuntu/lhj_behavior_stage/install/planning_pkg_2025/include/planning_pkg_2025/common/planning_types.hpp
[1.974s] -- Up-to-date symlink: /home/ubuntu/lhj_behavior_stage/install/planning_pkg_2025/include/planning_pkg_2025/context/context_manager.hpp
[1.974s] -- Up-to-date symlink: /home/ubuntu/lhj_behavior_stage/install/planning_pkg_2025/include/planning_pkg_2025/local/collision_checker.hpp
[1.974s] -- Up-to-date symlink: /home/ubuntu/lhj_behavior_stage/install/planning_pkg_2025/include/planning_pkg_2025/local/cost_evaluator.hpp
[1.974s] -- Up-to-date symlink: /home/ubuntu/lhj_behavior_stage/install/planning_pkg_2025/include/planning_pkg_2025/local/local_planner.hpp
[1.974s] -- Up-to-date symlink: /home/ubuntu/lhj_behavior_stage/install/planning_pkg_2025/include/planning_pkg_2025/local/path_generator.hpp
[1.974s] -- Up-to-date symlink: /home/ubuntu/lhj_behavior_stage/install/planning_pkg_2025/include/planning_pkg_2025/map/global_path.hpp
[1.974s] -- Up-to-date symlink: /home/ubuntu/lhj_behavior_stage/install/planning_pkg_2025/share/planning_pkg_2025/config/planning.yaml
[1.974s] -- Up-to-date symlink: /home/ubuntu/lhj_behavior_stage/install/planning_pkg_2025/share/planning_pkg_2025/launch/planning.launch.py
[1.974s] -- Up-to-date symlink: /home/ubuntu/lhj_behavior_stage/install/planning_pkg_2025/share/planning_pkg_2025/map/map_final_0921/0-0.txt
[1.974s] -- Up-to-date symlink: /home/ubuntu/lhj_behavior_stage/install/planning_pkg_2025/share/planning_pkg_2025/environment/library_path.sh
[1.974s] -- Up-to-date symlink: /home/ubuntu/lhj_behavior_stage/install/planning_pkg_2025/share/planning_pkg_2025/environment/library_path.dsv
[1.975s] -- Up-to-date symlink: /home/ubuntu/lhj_behavior_stage/install/planning_pkg_2025/share/ament_index/resource_index/package_run_dependencies/planning_pkg_2025
[1.975s] -- Up-to-date symlink: /home/ubuntu/lhj_behavior_stage/install/planning_pkg_2025/share/ament_index/resource_index/parent_prefix_path/planning_pkg_2025
[1.975s] -- Up-to-date symlink: /home/ubuntu/lhj_behavior_stage/install/planning_pkg_2025/share/planning_pkg_2025/environment/ament_prefix_path.sh
[1.975s] -- Up-to-date symlink: /home/ubuntu/lhj_behavior_stage/install/planning_pkg_2025/share/planning_pkg_2025/environment/ament_prefix_path.dsv
[1.975s] -- Up-to-date symlink: /home/ubuntu/lhj_behavior_stage/install/planning_pkg_2025/share/planning_pkg_2025/environment/path.sh
[1.975s] -- Up-to-date symlink: /home/ubuntu/lhj_behavior_stage/install/planning_pkg_2025/share/planning_pkg_2025/environment/path.dsv
[1.975s] -- Up-to-date symlink: /home/ubuntu/lhj_behavior_stage/install/planning_pkg_2025/share/planning_pkg_2025/local_setup.bash
[1.975s] -- Up-to-date symlink: /home/ubuntu/lhj_behavior_stage/install/planning_pkg_2025/share/planning_pkg_2025/local_setup.sh
[1.975s] -- Up-to-date symlink: /home/ubuntu/lhj_behavior_stage/install/planning_pkg_2025/share/planning_pkg_2025/local_setup.zsh
[1.975s] -- Up-to-date symlink: /home/ubuntu/lhj_behavior_stage/install/planning_pkg_2025/share/planning_pkg_2025/local_setup.dsv
[1.975s] -- Symlinking: /home/ubuntu/lhj_behavior_stage/install/planning_pkg_2025/share/planning_pkg_2025/package.dsv
[2.027s] -- Up-to-date symlink: /home/ubuntu/lhj_behavior_stage/install/planning_pkg_2025/share/ament_index/resource_index/packages/planning_pkg_2025
[2.027s] -- Up-to-date symlink: /home/ubuntu/lhj_behavior_stage/install/planning_pkg_2025/share/planning_pkg_2025/cmake/ament_cmake_export_include_directories-extras.cmake
[2.027s] -- Up-to-date symlink: /home/ubuntu/lhj_behavior_stage/install/planning_pkg_2025/share/planning_pkg_2025/cmake/ament_cmake_export_libraries-extras.cmake
[2.027s] -- Up-to-date symlink: /home/ubuntu/lhj_behavior_stage/install/planning_pkg_2025/share/planning_pkg_2025/cmake/planning_pkg_2025Config.cmake
[2.027s] -- Up-to-date symlink: /home/ubuntu/lhj_behavior_stage/install/planning_pkg_2025/share/planning_pkg_2025/cmake/planning_pkg_2025Config-version.cmake
[2.027s] -- Up-to-date symlink: /home/ubuntu/lhj_behavior_stage/install/planning_pkg_2025/share/planning_pkg_2025/package.xml
[2.051s] Invoked command in '/home/ubuntu/lhj_behavior_stage/build/planning_pkg_2025' returned '0': CMAKE_PREFIX_PATH=${CMAKE_PREFIX_PATH}:/home/ubuntu/robot_ws/install/vla_data_collector:/home/ubuntu/robot_ws/install/openvla_doosan_runtime_async:/home/ubuntu/robot_ws/install/openvla_doosan_runtime:/home/ubuntu/robot_ws/install/dsr_visualservoing:/home/ubuntu/robot_ws/install/dsr_tests:/home/ubuntu/robot_ws/install/dsr_bringup2:/home/ubuntu/robot_ws/install/dsr_example:/opt/ros/humble CONDA_PROMPT_MODIFIER=(base) /usr/bin/cmake --install /home/ubuntu/lhj_behavior_stage/build/planning_pkg_2025
