[2.540s] Invoking command in '/home/ubuntu/lhj_behavior_stage/build/traffic_sign_perception': CONDA_PROMPT_MODIFIER=(base) PYTHONPATH=/home/ubuntu/lhj_behavior_stage/build/traffic_sign_perception/prefix_override:/usr/lib/python3/dist-packages/colcon_core/task/python/colcon_distutils_commands:/home/ubuntu/lhj_behavior_stage/install/traffic_sign_perception/lib/python3.10/site-packages:${PYTHONPATH} /usr/bin/python3 -W ignore:setup.py install is deprecated -W ignore:easy_install command is deprecated setup.py develop --editable --build-directory /home/ubuntu/lhj_behavior_stage/build/traffic_sign_perception/build --no-deps symlink_data
[3.076s] running develop
[3.439s] running egg_info
[3.440s] creating traffic_sign_perception.egg-info
[3.440s] writing traffic_sign_perception.egg-info/PKG-INFO
[3.440s] writing dependency_links to traffic_sign_perception.egg-info/dependency_links.txt
[3.440s] writing entry points to traffic_sign_perception.egg-info/entry_points.txt
[3.440s] writing requirements to traffic_sign_perception.egg-info/requires.txt
[3.441s] writing top-level names to traffic_sign_perception.egg-info/top_level.txt
[3.441s] writing manifest file 'traffic_sign_perception.egg-info/SOURCES.txt'
[3.442s] reading manifest file 'traffic_sign_perception.egg-info/SOURCES.txt'
[3.443s] writing manifest file 'traffic_sign_perception.egg-info/SOURCES.txt'
[3.496s] running build_ext
[3.496s] Creating /home/ubuntu/lhj_behavior_stage/install/traffic_sign_perception/lib/python3.10/site-packages/traffic-sign-perception.egg-link (link to .)
[3.497s] Installing speed_sign_node script to /home/ubuntu/lhj_behavior_stage/install/traffic_sign_perception/lib/traffic_sign_perception
[3.498s] 
[3.498s] Installed /home/ubuntu/lhj_behavior_stage/build/traffic_sign_perception
[3.498s] running symlink_data
[3.498s] creating /home/ubuntu/lhj_behavior_stage/install/traffic_sign_perception/share/ament_index
[3.498s] creating /home/ubuntu/lhj_behavior_stage/install/traffic_sign_perception/share/ament_index/resource_index
[3.498s] creating /home/ubuntu/lhj_behavior_stage/install/traffic_sign_perception/share/ament_index/resource_index/packages
[3.498s] symbolically linking /home/ubuntu/lhj_behavior_stage/build/traffic_sign_perception/resource/traffic_sign_perception -> /home/ubuntu/lhj_behavior_stage/install/traffic_sign_perception/share/ament_index/resource_index/packages
[3.498s] symbolically linking /home/ubuntu/lhj_behavior_stage/build/traffic_sign_perception/package.xml -> /home/ubuntu/lhj_behavior_stage/install/traffic_sign_perception/share/traffic_sign_perception
[3.499s] creating /home/ubuntu/lhj_behavior_stage/install/traffic_sign_perception/share/traffic_sign_perception/config
[3.499s] symbolically linking /home/ubuntu/lhj_behavior_stage/build/traffic_sign_perception/config/speed_sign.yaml -> /home/ubuntu/lhj_behavior_stage/install/traffic_sign_perception/share/traffic_sign_perception/config
[3.499s] creating /home/ubuntu/lhj_behavior_stage/install/traffic_sign_perception/share/traffic_sign_perception/launch
[3.499s] symbolically linking /home/ubuntu/lhj_behavior_stage/build/traffic_sign_perception/launch/speed_sign.launch.py -> /home/ubuntu/lhj_behavior_stage/install/traffic_sign_perception/share/traffic_sign_perception/launch
[3.499s] creating /home/ubuntu/lhj_behavior_stage/install/traffic_sign_perception/share/traffic_sign_perception/weights
[3.499s] symbolically linking /home/ubuntu/lhj_behavior_stage/build/traffic_sign_perception/weights/README.md -> /home/ubuntu/lhj_behavior_stage/install/traffic_sign_perception/share/traffic_sign_perception/weights
[3.537s] Invoked command in '/home/ubuntu/lhj_behavior_stage/build/traffic_sign_perception' returned '0': CONDA_PROMPT_MODIFIER=(base) PYTHONPATH=/home/ubuntu/lhj_behavior_stage/build/traffic_sign_perception/prefix_override:/usr/lib/python3/dist-packages/colcon_core/task/python/colcon_distutils_commands:/home/ubuntu/lhj_behavior_stage/install/traffic_sign_perception/lib/python3.10/site-packages:${PYTHONPATH} /usr/bin/python3 -W ignore:setup.py install is deprecated -W ignore:easy_install command is deprecated setup.py develop --editable --build-directory /home/ubuntu/lhj_behavior_stage/build/traffic_sign_perception/build --no-deps symlink_data
