running develop
running egg_info
creating erp42pro_interface.egg-info
writing erp42pro_interface.egg-info/PKG-INFO
writing dependency_links to erp42pro_interface.egg-info/dependency_links.txt
writing entry points to erp42pro_interface.egg-info/entry_points.txt
writing requirements to erp42pro_interface.egg-info/requires.txt
writing top-level names to erp42pro_interface.egg-info/top_level.txt
writing manifest file 'erp42pro_interface.egg-info/SOURCES.txt'
reading manifest file 'erp42pro_interface.egg-info/SOURCES.txt'
writing manifest file 'erp42pro_interface.egg-info/SOURCES.txt'
running build_ext
Creating /home/ubuntu/lhj_behavior_stage/install/erp42pro_interface/lib/python3.10/site-packages/erp42pro-interface.egg-link (link to .)
Installing can_bridge_node script to /home/ubuntu/lhj_behavior_stage/install/erp42pro_interface/lib/erp42pro_interface

Installed /home/ubuntu/lhj_behavior_stage/build/erp42pro_interface
running symlink_data
creating /home/ubuntu/lhj_behavior_stage/install/erp42pro_interface/share/ament_index
creating /home/ubuntu/lhj_behavior_stage/install/erp42pro_interface/share/ament_index/resource_index
creating /home/ubuntu/lhj_behavior_stage/install/erp42pro_interface/share/ament_index/resource_index/packages
symbolically linking /home/ubuntu/lhj_behavior_stage/build/erp42pro_interface/resource/erp42pro_interface -> /home/ubuntu/lhj_behavior_stage/install/erp42pro_interface/share/ament_index/resource_index/packages
symbolically linking /home/ubuntu/lhj_behavior_stage/build/erp42pro_interface/package.xml -> /home/ubuntu/lhj_behavior_stage/install/erp42pro_interface/share/erp42pro_interface
creating /home/ubuntu/lhj_behavior_stage/install/erp42pro_interface/share/erp42pro_interface/config
symbolically linking /home/ubuntu/lhj_behavior_stage/build/erp42pro_interface/config/erp42pro_bridge.yaml -> /home/ubuntu/lhj_behavior_stage/install/erp42pro_interface/share/erp42pro_interface/config
