[2.683s] Invoking command in '/home/ubuntu/lhj_behavior_stage/build/erp42pro_interface': CONDA_PROMPT_MODIFIER=(base) PYTHONPATH=/home/ubuntu/lhj_behavior_stage/build/erp42pro_interface/prefix_override:/usr/lib/python3/dist-packages/colcon_core/task/python/colcon_distutils_commands:/home/ubuntu/lhj_behavior_stage/install/erp42pro_interface/lib/python3.10/site-packages:${PYTHONPATH} /usr/bin/python3 -W ignore:setup.py install is deprecated -W ignore:easy_install command is deprecated setup.py develop --editable --build-directory /home/ubuntu/lhj_behavior_stage/build/erp42pro_interface/build --no-deps symlink_data
[3.166s] running develop
[3.530s] running egg_info
[3.530s] creating erp42pro_interface.egg-info
[3.530s] writing erp42pro_interface.egg-info/PKG-INFO
[3.531s] writing dependency_links to erp42pro_interface.egg-info/dependency_links.txt
[3.531s] writing entry points to erp42pro_interface.egg-info/entry_points.txt
[3.531s] writing requirements to erp42pro_interface.egg-info/requires.txt
[3.531s] writing top-level names to erp42pro_interface.egg-info/top_level.txt
[3.531s] writing manifest file 'erp42pro_interface.egg-info/SOURCES.txt'
[3.534s] reading manifest file 'erp42pro_interface.egg-info/SOURCES.txt'
[3.536s] writing manifest file 'erp42pro_interface.egg-info/SOURCES.txt'
[3.620s] running build_ext
[3.620s] Creating /home/ubuntu/lhj_behavior_stage/install/erp42pro_interface/lib/python3.10/site-packages/erp42pro-interface.egg-link (link to .)
[3.622s] Installing can_bridge_node script to /home/ubuntu/lhj_behavior_stage/install/erp42pro_interface/lib/erp42pro_interface
[3.622s] 
[3.622s] Installed /home/ubuntu/lhj_behavior_stage/build/erp42pro_interface
[3.622s] running symlink_data
[3.622s] creating /home/ubuntu/lhj_behavior_stage/install/erp42pro_interface/share/ament_index
[3.623s] creating /home/ubuntu/lhj_behavior_stage/install/erp42pro_interface/share/ament_index/resource_index
[3.623s] creating /home/ubuntu/lhj_behavior_stage/install/erp42pro_interface/share/ament_index/resource_index/packages
[3.623s] symbolically linking /home/ubuntu/lhj_behavior_stage/build/erp42pro_interface/resource/erp42pro_interface -> /home/ubuntu/lhj_behavior_stage/install/erp42pro_interface/share/ament_index/resource_index/packages
[3.623s] symbolically linking /home/ubuntu/lhj_behavior_stage/build/erp42pro_interface/package.xml -> /home/ubuntu/lhj_behavior_stage/install/erp42pro_interface/share/erp42pro_interface
[3.623s] creating /home/ubuntu/lhj_behavior_stage/install/erp42pro_interface/share/erp42pro_interface/config
[3.623s] symbolically linking /home/ubuntu/lhj_behavior_stage/build/erp42pro_interface/config/erp42pro_bridge.yaml -> /home/ubuntu/lhj_behavior_stage/install/erp42pro_interface/share/erp42pro_interface/config
[3.725s] Invoked command in '/home/ubuntu/lhj_behavior_stage/build/erp42pro_interface' returned '0': CONDA_PROMPT_MODIFIER=(base) PYTHONPATH=/home/ubuntu/lhj_behavior_stage/build/erp42pro_interface/prefix_override:/usr/lib/python3/dist-packages/colcon_core/task/python/colcon_distutils_commands:/home/ubuntu/lhj_behavior_stage/install/erp42pro_interface/lib/python3.10/site-packages:${PYTHONPATH} /usr/bin/python3 -W ignore:setup.py install is deprecated -W ignore:easy_install command is deprecated setup.py develop --editable --build-directory /home/ubuntu/lhj_behavior_stage/build/erp42pro_interface/build --no-deps symlink_data
