-- The C compiler identification is GNU 11.4.0
-- The CXX compiler identification is GNU 11.4.0
-- Detecting C compiler ABI info
-- Detecting C compiler ABI info - done
-- Check for working C compiler: /usr/bin/cc - skipped
-- Detecting C compile features
-- Detecting C compile features - done
-- Detecting CXX compiler ABI info
-- Detecting CXX compiler ABI info - done
-- Check for working CXX compiler: /usr/bin/c++ - skipped
-- Detecting CXX compile features
-- Detecting CXX compile features - done
-- Found ament_cmake: 1.3.14 (/opt/ros/humble/share/ament_cmake/cmake)
-- Found Python3: /usr/bin/python3 (found version "3.10.12") found components: Interpreter 
-- Override CMake install command with custom implementation using symlinks instead of copying resources
-- Configuring done
-- Generating done
-- Build files have been written to: /home/ubuntu/lhj_behavior_stage/build/behavior_stack_bringup
-- Install configuration: ""
-- Execute custom install script
-- Symlinking: /home/ubuntu/lhj_behavior_stage/install/behavior_stack_bringup/share/behavior_stack_bringup/launch/__pycache__/behavior_stack.launch.cpython-314.pyc
-- Symlinking: /home/ubuntu/lhj_behavior_stage/install/behavior_stack_bringup/share/behavior_stack_bringup/launch/__pycache__/control.launch.cpython-314.pyc
-- Symlinking: /home/ubuntu/lhj_behavior_stage/install/behavior_stack_bringup/share/behavior_stack_bringup/launch/__pycache__/localization.launch.cpython-314.pyc
-- Symlinking: /home/ubuntu/lhj_behavior_stage/install/behavior_stack_bringup/share/behavior_stack_bringup/launch/__pycache__/perception.launch.cpython-314.pyc
-- Symlinking: /home/ubuntu/lhj_behavior_stage/install/behavior_stack_bringup/share/behavior_stack_bringup/launch/__pycache__/planning.launch.cpython-314.pyc
-- Symlinking: /home/ubuntu/lhj_behavior_stage/install/behavior_stack_bringup/share/behavior_stack_bringup/launch/__pycache__/sensors.launch.cpython-314.pyc
-- Symlinking: /home/ubuntu/lhj_behavior_stage/install/behavior_stack_bringup/share/behavior_stack_bringup/launch/__pycache__/vehicle_interface.launch.cpython-314.pyc
-- Symlinking: /home/ubuntu/lhj_behavior_stage/install/behavior_stack_bringup/share/behavior_stack_bringup/launch/__pycache__/visualization.launch.cpython-314.pyc
-- Symlinking: /home/ubuntu/lhj_behavior_stage/install/behavior_stack_bringup/share/behavior_stack_bringup/launch/behavior_stack.launch.py
-- Symlinking: /home/ubuntu/lhj_behavior_stage/install/behavior_stack_bringup/share/behavior_stack_bringup/launch/control.launch.py
-- Symlinking: /home/ubuntu/lhj_behavior_stage/install/behavior_stack_bringup/share/behavior_stack_bringup/launch/localization.launch.py
-- Symlinking: /home/ubuntu/lhj_behavior_stage/install/behavior_stack_bringup/share/behavior_stack_bringup/launch/perception.launch.py
-- Symlinking: /home/ubuntu/lhj_behavior_stage/install/behavior_stack_bringup/share/behavior_stack_bringup/launch/planning.launch.py
-- Symlinking: /home/ubuntu/lhj_behavior_stage/install/behavior_stack_bringup/share/behavior_stack_bringup/launch/sensors.launch.py
-- Symlinking: /home/ubuntu/lhj_behavior_stage/install/behavior_stack_bringup/share/behavior_stack_bringup/launch/vehicle_interface.launch.py
-- Symlinking: /home/ubuntu/lhj_behavior_stage/install/behavior_stack_bringup/share/behavior_stack_bringup/launch/visualization.launch.py
-- Symlinking: /home/ubuntu/lhj_behavior_stage/install/behavior_stack_bringup/share/behavior_stack_bringup/config/behavior_debug.rviz
-- Symlinking: /home/ubuntu/lhj_behavior_stage/install/behavior_stack_bringup/share/ament_index/resource_index/package_run_dependencies/behavior_stack_bringup
-- Symlinking: /home/ubuntu/lhj_behavior_stage/install/behavior_stack_bringup/share/ament_index/resource_index/parent_prefix_path/behavior_stack_bringup
-- Symlinking: /home/ubuntu/lhj_behavior_stage/install/behavior_stack_bringup/share/behavior_stack_bringup/environment/ament_prefix_path.sh
-- Symlinking: /home/ubuntu/lhj_behavior_stage/install/behavior_stack_bringup/share/behavior_stack_bringup/environment/ament_prefix_path.dsv
-- Symlinking: /home/ubuntu/lhj_behavior_stage/install/behavior_stack_bringup/share/behavior_stack_bringup/environment/path.sh
-- Symlinking: /home/ubuntu/lhj_behavior_stage/install/behavior_stack_bringup/share/behavior_stack_bringup/environment/path.dsv
-- Symlinking: /home/ubuntu/lhj_behavior_stage/install/behavior_stack_bringup/share/behavior_stack_bringup/local_setup.bash
-- Symlinking: /home/ubuntu/lhj_behavior_stage/install/behavior_stack_bringup/share/behavior_stack_bringup/local_setup.sh
-- Symlinking: /home/ubuntu/lhj_behavior_stage/install/behavior_stack_bringup/share/behavior_stack_bringup/local_setup.zsh
-- Symlinking: /home/ubuntu/lhj_behavior_stage/install/behavior_stack_bringup/share/behavior_stack_bringup/local_setup.dsv
-- Symlinking: /home/ubuntu/lhj_behavior_stage/install/behavior_stack_bringup/share/behavior_stack_bringup/package.dsv
-- Symlinking: /home/ubuntu/lhj_behavior_stage/install/behavior_stack_bringup/share/ament_index/resource_index/packages/behavior_stack_bringup
-- Symlinking: /home/ubuntu/lhj_behavior_stage/install/behavior_stack_bringup/share/behavior_stack_bringup/cmake/behavior_stack_bringupConfig.cmake
-- Symlinking: /home/ubuntu/lhj_behavior_stage/install/behavior_stack_bringup/share/behavior_stack_bringup/cmake/behavior_stack_bringupConfig-version.cmake
-- Symlinking: /home/ubuntu/lhj_behavior_stage/install/behavior_stack_bringup/share/behavior_stack_bringup/package.xml
-- Installing: /home/ubuntu/lhj_behavior_stage/install/behavior_stack_bringup/lib/behavior_stack_bringup/debug_visualizer_node
