[0.135s] colcon DEBUG Command line arguments: ['/usr/bin/colcon', 'build', '--packages-select', 'behavior_stack_bringup', '--symlink-install']
[0.135s] colcon DEBUG Parsed command line arguments: Namespace(log_base=None, log_level=None, verb_name='build', build_base='build', install_base='install', merge_install=False, symlink_install=True, test_result_base=None, continue_on_error=False, executor='parallel', parallel_workers=20, event_handlers=None, ignore_user_meta=False, metas=['./colcon.meta'], base_paths=['.'], packages_ignore=None, packages_ignore_regex=None, paths=None, packages_up_to=None, packages_up_to_regex=None, packages_above=None, packages_above_and_dependencies=None, packages_above_depth=None, packages_select_by_dep=None, packages_skip_by_dep=None, packages_skip_up_to=None, packages_select_build_failed=False, packages_skip_build_finished=False, packages_select_test_failures=False, packages_skip_test_passed=False, packages_select=['behavior_stack_bringup'], packages_skip=None, packages_select_regex=None, packages_skip_regex=None, packages_start=None, packages_end=None, allow_overriding=[], cmake_args=None, cmake_target=None, cmake_target_skip_unavailable=False, cmake_clean_cache=False, cmake_clean_first=False, cmake_force_configure=False, ament_cmake_args=None, catkin_cmake_args=None, catkin_skip_building_tests=False, verb_parser=<colcon_defaults.argument_parser.defaults.DefaultArgumentsDecorator object at 0x7f542771b040>, verb_extension=<colcon_core.verb.build.BuildVerb object at 0x7f5427870ac0>, main=<bound method BuildVerb.main of <colcon_core.verb.build.BuildVerb object at 0x7f5427870ac0>>)
[0.363s] colcon.colcon_core.package_discovery Level 1 discover_packages(colcon_meta) check parameters
[0.363s] colcon.colcon_core.package_discovery Level 1 discover_packages(recursive) check parameters
[0.363s] colcon.colcon_core.package_discovery Level 1 discover_packages(ignore) check parameters
[0.363s] colcon.colcon_core.package_discovery Level 1 discover_packages(path) check parameters
[0.363s] colcon.colcon_core.package_discovery Level 1 discover_packages(colcon_meta) discover
[0.363s] colcon.colcon_core.package_discovery Level 1 discover_packages(recursive) discover
[0.363s] colcon.colcon_core.package_discovery INFO Crawling recursively for packages in '/home/ubuntu/lhj_behavior_stage'
[0.364s] colcon.colcon_core.package_identification Level 1 _identify(.) by extensions ['ignore', 'ignore_ament_install']
[0.364s] colcon.colcon_core.package_identification Level 1 _identify(.) by extension 'ignore'
[0.364s] colcon.colcon_core.package_identification Level 1 _identify(.) by extension 'ignore_ament_install'
[0.364s] colcon.colcon_core.package_identification Level 1 _identify(.) by extensions ['colcon_pkg']
[0.364s] colcon.colcon_core.package_identification Level 1 _identify(.) by extension 'colcon_pkg'
[0.364s] colcon.colcon_core.package_identification Level 1 _identify(.) by extensions ['colcon_meta']
[0.364s] colcon.colcon_core.package_identification Level 1 _identify(.) by extension 'colcon_meta'
[0.364s] colcon.colcon_core.package_identification Level 1 _identify(.) by extensions ['ros']
[0.364s] colcon.colcon_core.package_identification Level 1 _identify(.) by extension 'ros'
[0.389s] colcon.colcon_core.package_identification Level 1 _identify(.) by extensions ['cmake', 'python']
[0.389s] colcon.colcon_core.package_identification Level 1 _identify(.) by extension 'cmake'
[0.389s] colcon.colcon_core.package_identification Level 1 _identify(.) by extension 'python'
[0.389s] colcon.colcon_core.package_identification Level 1 _identify(.) by extensions ['python_setup_py']
[0.389s] colcon.colcon_core.package_identification Level 1 _identify(.) by extension 'python_setup_py'
[0.389s] colcon.colcon_core.package_identification Level 1 _identify(build) by extensions ['ignore', 'ignore_ament_install']
[0.389s] colcon.colcon_core.package_identification Level 1 _identify(build) by extension 'ignore'
[0.390s] colcon.colcon_core.package_identification Level 1 _identify(build) ignored
[0.390s] colcon.colcon_core.package_identification Level 1 _identify(docs) by extensions ['ignore', 'ignore_ament_install']
[0.390s] colcon.colcon_core.package_identification Level 1 _identify(docs) by extension 'ignore'
[0.390s] colcon.colcon_core.package_identification Level 1 _identify(docs) by extension 'ignore_ament_install'
[0.390s] colcon.colcon_core.package_identification Level 1 _identify(docs) by extensions ['colcon_pkg']
[0.390s] colcon.colcon_core.package_identification Level 1 _identify(docs) by extension 'colcon_pkg'
[0.390s] colcon.colcon_core.package_identification Level 1 _identify(docs) by extensions ['colcon_meta']
[0.390s] colcon.colcon_core.package_identification Level 1 _identify(docs) by extension 'colcon_meta'
[0.390s] colcon.colcon_core.package_identification Level 1 _identify(docs) by extensions ['ros']
[0.390s] colcon.colcon_core.package_identification Level 1 _identify(docs) by extension 'ros'
[0.390s] colcon.colcon_core.package_identification Level 1 _identify(docs) by extensions ['cmake', 'python']
[0.390s] colcon.colcon_core.package_identification Level 1 _identify(docs) by extension 'cmake'
[0.390s] colcon.colcon_core.package_identification Level 1 _identify(docs) by extension 'python'
[0.390s] colcon.colcon_core.package_identification Level 1 _identify(docs) by extensions ['python_setup_py']
[0.390s] colcon.colcon_core.package_identification Level 1 _identify(docs) by extension 'python_setup_py'
[0.390s] colcon.colcon_core.package_identification Level 1 _identify(install) by extensions ['ignore', 'ignore_ament_install']
[0.390s] colcon.colcon_core.package_identification Level 1 _identify(install) by extension 'ignore'
[0.390s] colcon.colcon_core.package_identification Level 1 _identify(install) ignored
[0.391s] colcon.colcon_core.package_identification Level 1 _identify(log) by extensions ['ignore', 'ignore_ament_install']
[0.391s] colcon.colcon_core.package_identification Level 1 _identify(log) by extension 'ignore'
[0.391s] colcon.colcon_core.package_identification Level 1 _identify(log) ignored
[0.391s] colcon.colcon_core.package_identification Level 1 _identify(src) by extensions ['ignore', 'ignore_ament_install']
[0.391s] colcon.colcon_core.package_identification Level 1 _identify(src) by extension 'ignore'
[0.391s] colcon.colcon_core.package_identification Level 1 _identify(src) by extension 'ignore_ament_install'
[0.391s] colcon.colcon_core.package_identification Level 1 _identify(src) by extensions ['colcon_pkg']
[0.391s] colcon.colcon_core.package_identification Level 1 _identify(src) by extension 'colcon_pkg'
[0.391s] colcon.colcon_core.package_identification Level 1 _identify(src) by extensions ['colcon_meta']
[0.391s] colcon.colcon_core.package_identification Level 1 _identify(src) by extension 'colcon_meta'
[0.391s] colcon.colcon_core.package_identification Level 1 _identify(src) by extensions ['ros']
[0.391s] colcon.colcon_core.package_identification Level 1 _identify(src) by extension 'ros'
[0.391s] colcon.colcon_core.package_identification Level 1 _identify(src) by extensions ['cmake', 'python']
[0.391s] colcon.colcon_core.package_identification Level 1 _identify(src) by extension 'cmake'
[0.391s] colcon.colcon_core.package_identification Level 1 _identify(src) by extension 'python'
[0.391s] colcon.colcon_core.package_identification Level 1 _identify(src) by extensions ['python_setup_py']
[0.391s] colcon.colcon_core.package_identification Level 1 _identify(src) by extension 'python_setup_py'
[0.391s] colcon.colcon_core.package_identification Level 1 _identify(src/behavior_stack_bringup) by extensions ['ignore', 'ignore_ament_install']
[0.392s] colcon.colcon_core.package_identification Level 1 _identify(src/behavior_stack_bringup) by extension 'ignore'
[0.392s] colcon.colcon_core.package_identification Level 1 _identify(src/behavior_stack_bringup) by extension 'ignore_ament_install'
[0.392s] colcon.colcon_core.package_identification Level 1 _identify(src/behavior_stack_bringup) by extensions ['colcon_pkg']
[0.392s] colcon.colcon_core.package_identification Level 1 _identify(src/behavior_stack_bringup) by extension 'colcon_pkg'
[0.392s] colcon.colcon_core.package_identification Level 1 _identify(src/behavior_stack_bringup) by extensions ['colcon_meta']
[0.392s] colcon.colcon_core.package_identification Level 1 _identify(src/behavior_stack_bringup) by extension 'colcon_meta'
[0.392s] colcon.colcon_core.package_identification Level 1 _identify(src/behavior_stack_bringup) by extensions ['ros']
[0.392s] colcon.colcon_core.package_identification Level 1 _identify(src/behavior_stack_bringup) by extension 'ros'
[0.394s] colcon.colcon_core.package_identification DEBUG Package 'src/behavior_stack_bringup' with type 'ros.ament_cmake' and name 'behavior_stack_bringup'
[0.394s] colcon.colcon_core.package_identification Level 1 _identify(src/control) by extensions ['ignore', 'ignore_ament_install']
[0.395s] colcon.colcon_core.package_identification Level 1 _identify(src/control) by extension 'ignore'
[0.395s] colcon.colcon_core.package_identification Level 1 _identify(src/control) by extension 'ignore_ament_install'
[0.395s] colcon.colcon_core.package_identification Level 1 _identify(src/control) by extensions ['colcon_pkg']
[0.395s] colcon.colcon_core.package_identification Level 1 _identify(src/control) by extension 'colcon_pkg'
[0.395s] colcon.colcon_core.package_identification Level 1 _identify(src/control) by extensions ['colcon_meta']
[0.395s] colcon.colcon_core.package_identification Level 1 _identify(src/control) by extension 'colcon_meta'
[0.395s] colcon.colcon_core.package_identification Level 1 _identify(src/control) by extensions ['ros']
[0.395s] colcon.colcon_core.package_identification Level 1 _identify(src/control) by extension 'ros'
[0.396s] colcon.colcon_core.package_identification DEBUG Package 'src/control' with type 'ros.ament_cmake' and name 'control'
[0.396s] colcon.colcon_core.package_identification Level 1 _identify(src/convertcs) by extensions ['ignore', 'ignore_ament_install']
[0.396s] colcon.colcon_core.package_identification Level 1 _identify(src/convertcs) by extension 'ignore'
[0.396s] colcon.colcon_core.package_identification Level 1 _identify(src/convertcs) by extension 'ignore_ament_install'
[0.396s] colcon.colcon_core.package_identification Level 1 _identify(src/convertcs) by extensions ['colcon_pkg']
[0.396s] colcon.colcon_core.package_identification Level 1 _identify(src/convertcs) by extension 'colcon_pkg'
[0.396s] colcon.colcon_core.package_identification Level 1 _identify(src/convertcs) by extensions ['colcon_meta']
[0.396s] colcon.colcon_core.package_identification Level 1 _identify(src/convertcs) by extension 'colcon_meta'
[0.396s] colcon.colcon_core.package_identification Level 1 _identify(src/convertcs) by extensions ['ros']
[0.396s] colcon.colcon_core.package_identification Level 1 _identify(src/convertcs) by extension 'ros'
[0.397s] colcon.colcon_core.package_identification DEBUG Package 'src/convertcs' with type 'ros.ament_cmake' and name 'kroad_planning_utm_pkg'
[0.397s] colcon.colcon_core.package_identification Level 1 _identify(src/erp42pro_interface) by extensions ['ignore', 'ignore_ament_install']
[0.397s] colcon.colcon_core.package_identification Level 1 _identify(src/erp42pro_interface) by extension 'ignore'
[0.397s] colcon.colcon_core.package_identification Level 1 _identify(src/erp42pro_interface) by extension 'ignore_ament_install'
[0.397s] colcon.colcon_core.package_identification Level 1 _identify(src/erp42pro_interface) by extensions ['colcon_pkg']
[0.397s] colcon.colcon_core.package_identification Level 1 _identify(src/erp42pro_interface) by extension 'colcon_pkg'
[0.397s] colcon.colcon_core.package_identification Level 1 _identify(src/erp42pro_interface) by extensions ['colcon_meta']
[0.397s] colcon.colcon_core.package_identification Level 1 _identify(src/erp42pro_interface) by extension 'colcon_meta'
[0.397s] colcon.colcon_core.package_identification Level 1 _identify(src/erp42pro_interface) by extensions ['ros']
[0.397s] colcon.colcon_core.package_identification Level 1 _identify(src/erp42pro_interface) by extension 'ros'
[0.398s] colcon.colcon_core.package_identification DEBUG Package 'src/erp42pro_interface' with type 'ros.ament_python' and name 'erp42pro_interface'
[0.398s] colcon.colcon_core.package_identification Level 1 _identify(src/erp_ros2_bridge) by extensions ['ignore', 'ignore_ament_install']
[0.398s] colcon.colcon_core.package_identification Level 1 _identify(src/erp_ros2_bridge) by extension 'ignore'
[0.398s] colcon.colcon_core.package_identification Level 1 _identify(src/erp_ros2_bridge) by extension 'ignore_ament_install'
[0.398s] colcon.colcon_core.package_identification Level 1 _identify(src/erp_ros2_bridge) by extensions ['colcon_pkg']
[0.398s] colcon.colcon_core.package_identification Level 1 _identify(src/erp_ros2_bridge) by extension 'colcon_pkg'
[0.398s] colcon.colcon_core.package_identification Level 1 _identify(src/erp_ros2_bridge) by extensions ['colcon_meta']
[0.398s] colcon.colcon_core.package_identification Level 1 _identify(src/erp_ros2_bridge) by extension 'colcon_meta'
[0.398s] colcon.colcon_core.package_identification Level 1 _identify(src/erp_ros2_bridge) by extensions ['ros']
[0.399s] colcon.colcon_core.package_identification Level 1 _identify(src/erp_ros2_bridge) by extension 'ros'
[0.399s] colcon.colcon_core.package_identification DEBUG Package 'src/erp_ros2_bridge' with type 'ros.ament_python' and name 'erp_ros2_bridge'
[0.399s] colcon.colcon_core.package_identification Level 1 _identify(src/lidar) by extensions ['ignore', 'ignore_ament_install']
[0.399s] colcon.colcon_core.package_identification Level 1 _identify(src/lidar) by extension 'ignore'
[0.399s] colcon.colcon_core.package_identification Level 1 _identify(src/lidar) by extension 'ignore_ament_install'
[0.399s] colcon.colcon_core.package_identification Level 1 _identify(src/lidar) by extensions ['colcon_pkg']
[0.399s] colcon.colcon_core.package_identification Level 1 _identify(src/lidar) by extension 'colcon_pkg'
[0.399s] colcon.colcon_core.package_identification Level 1 _identify(src/lidar) by extensions ['colcon_meta']
[0.399s] colcon.colcon_core.package_identification Level 1 _identify(src/lidar) by extension 'colcon_meta'
[0.400s] colcon.colcon_core.package_identification Level 1 _identify(src/lidar) by extensions ['ros']
[0.400s] colcon.colcon_core.package_identification Level 1 _identify(src/lidar) by extension 'ros'
[0.401s] colcon.colcon_core.package_identification DEBUG Package 'src/lidar' with type 'ros.ament_cmake' and name 'lidar'
[0.401s] colcon.colcon_core.package_identification Level 1 _identify(src/local_pkg1) by extensions ['ignore', 'ignore_ament_install']
[0.401s] colcon.colcon_core.package_identification Level 1 _identify(src/local_pkg1) by extension 'ignore'
[0.401s] colcon.colcon_core.package_identification Level 1 _identify(src/local_pkg1) by extension 'ignore_ament_install'
[0.401s] colcon.colcon_core.package_identification Level 1 _identify(src/local_pkg1) by extensions ['colcon_pkg']
[0.401s] colcon.colcon_core.package_identification Level 1 _identify(src/local_pkg1) by extension 'colcon_pkg'
[0.401s] colcon.colcon_core.package_identification Level 1 _identify(src/local_pkg1) by extensions ['colcon_meta']
[0.401s] colcon.colcon_core.package_identification Level 1 _identify(src/local_pkg1) by extension 'colcon_meta'
[0.401s] colcon.colcon_core.package_identification Level 1 _identify(src/local_pkg1) by extensions ['ros']
[0.401s] colcon.colcon_core.package_identification Level 1 _identify(src/local_pkg1) by extension 'ros'
[0.402s] colcon.colcon_core.package_identification DEBUG Package 'src/local_pkg1' with type 'ros.ament_python' and name 'local_pkg1'
[0.402s] colcon.colcon_core.package_identification Level 1 _identify(src/nmea_navsat_driver) by extensions ['ignore', 'ignore_ament_install']
[0.402s] colcon.colcon_core.package_identification Level 1 _identify(src/nmea_navsat_driver) by extension 'ignore'
[0.402s] colcon.colcon_core.package_identification Level 1 _identify(src/nmea_navsat_driver) by extension 'ignore_ament_install'
[0.402s] colcon.colcon_core.package_identification Level 1 _identify(src/nmea_navsat_driver) by extensions ['colcon_pkg']
[0.402s] colcon.colcon_core.package_identification Level 1 _identify(src/nmea_navsat_driver) by extension 'colcon_pkg'
[0.402s] colcon.colcon_core.package_identification Level 1 _identify(src/nmea_navsat_driver) by extensions ['colcon_meta']
[0.402s] colcon.colcon_core.package_identification Level 1 _identify(src/nmea_navsat_driver) by extension 'colcon_meta'
[0.402s] colcon.colcon_core.package_identification Level 1 _identify(src/nmea_navsat_driver) by extensions ['ros']
[0.402s] colcon.colcon_core.package_identification Level 1 _identify(src/nmea_navsat_driver) by extension 'ros'
[0.403s] colcon.colcon_core.package_identification DEBUG Package 'src/nmea_navsat_driver' with type 'ros.ament_python' and name 'nmea_navsat_driver'
[0.403s] colcon.colcon_core.package_identification Level 1 _identify(src/planning) by extensions ['ignore', 'ignore_ament_install']
[0.403s] colcon.colcon_core.package_identification Level 1 _identify(src/planning) by extension 'ignore'
[0.403s] colcon.colcon_core.package_identification Level 1 _identify(src/planning) by extension 'ignore_ament_install'
[0.403s] colcon.colcon_core.package_identification Level 1 _identify(src/planning) by extensions ['colcon_pkg']
[0.403s] colcon.colcon_core.package_identification Level 1 _identify(src/planning) by extension 'colcon_pkg'
[0.403s] colcon.colcon_core.package_identification Level 1 _identify(src/planning) by extensions ['colcon_meta']
[0.403s] colcon.colcon_core.package_identification Level 1 _identify(src/planning) by extension 'colcon_meta'
[0.403s] colcon.colcon_core.package_identification Level 1 _identify(src/planning) by extensions ['ros']
[0.403s] colcon.colcon_core.package_identification Level 1 _identify(src/planning) by extension 'ros'
[0.404s] colcon.colcon_core.package_identification DEBUG Package 'src/planning' with type 'ros.ament_cmake' and name 'planning_pkg_2025'
[0.404s] colcon.colcon_core.package_identification Level 1 _identify(src/traffic_sign_perception) by extensions ['ignore', 'ignore_ament_install']
[0.404s] colcon.colcon_core.package_identification Level 1 _identify(src/traffic_sign_perception) by extension 'ignore'
[0.405s] colcon.colcon_core.package_identification Level 1 _identify(src/traffic_sign_perception) by extension 'ignore_ament_install'
[0.405s] colcon.colcon_core.package_identification Level 1 _identify(src/traffic_sign_perception) by extensions ['colcon_pkg']
[0.405s] colcon.colcon_core.package_identification Level 1 _identify(src/traffic_sign_perception) by extension 'colcon_pkg'
[0.405s] colcon.colcon_core.package_identification Level 1 _identify(src/traffic_sign_perception) by extensions ['colcon_meta']
[0.405s] colcon.colcon_core.package_identification Level 1 _identify(src/traffic_sign_perception) by extension 'colcon_meta'
[0.405s] colcon.colcon_core.package_identification Level 1 _identify(src/traffic_sign_perception) by extensions ['ros']
[0.405s] colcon.colcon_core.package_identification Level 1 _identify(src/traffic_sign_perception) by extension 'ros'
[0.405s] colcon.colcon_core.package_identification DEBUG Package 'src/traffic_sign_perception' with type 'ros.ament_python' and name 'traffic_sign_perception'
[0.405s] colcon.colcon_core.package_identification Level 1 _identify(src/wit_ros2_imu) by extensions ['ignore', 'ignore_ament_install']
[0.406s] colcon.colcon_core.package_identification Level 1 _identify(src/wit_ros2_imu) by extension 'ignore'
[0.406s] colcon.colcon_core.package_identification Level 1 _identify(src/wit_ros2_imu) by extension 'ignore_ament_install'
[0.406s] colcon.colcon_core.package_identification Level 1 _identify(src/wit_ros2_imu) by extensions ['colcon_pkg']
[0.406s] colcon.colcon_core.package_identification Level 1 _identify(src/wit_ros2_imu) by extension 'colcon_pkg'
[0.406s] colcon.colcon_core.package_identification Level 1 _identify(src/wit_ros2_imu) by extensions ['colcon_meta']
[0.406s] colcon.colcon_core.package_identification Level 1 _identify(src/wit_ros2_imu) by extension 'colcon_meta'
[0.406s] colcon.colcon_core.package_identification Level 1 _identify(src/wit_ros2_imu) by extensions ['ros']
[0.406s] colcon.colcon_core.package_identification Level 1 _identify(src/wit_ros2_imu) by extension 'ros'
[0.407s] colcon.colcon_core.package_identification DEBUG Package 'src/wit_ros2_imu' with type 'ros.ament_python' and name 'wit_ros2_imu'
[0.407s] colcon.colcon_core.package_discovery Level 1 discover_packages(recursive) using defaults
[0.407s] colcon.colcon_core.package_discovery Level 1 discover_packages(ignore) discover
[0.407s] colcon.colcon_core.package_discovery Level 1 discover_packages(ignore) using defaults
[0.407s] colcon.colcon_core.package_discovery Level 1 discover_packages(path) discover
[0.407s] colcon.colcon_core.package_discovery Level 1 discover_packages(path) using defaults
[0.427s] colcon.colcon_core.package_selection INFO Skipping not selected package 'control' in 'src/control'
[0.427s] colcon.colcon_core.package_selection INFO Skipping not selected package 'erp42pro_interface' in 'src/erp42pro_interface'
[0.427s] colcon.colcon_core.package_selection INFO Skipping not selected package 'erp_ros2_bridge' in 'src/erp_ros2_bridge'
[0.427s] colcon.colcon_core.package_selection INFO Skipping not selected package 'kroad_planning_utm_pkg' in 'src/convertcs'
[0.427s] colcon.colcon_core.package_selection INFO Skipping not selected package 'lidar' in 'src/lidar'
[0.427s] colcon.colcon_core.package_selection INFO Skipping not selected package 'local_pkg1' in 'src/local_pkg1'
[0.427s] colcon.colcon_core.package_selection INFO Skipping not selected package 'nmea_navsat_driver' in 'src/nmea_navsat_driver'
[0.427s] colcon.colcon_core.package_selection INFO Skipping not selected package 'planning_pkg_2025' in 'src/planning'
[0.427s] colcon.colcon_core.package_selection INFO Skipping not selected package 'traffic_sign_perception' in 'src/traffic_sign_perception'
[0.427s] colcon.colcon_core.package_selection INFO Skipping not selected package 'wit_ros2_imu' in 'src/wit_ros2_imu'
[0.428s] colcon.colcon_core.package_discovery Level 1 discover_packages(prefix_path) check parameters
[0.428s] colcon.colcon_core.package_discovery Level 1 discover_packages(prefix_path) discover
[0.431s] colcon.colcon_installed_package_information.package_discovery DEBUG Found 29 installed packages in /home/ubuntu/robot_ws/install
[0.432s] colcon.colcon_installed_package_information.package_discovery DEBUG Found 359 installed packages in /opt/ros/humble
[0.434s] colcon.colcon_core.package_discovery Level 1 discover_packages(prefix_path) using defaults
[0.480s] colcon.colcon_core.verb Level 5 set package 'behavior_stack_bringup' build argument 'cmake_args' from command line to 'None'
[0.480s] colcon.colcon_core.verb Level 5 set package 'behavior_stack_bringup' build argument 'cmake_target' from command line to 'None'
[0.481s] colcon.colcon_core.verb Level 5 set package 'behavior_stack_bringup' build argument 'cmake_target_skip_unavailable' from command line to 'False'
[0.481s] colcon.colcon_core.verb Level 5 set package 'behavior_stack_bringup' build argument 'cmake_clean_cache' from command line to 'False'
[0.481s] colcon.colcon_core.verb Level 5 set package 'behavior_stack_bringup' build argument 'cmake_clean_first' from command line to 'False'
[0.481s] colcon.colcon_core.verb Level 5 set package 'behavior_stack_bringup' build argument 'cmake_force_configure' from command line to 'False'
[0.481s] colcon.colcon_core.verb Level 5 set package 'behavior_stack_bringup' build argument 'ament_cmake_args' from command line to 'None'
[0.481s] colcon.colcon_core.verb Level 5 set package 'behavior_stack_bringup' build argument 'catkin_cmake_args' from command line to 'None'
[0.481s] colcon.colcon_core.verb Level 5 set package 'behavior_stack_bringup' build argument 'catkin_skip_building_tests' from command line to 'False'
[0.481s] colcon.colcon_core.verb DEBUG Building package 'behavior_stack_bringup' with the following arguments: {'ament_cmake_args': None, 'build_base': '/home/ubuntu/lhj_behavior_stage/build/behavior_stack_bringup', 'catkin_cmake_args': None, 'catkin_skip_building_tests': False, 'cmake_args': None, 'cmake_clean_cache': False, 'cmake_clean_first': False, 'cmake_force_configure': False, 'cmake_target': None, 'cmake_target_skip_unavailable': False, 'install_base': '/home/ubuntu/lhj_behavior_stage/install/behavior_stack_bringup', 'merge_install': False, 'path': '/home/ubuntu/lhj_behavior_stage/src/behavior_stack_bringup', 'symlink_install': True, 'test_result_base': None}
[0.481s] colcon.colcon_core.executor INFO Executing jobs using 'parallel' executor
[0.482s] colcon.colcon_parallel_executor.executor.parallel DEBUG run_until_complete
[0.482s] colcon.colcon_ros.task.ament_cmake.build INFO Building ROS package in '/home/ubuntu/lhj_behavior_stage/src/behavior_stack_bringup' with build type 'ament_cmake'
[0.482s] colcon.colcon_cmake.task.cmake.build INFO Building CMake package in '/home/ubuntu/lhj_behavior_stage/src/behavior_stack_bringup'
[0.484s] colcon.colcon_core.plugin_system INFO Skipping extension 'colcon_core.shell.bat': Not used on non-Windows systems
[0.484s] colcon.colcon_core.shell INFO Skip shell extension 'powershell' for command environment: Not usable outside of PowerShell
[0.484s] colcon.colcon_core.shell DEBUG Skip shell extension 'dsv' for command environment
[0.503s] colcon.colcon_core.event_handler.log_command DEBUG Invoking command in '/home/ubuntu/lhj_behavior_stage/build/behavior_stack_bringup': AMENT_PREFIX_PATH=/home/ubuntu/lhj_behavior_stage/install/wit_ros2_imu:/home/ubuntu/lhj_behavior_stage/install/traffic_sign_perception:/home/ubuntu/lhj_behavior_stage/install/planning_pkg_2025:/home/ubuntu/lhj_behavior_stage/install/nmea_navsat_driver:/home/ubuntu/lhj_behavior_stage/install/local_pkg1:/home/ubuntu/lhj_behavior_stage/install/lidar:/home/ubuntu/lhj_behavior_stage/install/kroad_planning_utm_pkg:/home/ubuntu/lhj_behavior_stage/install/erp42pro_interface:/home/ubuntu/lhj_behavior_stage/install/control:${AMENT_PREFIX_PATH} CMAKE_PREFIX_PATH=/home/ubuntu/lhj_behavior_stage/install/planning_pkg_2025:/home/ubuntu/lhj_behavior_stage/install/lidar:/home/ubuntu/lhj_behavior_stage/install/kroad_planning_utm_pkg:/home/ubuntu/lhj_behavior_stage/install/control:/home/ubuntu/robot_ws/install/zed_ros2:/home/ubuntu/robot_ws/install/zed_wrapper:/home/ubuntu/robot_ws/install/zed_debug:/home/ubuntu/robot_ws/install/zed_components:/home/ubuntu/robot_ws/install/dsr_realtime_control:/home/ubuntu/robot_ws/install/dsr_mujoco:/home/ubuntu/robot_ws/install/dsr_controller2:/home/ubuntu/robot_ws/install/dsr_msgs2:/home/ubuntu/robot_ws/install/dsr_moveit_config_p3020:/home/ubuntu/robot_ws/install/dsr_moveit_config_m1509:/home/ubuntu/robot_ws/install/dsr_moveit_config_m1013:/home/ubuntu/robot_ws/install/dsr_moveit_config_m0617:/home/ubuntu/robot_ws/install/dsr_moveit_config_m0609:/home/ubuntu/robot_ws/install/dsr_moveit_config_h2515:/home/ubuntu/robot_ws/install/dsr_moveit_config_h2017:/home/ubuntu/robot_ws/install/dsr_moveit_config_e0509:/home/ubuntu/robot_ws/install/dsr_moveit_config_a0912:/home/ubuntu/robot_ws/install/dsr_moveit_config_a0509:/home/ubuntu/robot_ws/install/dsr_hardware2:/home/ubuntu/robot_ws/install/dsr_gazebo2:/home/ubuntu/robot_ws/install/dsr_description2:/home/ubuntu/robot_ws/install/dsr_common2:/home/ubuntu/robot_ws/install/vla_data_collector:/home/ubuntu/robot_ws/install/openvla_doosan_runtime_async:/home/ubuntu/robot_ws/install/openvla_doosan_runtime:/home/ubuntu/robot_ws/install/dsr_visualservoing:/home/ubuntu/robot_ws/install/dsr_tests:/home/ubuntu/robot_ws/install/dsr_bringup2:/home/ubuntu/robot_ws/install/dsr_example:/opt/ros/humble CONDA_PROMPT_MODIFIER=(base) LD_LIBRARY_PATH=/home/ubuntu/lhj_behavior_stage/install/planning_pkg_2025/lib:${LD_LIBRARY_PATH} PYTHONPATH=/home/ubuntu/lhj_behavior_stage/build/wit_ros2_imu:/home/ubuntu/lhj_behavior_stage/install/wit_ros2_imu/lib/python3.10/site-packages:/home/ubuntu/lhj_behavior_stage/build/traffic_sign_perception:/home/ubuntu/lhj_behavior_stage/install/traffic_sign_perception/lib/python3.10/site-packages:/home/ubuntu/lhj_behavior_stage/build/nmea_navsat_driver/src:/home/ubuntu/lhj_behavior_stage/install/nmea_navsat_driver/lib/python3.10/site-packages:/home/ubuntu/lhj_behavior_stage/build/local_pkg1:/home/ubuntu/lhj_behavior_stage/install/local_pkg1/lib/python3.10/site-packages:/home/ubuntu/lhj_behavior_stage/build/erp42pro_interface:/home/ubuntu/lhj_behavior_stage/install/erp42pro_interface/lib/python3.10/site-packages:${PYTHONPATH} /usr/bin/cmake --build /home/ubuntu/lhj_behavior_stage/build/behavior_stack_bringup -- -j20 -l20
[0.539s] colcon.colcon_core.event_handler.log_command DEBUG Invoked command in '/home/ubuntu/lhj_behavior_stage/build/behavior_stack_bringup' returned '0': AMENT_PREFIX_PATH=/home/ubuntu/lhj_behavior_stage/install/wit_ros2_imu:/home/ubuntu/lhj_behavior_stage/install/traffic_sign_perception:/home/ubuntu/lhj_behavior_stage/install/planning_pkg_2025:/home/ubuntu/lhj_behavior_stage/install/nmea_navsat_driver:/home/ubuntu/lhj_behavior_stage/install/local_pkg1:/home/ubuntu/lhj_behavior_stage/install/lidar:/home/ubuntu/lhj_behavior_stage/install/kroad_planning_utm_pkg:/home/ubuntu/lhj_behavior_stage/install/erp42pro_interface:/home/ubuntu/lhj_behavior_stage/install/control:${AMENT_PREFIX_PATH} CMAKE_PREFIX_PATH=/home/ubuntu/lhj_behavior_stage/install/planning_pkg_2025:/home/ubuntu/lhj_behavior_stage/install/lidar:/home/ubuntu/lhj_behavior_stage/install/kroad_planning_utm_pkg:/home/ubuntu/lhj_behavior_stage/install/control:/home/ubuntu/robot_ws/install/zed_ros2:/home/ubuntu/robot_ws/install/zed_wrapper:/home/ubuntu/robot_ws/install/zed_debug:/home/ubuntu/robot_ws/install/zed_components:/home/ubuntu/robot_ws/install/dsr_realtime_control:/home/ubuntu/robot_ws/install/dsr_mujoco:/home/ubuntu/robot_ws/install/dsr_controller2:/home/ubuntu/robot_ws/install/dsr_msgs2:/home/ubuntu/robot_ws/install/dsr_moveit_config_p3020:/home/ubuntu/robot_ws/install/dsr_moveit_config_m1509:/home/ubuntu/robot_ws/install/dsr_moveit_config_m1013:/home/ubuntu/robot_ws/install/dsr_moveit_config_m0617:/home/ubuntu/robot_ws/install/dsr_moveit_config_m0609:/home/ubuntu/robot_ws/install/dsr_moveit_config_h2515:/home/ubuntu/robot_ws/install/dsr_moveit_config_h2017:/home/ubuntu/robot_ws/install/dsr_moveit_config_e0509:/home/ubuntu/robot_ws/install/dsr_moveit_config_a0912:/home/ubuntu/robot_ws/install/dsr_moveit_config_a0509:/home/ubuntu/robot_ws/install/dsr_hardware2:/home/ubuntu/robot_ws/install/dsr_gazebo2:/home/ubuntu/robot_ws/install/dsr_description2:/home/ubuntu/robot_ws/install/dsr_common2:/home/ubuntu/robot_ws/install/vla_data_collector:/home/ubuntu/robot_ws/install/openvla_doosan_runtime_async:/home/ubuntu/robot_ws/install/openvla_doosan_runtime:/home/ubuntu/robot_ws/install/dsr_visualservoing:/home/ubuntu/robot_ws/install/dsr_tests:/home/ubuntu/robot_ws/install/dsr_bringup2:/home/ubuntu/robot_ws/install/dsr_example:/opt/ros/humble CONDA_PROMPT_MODIFIER=(base) LD_LIBRARY_PATH=/home/ubuntu/lhj_behavior_stage/install/planning_pkg_2025/lib:${LD_LIBRARY_PATH} PYTHONPATH=/home/ubuntu/lhj_behavior_stage/build/wit_ros2_imu:/home/ubuntu/lhj_behavior_stage/install/wit_ros2_imu/lib/python3.10/site-packages:/home/ubuntu/lhj_behavior_stage/build/traffic_sign_perception:/home/ubuntu/lhj_behavior_stage/install/traffic_sign_perception/lib/python3.10/site-packages:/home/ubuntu/lhj_behavior_stage/build/nmea_navsat_driver/src:/home/ubuntu/lhj_behavior_stage/install/nmea_navsat_driver/lib/python3.10/site-packages:/home/ubuntu/lhj_behavior_stage/build/local_pkg1:/home/ubuntu/lhj_behavior_stage/install/local_pkg1/lib/python3.10/site-packages:/home/ubuntu/lhj_behavior_stage/build/erp42pro_interface:/home/ubuntu/lhj_behavior_stage/install/erp42pro_interface/lib/python3.10/site-packages:${PYTHONPATH} /usr/bin/cmake --build /home/ubuntu/lhj_behavior_stage/build/behavior_stack_bringup -- -j20 -l20
[0.547s] colcon.colcon_core.event_handler.log_command DEBUG Invoking command in '/home/ubuntu/lhj_behavior_stage/build/behavior_stack_bringup': AMENT_PREFIX_PATH=/home/ubuntu/lhj_behavior_stage/install/wit_ros2_imu:/home/ubuntu/lhj_behavior_stage/install/traffic_sign_perception:/home/ubuntu/lhj_behavior_stage/install/planning_pkg_2025:/home/ubuntu/lhj_behavior_stage/install/nmea_navsat_driver:/home/ubuntu/lhj_behavior_stage/install/local_pkg1:/home/ubuntu/lhj_behavior_stage/install/lidar:/home/ubuntu/lhj_behavior_stage/install/kroad_planning_utm_pkg:/home/ubuntu/lhj_behavior_stage/install/erp42pro_interface:/home/ubuntu/lhj_behavior_stage/install/control:${AMENT_PREFIX_PATH} CMAKE_PREFIX_PATH=/home/ubuntu/lhj_behavior_stage/install/planning_pkg_2025:/home/ubuntu/lhj_behavior_stage/install/lidar:/home/ubuntu/lhj_behavior_stage/install/kroad_planning_utm_pkg:/home/ubuntu/lhj_behavior_stage/install/control:/home/ubuntu/robot_ws/install/zed_ros2:/home/ubuntu/robot_ws/install/zed_wrapper:/home/ubuntu/robot_ws/install/zed_debug:/home/ubuntu/robot_ws/install/zed_components:/home/ubuntu/robot_ws/install/dsr_realtime_control:/home/ubuntu/robot_ws/install/dsr_mujoco:/home/ubuntu/robot_ws/install/dsr_controller2:/home/ubuntu/robot_ws/install/dsr_msgs2:/home/ubuntu/robot_ws/install/dsr_moveit_config_p3020:/home/ubuntu/robot_ws/install/dsr_moveit_config_m1509:/home/ubuntu/robot_ws/install/dsr_moveit_config_m1013:/home/ubuntu/robot_ws/install/dsr_moveit_config_m0617:/home/ubuntu/robot_ws/install/dsr_moveit_config_m0609:/home/ubuntu/robot_ws/install/dsr_moveit_config_h2515:/home/ubuntu/robot_ws/install/dsr_moveit_config_h2017:/home/ubuntu/robot_ws/install/dsr_moveit_config_e0509:/home/ubuntu/robot_ws/install/dsr_moveit_config_a0912:/home/ubuntu/robot_ws/install/dsr_moveit_config_a0509:/home/ubuntu/robot_ws/install/dsr_hardware2:/home/ubuntu/robot_ws/install/dsr_gazebo2:/home/ubuntu/robot_ws/install/dsr_description2:/home/ubuntu/robot_ws/install/dsr_common2:/home/ubuntu/robot_ws/install/vla_data_collector:/home/ubuntu/robot_ws/install/openvla_doosan_runtime_async:/home/ubuntu/robot_ws/install/openvla_doosan_runtime:/home/ubuntu/robot_ws/install/dsr_visualservoing:/home/ubuntu/robot_ws/install/dsr_tests:/home/ubuntu/robot_ws/install/dsr_bringup2:/home/ubuntu/robot_ws/install/dsr_example:/opt/ros/humble CONDA_PROMPT_MODIFIER=(base) LD_LIBRARY_PATH=/home/ubuntu/lhj_behavior_stage/install/planning_pkg_2025/lib:${LD_LIBRARY_PATH} PYTHONPATH=/home/ubuntu/lhj_behavior_stage/build/wit_ros2_imu:/home/ubuntu/lhj_behavior_stage/install/wit_ros2_imu/lib/python3.10/site-packages:/home/ubuntu/lhj_behavior_stage/build/traffic_sign_perception:/home/ubuntu/lhj_behavior_stage/install/traffic_sign_perception/lib/python3.10/site-packages:/home/ubuntu/lhj_behavior_stage/build/nmea_navsat_driver/src:/home/ubuntu/lhj_behavior_stage/install/nmea_navsat_driver/lib/python3.10/site-packages:/home/ubuntu/lhj_behavior_stage/build/local_pkg1:/home/ubuntu/lhj_behavior_stage/install/local_pkg1/lib/python3.10/site-packages:/home/ubuntu/lhj_behavior_stage/build/erp42pro_interface:/home/ubuntu/lhj_behavior_stage/install/erp42pro_interface/lib/python3.10/site-packages:${PYTHONPATH} /usr/bin/cmake --install /home/ubuntu/lhj_behavior_stage/build/behavior_stack_bringup
[0.581s] colcon.colcon_core.environment Level 1 create_environment_scripts_only(behavior_stack_bringup)
[0.582s] colcon.colcon_core.event_handler.log_command DEBUG Invoked command in '/home/ubuntu/lhj_behavior_stage/build/behavior_stack_bringup' returned '0': AMENT_PREFIX_PATH=/home/ubuntu/lhj_behavior_stage/install/wit_ros2_imu:/home/ubuntu/lhj_behavior_stage/install/traffic_sign_perception:/home/ubuntu/lhj_behavior_stage/install/planning_pkg_2025:/home/ubuntu/lhj_behavior_stage/install/nmea_navsat_driver:/home/ubuntu/lhj_behavior_stage/install/local_pkg1:/home/ubuntu/lhj_behavior_stage/install/lidar:/home/ubuntu/lhj_behavior_stage/install/kroad_planning_utm_pkg:/home/ubuntu/lhj_behavior_stage/install/erp42pro_interface:/home/ubuntu/lhj_behavior_stage/install/control:${AMENT_PREFIX_PATH} CMAKE_PREFIX_PATH=/home/ubuntu/lhj_behavior_stage/install/planning_pkg_2025:/home/ubuntu/lhj_behavior_stage/install/lidar:/home/ubuntu/lhj_behavior_stage/install/kroad_planning_utm_pkg:/home/ubuntu/lhj_behavior_stage/install/control:/home/ubuntu/robot_ws/install/zed_ros2:/home/ubuntu/robot_ws/install/zed_wrapper:/home/ubuntu/robot_ws/install/zed_debug:/home/ubuntu/robot_ws/install/zed_components:/home/ubuntu/robot_ws/install/dsr_realtime_control:/home/ubuntu/robot_ws/install/dsr_mujoco:/home/ubuntu/robot_ws/install/dsr_controller2:/home/ubuntu/robot_ws/install/dsr_msgs2:/home/ubuntu/robot_ws/install/dsr_moveit_config_p3020:/home/ubuntu/robot_ws/install/dsr_moveit_config_m1509:/home/ubuntu/robot_ws/install/dsr_moveit_config_m1013:/home/ubuntu/robot_ws/install/dsr_moveit_config_m0617:/home/ubuntu/robot_ws/install/dsr_moveit_config_m0609:/home/ubuntu/robot_ws/install/dsr_moveit_config_h2515:/home/ubuntu/robot_ws/install/dsr_moveit_config_h2017:/home/ubuntu/robot_ws/install/dsr_moveit_config_e0509:/home/ubuntu/robot_ws/install/dsr_moveit_config_a0912:/home/ubuntu/robot_ws/install/dsr_moveit_config_a0509:/home/ubuntu/robot_ws/install/dsr_hardware2:/home/ubuntu/robot_ws/install/dsr_gazebo2:/home/ubuntu/robot_ws/install/dsr_description2:/home/ubuntu/robot_ws/install/dsr_common2:/home/ubuntu/robot_ws/install/vla_data_collector:/home/ubuntu/robot_ws/install/openvla_doosan_runtime_async:/home/ubuntu/robot_ws/install/openvla_doosan_runtime:/home/ubuntu/robot_ws/install/dsr_visualservoing:/home/ubuntu/robot_ws/install/dsr_tests:/home/ubuntu/robot_ws/install/dsr_bringup2:/home/ubuntu/robot_ws/install/dsr_example:/opt/ros/humble CONDA_PROMPT_MODIFIER=(base) LD_LIBRARY_PATH=/home/ubuntu/lhj_behavior_stage/install/planning_pkg_2025/lib:${LD_LIBRARY_PATH} PYTHONPATH=/home/ubuntu/lhj_behavior_stage/build/wit_ros2_imu:/home/ubuntu/lhj_behavior_stage/install/wit_ros2_imu/lib/python3.10/site-packages:/home/ubuntu/lhj_behavior_stage/build/traffic_sign_perception:/home/ubuntu/lhj_behavior_stage/install/traffic_sign_perception/lib/python3.10/site-packages:/home/ubuntu/lhj_behavior_stage/build/nmea_navsat_driver/src:/home/ubuntu/lhj_behavior_stage/install/nmea_navsat_driver/lib/python3.10/site-packages:/home/ubuntu/lhj_behavior_stage/build/local_pkg1:/home/ubuntu/lhj_behavior_stage/install/local_pkg1/lib/python3.10/site-packages:/home/ubuntu/lhj_behavior_stage/build/erp42pro_interface:/home/ubuntu/lhj_behavior_stage/install/erp42pro_interface/lib/python3.10/site-packages:${PYTHONPATH} /usr/bin/cmake --install /home/ubuntu/lhj_behavior_stage/build/behavior_stack_bringup
[0.584s] colcon.colcon_core.environment Level 1 checking '/home/ubuntu/lhj_behavior_stage/install/behavior_stack_bringup' for CMake module files
[0.585s] colcon.colcon_core.environment Level 1 checking '/home/ubuntu/lhj_behavior_stage/install/behavior_stack_bringup' for CMake config files
[0.585s] colcon.colcon_core.shell Level 1 create_environment_hook('behavior_stack_bringup', 'cmake_prefix_path')
[0.586s] colcon.colcon_core.shell INFO Creating environment hook '/home/ubuntu/lhj_behavior_stage/install/behavior_stack_bringup/share/behavior_stack_bringup/hook/cmake_prefix_path.ps1'
[0.586s] colcon.colcon_core.shell INFO Creating environment descriptor '/home/ubuntu/lhj_behavior_stage/install/behavior_stack_bringup/share/behavior_stack_bringup/hook/cmake_prefix_path.dsv'
[0.587s] colcon.colcon_core.shell INFO Creating environment hook '/home/ubuntu/lhj_behavior_stage/install/behavior_stack_bringup/share/behavior_stack_bringup/hook/cmake_prefix_path.sh'
[0.588s] colcon.colcon_core.environment Level 1 checking '/home/ubuntu/lhj_behavior_stage/install/behavior_stack_bringup/lib'
[0.588s] colcon.colcon_core.environment Level 1 checking '/home/ubuntu/lhj_behavior_stage/install/behavior_stack_bringup/bin'
[0.588s] colcon.colcon_core.environment Level 1 checking '/home/ubuntu/lhj_behavior_stage/install/behavior_stack_bringup/lib/pkgconfig/behavior_stack_bringup.pc'
[0.588s] colcon.colcon_core.environment Level 1 checking '/home/ubuntu/lhj_behavior_stage/install/behavior_stack_bringup/lib/python3.10/site-packages'
[0.588s] colcon.colcon_core.environment Level 1 checking '/home/ubuntu/lhj_behavior_stage/install/behavior_stack_bringup/bin'
[0.589s] colcon.colcon_core.shell INFO Creating package script '/home/ubuntu/lhj_behavior_stage/install/behavior_stack_bringup/share/behavior_stack_bringup/package.ps1'
[0.590s] colcon.colcon_core.shell INFO Creating package descriptor '/home/ubuntu/lhj_behavior_stage/install/behavior_stack_bringup/share/behavior_stack_bringup/package.dsv'
[0.590s] colcon.colcon_core.shell INFO Creating package script '/home/ubuntu/lhj_behavior_stage/install/behavior_stack_bringup/share/behavior_stack_bringup/package.sh'
[0.591s] colcon.colcon_core.shell INFO Creating package script '/home/ubuntu/lhj_behavior_stage/install/behavior_stack_bringup/share/behavior_stack_bringup/package.bash'
[0.592s] colcon.colcon_core.shell INFO Creating package script '/home/ubuntu/lhj_behavior_stage/install/behavior_stack_bringup/share/behavior_stack_bringup/package.zsh'
[0.592s] colcon.colcon_core.environment Level 1 create_file_with_runtime_dependencies(/home/ubuntu/lhj_behavior_stage/install/behavior_stack_bringup/share/colcon-core/packages/behavior_stack_bringup)
[0.593s] colcon.colcon_core.environment Level 1 create_environment_scripts_only(behavior_stack_bringup)
[0.593s] colcon.colcon_core.environment Level 1 checking '/home/ubuntu/lhj_behavior_stage/install/behavior_stack_bringup' for CMake module files
[0.593s] colcon.colcon_core.environment Level 1 checking '/home/ubuntu/lhj_behavior_stage/install/behavior_stack_bringup' for CMake config files
[0.594s] colcon.colcon_core.shell Level 1 create_environment_hook('behavior_stack_bringup', 'cmake_prefix_path')
[0.594s] colcon.colcon_core.shell INFO Creating environment hook '/home/ubuntu/lhj_behavior_stage/install/behavior_stack_bringup/share/behavior_stack_bringup/hook/cmake_prefix_path.ps1'
[0.594s] colcon.colcon_core.shell INFO Creating environment descriptor '/home/ubuntu/lhj_behavior_stage/install/behavior_stack_bringup/share/behavior_stack_bringup/hook/cmake_prefix_path.dsv'
[0.595s] colcon.colcon_core.shell INFO Creating environment hook '/home/ubuntu/lhj_behavior_stage/install/behavior_stack_bringup/share/behavior_stack_bringup/hook/cmake_prefix_path.sh'
[0.595s] colcon.colcon_core.environment Level 1 checking '/home/ubuntu/lhj_behavior_stage/install/behavior_stack_bringup/lib'
[0.595s] colcon.colcon_core.environment Level 1 checking '/home/ubuntu/lhj_behavior_stage/install/behavior_stack_bringup/bin'
[0.595s] colcon.colcon_core.environment Level 1 checking '/home/ubuntu/lhj_behavior_stage/install/behavior_stack_bringup/lib/pkgconfig/behavior_stack_bringup.pc'
[0.596s] colcon.colcon_core.environment Level 1 checking '/home/ubuntu/lhj_behavior_stage/install/behavior_stack_bringup/lib/python3.10/site-packages'
[0.596s] colcon.colcon_core.environment Level 1 checking '/home/ubuntu/lhj_behavior_stage/install/behavior_stack_bringup/bin'
[0.596s] colcon.colcon_core.shell INFO Creating package script '/home/ubuntu/lhj_behavior_stage/install/behavior_stack_bringup/share/behavior_stack_bringup/package.ps1'
[0.597s] colcon.colcon_core.shell INFO Creating package descriptor '/home/ubuntu/lhj_behavior_stage/install/behavior_stack_bringup/share/behavior_stack_bringup/package.dsv'
[0.597s] colcon.colcon_core.shell INFO Creating package script '/home/ubuntu/lhj_behavior_stage/install/behavior_stack_bringup/share/behavior_stack_bringup/package.sh'
[0.598s] colcon.colcon_core.shell INFO Creating package script '/home/ubuntu/lhj_behavior_stage/install/behavior_stack_bringup/share/behavior_stack_bringup/package.bash'
[0.598s] colcon.colcon_core.shell INFO Creating package script '/home/ubuntu/lhj_behavior_stage/install/behavior_stack_bringup/share/behavior_stack_bringup/package.zsh'
[0.598s] colcon.colcon_core.environment Level 1 create_file_with_runtime_dependencies(/home/ubuntu/lhj_behavior_stage/install/behavior_stack_bringup/share/colcon-core/packages/behavior_stack_bringup)
[0.599s] colcon.colcon_parallel_executor.executor.parallel DEBUG closing loop
[0.599s] colcon.colcon_parallel_executor.executor.parallel DEBUG loop closed
[0.599s] colcon.colcon_parallel_executor.executor.parallel DEBUG run_until_complete finished with '0'
[0.599s] colcon.colcon_core.event_reactor DEBUG joining thread
[0.604s] colcon.colcon_core.plugin_system INFO Skipping extension 'colcon_notification.desktop_notification.terminal_notifier': Not used on non-Darwin systems
[0.604s] colcon.colcon_core.plugin_system INFO Skipping extension 'colcon_notification.desktop_notification.win32': Not used on non-Windows systems
[0.604s] colcon.colcon_notification.desktop_notification INFO Sending desktop notification using 'notify2'
[0.651s] colcon.colcon_core.event_reactor DEBUG joined thread
[0.652s] colcon.colcon_core.shell INFO Creating prefix script '/home/ubuntu/lhj_behavior_stage/install/local_setup.ps1'
[0.653s] colcon.colcon_core.shell INFO Creating prefix util module '/home/ubuntu/lhj_behavior_stage/install/_local_setup_util_ps1.py'
[0.654s] colcon.colcon_core.shell INFO Creating prefix chain script '/home/ubuntu/lhj_behavior_stage/install/setup.ps1'
[0.657s] colcon.colcon_core.shell INFO Creating prefix script '/home/ubuntu/lhj_behavior_stage/install/local_setup.sh'
[0.657s] colcon.colcon_core.shell INFO Creating prefix util module '/home/ubuntu/lhj_behavior_stage/install/_local_setup_util_sh.py'
[0.658s] colcon.colcon_core.shell INFO Creating prefix chain script '/home/ubuntu/lhj_behavior_stage/install/setup.sh'
[0.660s] colcon.colcon_core.shell INFO Creating prefix script '/home/ubuntu/lhj_behavior_stage/install/local_setup.bash'
[0.660s] colcon.colcon_core.shell INFO Creating prefix chain script '/home/ubuntu/lhj_behavior_stage/install/setup.bash'
[0.663s] colcon.colcon_core.shell INFO Creating prefix script '/home/ubuntu/lhj_behavior_stage/install/local_setup.zsh'
[0.664s] colcon.colcon_core.shell INFO Creating prefix chain script '/home/ubuntu/lhj_behavior_stage/install/setup.zsh'
