Consolidate compiler generated dependencies of target relative_2_UTM
[100%] Built target relative_2_UTM
-- Install configuration: ""
-- Execute custom install script
-- Up-to-date symlink: /home/ubuntu/lhj_behavior_stage/install/kroad_planning_utm_pkg/lib/kroad_planning_utm_pkg/relative_2_UTM
-- Up-to-date symlink: /home/ubuntu/lhj_behavior_stage/install/kroad_planning_utm_pkg/share/ament_index/resource_index/package_run_dependencies/kroad_planning_utm_pkg
-- Up-to-date symlink: /home/ubuntu/lhj_behavior_stage/install/kroad_planning_utm_pkg/share/ament_index/resource_index/parent_prefix_path/kroad_planning_utm_pkg
-- Up-to-date symlink: /home/ubuntu/lhj_behavior_stage/install/kroad_planning_utm_pkg/share/kroad_planning_utm_pkg/environment/ament_prefix_path.sh
-- Up-to-date symlink: /home/ubuntu/lhj_behavior_stage/install/kroad_planning_utm_pkg/share/kroad_planning_utm_pkg/environment/ament_prefix_path.dsv
-- Up-to-date symlink: /home/ubuntu/lhj_behavior_stage/install/kroad_planning_utm_pkg/share/kroad_planning_utm_pkg/environment/path.sh
-- Up-to-date symlink: /home/ubuntu/lhj_behavior_stage/install/kroad_planning_utm_pkg/share/kroad_planning_utm_pkg/environment/path.dsv
-- Up-to-date symlink: /home/ubuntu/lhj_behavior_stage/install/kroad_planning_utm_pkg/share/kroad_planning_utm_pkg/local_setup.bash
-- Up-to-date symlink: /home/ubuntu/lhj_behavior_stage/install/kroad_planning_utm_pkg/share/kroad_planning_utm_pkg/local_setup.sh
-- Up-to-date symlink: /home/ubuntu/lhj_behavior_stage/install/kroad_planning_utm_pkg/share/kroad_planning_utm_pkg/local_setup.zsh
-- Up-to-date symlink: /home/ubuntu/lhj_behavior_stage/install/kroad_planning_utm_pkg/share/kroad_planning_utm_pkg/local_setup.dsv
-- Symlinking: /home/ubuntu/lhj_behavior_stage/install/kroad_planning_utm_pkg/share/kroad_planning_utm_pkg/package.dsv
-- Up-to-date symlink: /home/ubuntu/lhj_behavior_stage/install/kroad_planning_utm_pkg/share/ament_index/resource_index/packages/kroad_planning_utm_pkg
-- Up-to-date symlink: /home/ubuntu/lhj_behavior_stage/install/kroad_planning_utm_pkg/share/kroad_planning_utm_pkg/cmake/kroad_planning_utm_pkgConfig.cmake
-- Up-to-date symlink: /home/ubuntu/lhj_behavior_stage/install/kroad_planning_utm_pkg/share/kroad_planning_utm_pkg/cmake/kroad_planning_utm_pkgConfig-version.cmake
-- Up-to-date symlink: /home/ubuntu/lhj_behavior_stage/install/kroad_planning_utm_pkg/share/kroad_planning_utm_pkg/package.xml
