[0.360s] Invoking command in '/home/ubuntu/lhj_behavior_stage/build/kroad_planning_utm_pkg': CMAKE_PREFIX_PATH=${CMAKE_PREFIX_PATH}:/home/ubuntu/robot_ws/install/vla_data_collector:/home/ubuntu/robot_ws/install/openvla_doosan_runtime_async:/home/ubuntu/robot_ws/install/openvla_doosan_runtime:/home/ubuntu/robot_ws/install/dsr_visualservoing:/home/ubuntu/robot_ws/install/dsr_tests:/home/ubuntu/robot_ws/install/dsr_bringup2:/home/ubuntu/robot_ws/install/dsr_example:/opt/ros/humble CONDA_PROMPT_MODIFIER=(base) /usr/bin/cmake --build /home/ubuntu/lhj_behavior_stage/build/kroad_planning_utm_pkg -- -j20 -l20
[1.955s] Consolidate compiler generated dependencies of target relative_2_UTM
[1.955s] [100%] Built target relative_2_UTM
[1.966s] Invoked command in '/home/ubuntu/lhj_behavior_stage/build/kroad_planning_utm_pkg' returned '0': CMAKE_PREFIX_PATH=${CMAKE_PREFIX_PATH}:/home/ubuntu/robot_ws/install/vla_data_collector:/home/ubuntu/robot_ws/install/openvla_doosan_runtime_async:/home/ubuntu/robot_ws/install/openvla_doosan_runtime:/home/ubuntu/robot_ws/install/dsr_visualservoing:/home/ubuntu/robot_ws/install/dsr_tests:/home/ubuntu/robot_ws/install/dsr_bringup2:/home/ubuntu/robot_ws/install/dsr_example:/opt/ros/humble CONDA_PROMPT_MODIFIER=(base) /usr/bin/cmake --build /home/ubuntu/lhj_behavior_stage/build/kroad_planning_utm_pkg -- -j20 -l20
[1.967s] Invoking command in '/home/ubuntu/lhj_behavior_stage/build/kroad_planning_utm_pkg': CMAKE_PREFIX_PATH=${CMAKE_PREFIX_PATH}:/home/ubuntu/robot_ws/install/vla_data_collector:/home/ubuntu/robot_ws/install/openvla_doosan_runtime_async:/home/ubuntu/robot_ws/install/openvla_doosan_runtime:/home/ubuntu/robot_ws/install/dsr_visualservoing:/home/ubuntu/robot_ws/install/dsr_tests:/home/ubuntu/robot_ws/install/dsr_bringup2:/home/ubuntu/robot_ws/install/dsr_example:/opt/ros/humble CONDA_PROMPT_MODIFIER=(base) /usr/bin/cmake --install /home/ubuntu/lhj_behavior_stage/build/kroad_planning_utm_pkg
[1.988s] -- Install configuration: ""
[1.988s] -- Execute custom install script
[1.988s] -- Up-to-date symlink: /home/ubuntu/lhj_behavior_stage/install/kroad_planning_utm_pkg/lib/kroad_planning_utm_pkg/relative_2_UTM
[1.988s] -- Up-to-date symlink: /home/ubuntu/lhj_behavior_stage/install/kroad_planning_utm_pkg/share/ament_index/resource_index/package_run_dependencies/kroad_planning_utm_pkg
[1.988s] -- Up-to-date symlink: /home/ubuntu/lhj_behavior_stage/install/kroad_planning_utm_pkg/share/ament_index/resource_index/parent_prefix_path/kroad_planning_utm_pkg
[1.988s] -- Up-to-date symlink: /home/ubuntu/lhj_behavior_stage/install/kroad_planning_utm_pkg/share/kroad_planning_utm_pkg/environment/ament_prefix_path.sh
[1.989s] -- Up-to-date symlink: /home/ubuntu/lhj_behavior_stage/install/kroad_planning_utm_pkg/share/kroad_planning_utm_pkg/environment/ament_prefix_path.dsv
[1.989s] -- Up-to-date symlink: /home/ubuntu/lhj_behavior_stage/install/kroad_planning_utm_pkg/share/kroad_planning_utm_pkg/environment/path.sh
[1.989s] -- Up-to-date symlink: /home/ubuntu/lhj_behavior_stage/install/kroad_planning_utm_pkg/share/kroad_planning_utm_pkg/environment/path.dsv
[1.989s] -- Up-to-date symlink: /home/ubuntu/lhj_behavior_stage/install/kroad_planning_utm_pkg/share/kroad_planning_utm_pkg/local_setup.bash
[1.989s] -- Up-to-date symlink: /home/ubuntu/lhj_behavior_stage/install/kroad_planning_utm_pkg/share/kroad_planning_utm_pkg/local_setup.sh
[1.989s] -- Up-to-date symlink: /home/ubuntu/lhj_behavior_stage/install/kroad_planning_utm_pkg/share/kroad_planning_utm_pkg/local_setup.zsh
[1.989s] -- Up-to-date symlink: /home/ubuntu/lhj_behavior_stage/install/kroad_planning_utm_pkg/share/kroad_planning_utm_pkg/local_setup.dsv
[1.989s] -- Symlinking: /home/ubuntu/lhj_behavior_stage/install/kroad_planning_utm_pkg/share/kroad_planning_utm_pkg/package.dsv
[1.993s] -- Up-to-date symlink: /home/ubuntu/lhj_behavior_stage/install/kroad_planning_utm_pkg/share/ament_index/resource_index/packages/kroad_planning_utm_pkg
[1.993s] -- Up-to-date symlink: /home/ubuntu/lhj_behavior_stage/install/kroad_planning_utm_pkg/share/kroad_planning_utm_pkg/cmake/kroad_planning_utm_pkgConfig.cmake
[1.993s] -- Up-to-date symlink: /home/ubuntu/lhj_behavior_stage/install/kroad_planning_utm_pkg/share/kroad_planning_utm_pkg/cmake/kroad_planning_utm_pkgConfig-version.cmake
[1.993s] -- Up-to-date symlink: /home/ubuntu/lhj_behavior_stage/install/kroad_planning_utm_pkg/share/kroad_planning_utm_pkg/package.xml
[1.994s] Invoked command in '/home/ubuntu/lhj_behavior_stage/build/kroad_planning_utm_pkg' returned '0': CMAKE_PREFIX_PATH=${CMAKE_PREFIX_PATH}:/home/ubuntu/robot_ws/install/vla_data_collector:/home/ubuntu/robot_ws/install/openvla_doosan_runtime_async:/home/ubuntu/robot_ws/install/openvla_doosan_runtime:/home/ubuntu/robot_ws/install/dsr_visualservoing:/home/ubuntu/robot_ws/install/dsr_tests:/home/ubuntu/robot_ws/install/dsr_bringup2:/home/ubuntu/robot_ws/install/dsr_example:/opt/ros/humble CONDA_PROMPT_MODIFIER=(base) /usr/bin/cmake --install /home/ubuntu/lhj_behavior_stage/build/kroad_planning_utm_pkg
