running develop
running egg_info
creating erp_ros2_bridge.egg-info
writing erp_ros2_bridge.egg-info/PKG-INFO
writing dependency_links to erp_ros2_bridge.egg-info/dependency_links.txt
writing entry points to erp_ros2_bridge.egg-info/entry_points.txt
writing requirements to erp_ros2_bridge.egg-info/requires.txt
writing top-level names to erp_ros2_bridge.egg-info/top_level.txt
writing manifest file 'erp_ros2_bridge.egg-info/SOURCES.txt'
reading manifest file 'erp_ros2_bridge.egg-info/SOURCES.txt'
writing manifest file 'erp_ros2_bridge.egg-info/SOURCES.txt'
running build_ext
Creating /home/ubuntu/lhj_behavior_stage/install/erp_ros2_bridge/lib/python3.10/site-packages/erp-ros2-bridge.egg-link (link to .)
Installing erp_ros2_bridge script to /home/ubuntu/lhj_behavior_stage/install/erp_ros2_bridge/lib/erp_ros2_bridge

Installed /home/ubuntu/lhj_behavior_stage/build/erp_ros2_bridge
running symlink_data
creating /home/ubuntu/lhj_behavior_stage/install/erp_ros2_bridge/share/ament_index
creating /home/ubuntu/lhj_behavior_stage/install/erp_ros2_bridge/share/ament_index/resource_index
creating /home/ubuntu/lhj_behavior_stage/install/erp_ros2_bridge/share/ament_index/resource_index/packages
symbolically linking /home/ubuntu/lhj_behavior_stage/build/erp_ros2_bridge/resource/erp_ros2_bridge -> /home/ubuntu/lhj_behavior_stage/install/erp_ros2_bridge/share/ament_index/resource_index/packages
symbolically linking /home/ubuntu/lhj_behavior_stage/build/erp_ros2_bridge/package.xml -> /home/ubuntu/lhj_behavior_stage/install/erp_ros2_bridge/share/erp_ros2_bridge
