[2.578s] Invoking command in '/home/ubuntu/lhj_behavior_stage/build/erp_ros2_bridge': CONDA_PROMPT_MODIFIER=(base) PYTHONPATH=/home/ubuntu/lhj_behavior_stage/build/erp_ros2_bridge/prefix_override:/usr/lib/python3/dist-packages/colcon_core/task/python/colcon_distutils_commands:/home/ubuntu/lhj_behavior_stage/install/erp_ros2_bridge/lib/python3.10/site-packages:${PYTHONPATH} /usr/bin/python3 -W ignore:setup.py install is deprecated -W ignore:easy_install command is deprecated setup.py develop --editable --build-directory /home/ubuntu/lhj_behavior_stage/build/erp_ros2_bridge/build --no-deps symlink_data
[3.123s] running develop
[3.522s] running egg_info
[3.522s] creating erp_ros2_bridge.egg-info
[3.523s] writing erp_ros2_bridge.egg-info/PKG-INFO
[3.523s] writing dependency_links to erp_ros2_bridge.egg-info/dependency_links.txt
[3.523s] writing entry points to erp_ros2_bridge.egg-info/entry_points.txt
[3.523s] writing requirements to erp_ros2_bridge.egg-info/requires.txt
[3.523s] writing top-level names to erp_ros2_bridge.egg-info/top_level.txt
[3.524s] writing manifest file 'erp_ros2_bridge.egg-info/SOURCES.txt'
[3.533s] reading manifest file 'erp_ros2_bridge.egg-info/SOURCES.txt'
[3.534s] writing manifest file 'erp_ros2_bridge.egg-info/SOURCES.txt'
[3.625s] running build_ext
[3.641s] Creating /home/ubuntu/lhj_behavior_stage/install/erp_ros2_bridge/lib/python3.10/site-packages/erp-ros2-bridge.egg-link (link to .)
[3.641s] Installing erp_ros2_bridge script to /home/ubuntu/lhj_behavior_stage/install/erp_ros2_bridge/lib/erp_ros2_bridge
[3.641s] 
[3.641s] Installed /home/ubuntu/lhj_behavior_stage/build/erp_ros2_bridge
[3.641s] running symlink_data
[3.641s] creating /home/ubuntu/lhj_behavior_stage/install/erp_ros2_bridge/share/ament_index
[3.642s] creating /home/ubuntu/lhj_behavior_stage/install/erp_ros2_bridge/share/ament_index/resource_index
[3.642s] creating /home/ubuntu/lhj_behavior_stage/install/erp_ros2_bridge/share/ament_index/resource_index/packages
[3.642s] symbolically linking /home/ubuntu/lhj_behavior_stage/build/erp_ros2_bridge/resource/erp_ros2_bridge -> /home/ubuntu/lhj_behavior_stage/install/erp_ros2_bridge/share/ament_index/resource_index/packages
[3.642s] symbolically linking /home/ubuntu/lhj_behavior_stage/build/erp_ros2_bridge/package.xml -> /home/ubuntu/lhj_behavior_stage/install/erp_ros2_bridge/share/erp_ros2_bridge
[3.740s] Invoked command in '/home/ubuntu/lhj_behavior_stage/build/erp_ros2_bridge' returned '0': CONDA_PROMPT_MODIFIER=(base) PYTHONPATH=/home/ubuntu/lhj_behavior_stage/build/erp_ros2_bridge/prefix_override:/usr/lib/python3/dist-packages/colcon_core/task/python/colcon_distutils_commands:/home/ubuntu/lhj_behavior_stage/install/erp_ros2_bridge/lib/python3.10/site-packages:${PYTHONPATH} /usr/bin/python3 -W ignore:setup.py install is deprecated -W ignore:easy_install command is deprecated setup.py develop --editable --build-directory /home/ubuntu/lhj_behavior_stage/build/erp_ros2_bridge/build --no-deps symlink_data
