The MPI test test_mpi for C in mode normal failed to compile with the following output:
Change Dir: /home/ubuntu/lhj_behavior_stage/build/lidar/CMakeFiles/CMakeTmp

Run Build Command(s):/usr/bin/gmake -f Makefile cmTC_0d16f/fast && /usr/bin/gmake  -f CMakeFiles/cmTC_0d16f.dir/build.make CMakeFiles/cmTC_0d16f.dir/build
gmake[1]: Entering directory '/home/ubuntu/lhj_behavior_stage/build/lidar/CMakeFiles/CMakeTmp'
Building C object CMakeFiles/cmTC_0d16f.dir/test_mpi.c.o
/usr/bin/cc  -isystem /usr/lib/x86_64-linux-gnu/openmpi/include/openmpi -std=gnu99 -o CMakeFiles/cmTC_0d16f.dir/test_mpi.c.o -c /usr/share/cmake-3.22/Modules/FindMPI/test_mpi.c
/usr/share/cmake-3.22/Modules/FindMPI/test_mpi.c:1:10: fatal error: mpi.h: No such file or directory
    1 | #include <mpi.h>
      |          ^~~~~~~
compilation terminated.
gmake[1]: *** [CMakeFiles/cmTC_0d16f.dir/build.make:78: CMakeFiles/cmTC_0d16f.dir/test_mpi.c.o] Error 1
gmake[1]: Leaving directory '/home/ubuntu/lhj_behavior_stage/build/lidar/CMakeFiles/CMakeTmp'
gmake: *** [Makefile:127: cmTC_0d16f/fast] Error 2



The MPI test test_mpi for C in mode normal failed to compile with the following output:
Change Dir: /home/ubuntu/lhj_behavior_stage/build/lidar/CMakeFiles/CMakeTmp

Run Build Command(s):/usr/bin/gmake -f Makefile cmTC_6f433/fast && /usr/bin/gmake  -f CMakeFiles/cmTC_6f433.dir/build.make CMakeFiles/cmTC_6f433.dir/build
gmake[1]: Entering directory '/home/ubuntu/lhj_behavior_stage/build/lidar/CMakeFiles/CMakeTmp'
Building C object CMakeFiles/cmTC_6f433.dir/test_mpi.c.o
/usr/bin/cc  -isystem /usr/lib/x86_64-linux-gnu/openmpi/include/openmpi -std=gnu99 -o CMakeFiles/cmTC_6f433.dir/test_mpi.c.o -c /usr/share/cmake-3.22/Modules/FindMPI/test_mpi.c
/usr/share/cmake-3.22/Modules/FindMPI/test_mpi.c:1:10: fatal error: mpi.h: No such file or directory
    1 | #include <mpi.h>
      |          ^~~~~~~
compilation terminated.
gmake[1]: *** [CMakeFiles/cmTC_6f433.dir/build.make:78: CMakeFiles/cmTC_6f433.dir/test_mpi.c.o] Error 1
gmake[1]: Leaving directory '/home/ubuntu/lhj_behavior_stage/build/lidar/CMakeFiles/CMakeTmp'
gmake: *** [Makefile:127: cmTC_6f433/fast] Error 2



The MPI test test_mpi for C in mode normal failed to compile with the following output:
Change Dir: /home/ubuntu/lhj_behavior_stage/build/lidar/CMakeFiles/CMakeTmp

Run Build Command(s):/usr/bin/gmake -f Makefile cmTC_8a8b4/fast && /usr/bin/gmake  -f CMakeFiles/cmTC_8a8b4.dir/build.make CMakeFiles/cmTC_8a8b4.dir/build
gmake[1]: Entering directory '/home/ubuntu/lhj_behavior_stage/build/lidar/CMakeFiles/CMakeTmp'
Building C object CMakeFiles/cmTC_8a8b4.dir/test_mpi.c.o
/usr/bin/cc  -isystem /usr/lib/x86_64-linux-gnu/openmpi/include/openmpi -std=gnu99 -o CMakeFiles/cmTC_8a8b4.dir/test_mpi.c.o -c /usr/share/cmake-3.22/Modules/FindMPI/test_mpi.c
/usr/share/cmake-3.22/Modules/FindMPI/test_mpi.c:1:10: fatal error: mpi.h: No such file or directory
    1 | #include <mpi.h>
      |          ^~~~~~~
compilation terminated.
gmake[1]: *** [CMakeFiles/cmTC_8a8b4.dir/build.make:78: CMakeFiles/cmTC_8a8b4.dir/test_mpi.c.o] Error 1
gmake[1]: Leaving directory '/home/ubuntu/lhj_behavior_stage/build/lidar/CMakeFiles/CMakeTmp'
gmake: *** [Makefile:127: cmTC_8a8b4/fast] Error 2



The MPI test test_mpi for C in mode normal failed to compile with the following output:
Change Dir: /home/ubuntu/lhj_behavior_stage/build/lidar/CMakeFiles/CMakeTmp

Run Build Command(s):/usr/bin/gmake -f Makefile cmTC_dc932/fast && /usr/bin/gmake  -f CMakeFiles/cmTC_dc932.dir/build.make CMakeFiles/cmTC_dc932.dir/build
gmake[1]: Entering directory '/home/ubuntu/lhj_behavior_stage/build/lidar/CMakeFiles/CMakeTmp'
Building C object CMakeFiles/cmTC_dc932.dir/test_mpi.c.o
/usr/bin/cc  -isystem /usr/lib/x86_64-linux-gnu/openmpi/include/openmpi -std=gnu99 -o CMakeFiles/cmTC_dc932.dir/test_mpi.c.o -c /usr/share/cmake-3.22/Modules/FindMPI/test_mpi.c
/usr/share/cmake-3.22/Modules/FindMPI/test_mpi.c:1:10: fatal error: mpi.h: No such file or directory
    1 | #include <mpi.h>
      |          ^~~~~~~
compilation terminated.
gmake[1]: *** [CMakeFiles/cmTC_dc932.dir/build.make:78: CMakeFiles/cmTC_dc932.dir/test_mpi.c.o] Error 1
gmake[1]: Leaving directory '/home/ubuntu/lhj_behavior_stage/build/lidar/CMakeFiles/CMakeTmp'
gmake: *** [Makefile:127: cmTC_dc932/fast] Error 2



The MPI test test_mpi for C in mode normal failed to compile with the following output:
Change Dir: /home/ubuntu/lhj_behavior_stage/build/lidar/CMakeFiles/CMakeTmp

Run Build Command(s):/usr/bin/gmake -f Makefile cmTC_0d687/fast && /usr/bin/gmake  -f CMakeFiles/cmTC_0d687.dir/build.make CMakeFiles/cmTC_0d687.dir/build
gmake[1]: Entering directory '/home/ubuntu/lhj_behavior_stage/build/lidar/CMakeFiles/CMakeTmp'
Building C object CMakeFiles/cmTC_0d687.dir/test_mpi.c.o
/usr/bin/cc  -isystem /usr/lib/x86_64-linux-gnu/openmpi/include/openmpi -std=gnu99 -o CMakeFiles/cmTC_0d687.dir/test_mpi.c.o -c /usr/share/cmake-3.22/Modules/FindMPI/test_mpi.c
/usr/share/cmake-3.22/Modules/FindMPI/test_mpi.c:1:10: fatal error: mpi.h: No such file or directory
    1 | #include <mpi.h>
      |          ^~~~~~~
compilation terminated.
gmake[1]: *** [CMakeFiles/cmTC_0d687.dir/build.make:78: CMakeFiles/cmTC_0d687.dir/test_mpi.c.o] Error 1
gmake[1]: Leaving directory '/home/ubuntu/lhj_behavior_stage/build/lidar/CMakeFiles/CMakeTmp'
gmake: *** [Makefile:127: cmTC_0d687/fast] Error 2



