-- Install configuration: ""
-- Execute custom install script
-- Up-to-date symlink: /home/ubuntu/lhj_behavior_stage/install/behavior_stack_bringup/share/behavior_stack_bringup/launch/behavior_stack.launch.py
-- Up-to-date symlink: /home/ubuntu/lhj_behavior_stage/install/behavior_stack_bringup/share/behavior_stack_bringup/launch/control.launch.py
-- Up-to-date symlink: /home/ubuntu/lhj_behavior_stage/install/behavior_stack_bringup/share/behavior_stack_bringup/launch/localization.launch.py
-- Up-to-date symlink: /home/ubuntu/lhj_behavior_stage/install/behavior_stack_bringup/share/behavior_stack_bringup/launch/mock_perception.launch.py
-- Up-to-date symlink: /home/ubuntu/lhj_behavior_stage/install/behavior_stack_bringup/share/behavior_stack_bringup/launch/mock_visualization.launch.py
-- Up-to-date symlink: /home/ubuntu/lhj_behavior_stage/install/behavior_stack_bringup/share/behavior_stack_bringup/launch/perception.launch.py
-- Up-to-date symlink: /home/ubuntu/lhj_behavior_stage/install/behavior_stack_bringup/share/behavior_stack_bringup/launch/planning.launch.py
-- Up-to-date symlink: /home/ubuntu/lhj_behavior_stage/install/behavior_stack_bringup/share/behavior_stack_bringup/launch/sensors.launch.py
-- Up-to-date symlink: /home/ubuntu/lhj_behavior_stage/install/behavior_stack_bringup/share/behavior_stack_bringup/launch/vehicle_interface.launch.py
-- Up-to-date symlink: /home/ubuntu/lhj_behavior_stage/install/behavior_stack_bringup/share/behavior_stack_bringup/launch/visualization.launch.py
-- Up-to-date symlink: /home/ubuntu/lhj_behavior_stage/install/behavior_stack_bringup/share/behavior_stack_bringup/config/behavior_debug.rviz
-- Up-to-date symlink: /home/ubuntu/lhj_behavior_stage/install/behavior_stack_bringup/share/behavior_stack_bringup/config/mock_planning.yaml
-- Up-to-date symlink: /home/ubuntu/lhj_behavior_stage/install/behavior_stack_bringup/lib/behavior_stack_bringup/planning_test_scenarios.py
-- Up-to-date symlink: /home/ubuntu/lhj_behavior_stage/install/behavior_stack_bringup/share/ament_index/resource_index/package_run_dependencies/behavior_stack_bringup
-- Up-to-date symlink: /home/ubuntu/lhj_behavior_stage/install/behavior_stack_bringup/share/ament_index/resource_index/parent_prefix_path/behavior_stack_bringup
-- Up-to-date symlink: /home/ubuntu/lhj_behavior_stage/install/behavior_stack_bringup/share/behavior_stack_bringup/environment/ament_prefix_path.sh
-- Up-to-date symlink: /home/ubuntu/lhj_behavior_stage/install/behavior_stack_bringup/share/behavior_stack_bringup/environment/ament_prefix_path.dsv
-- Up-to-date symlink: /home/ubuntu/lhj_behavior_stage/install/behavior_stack_bringup/share/behavior_stack_bringup/environment/path.sh
-- Up-to-date symlink: /home/ubuntu/lhj_behavior_stage/install/behavior_stack_bringup/share/behavior_stack_bringup/environment/path.dsv
-- Up-to-date symlink: /home/ubuntu/lhj_behavior_stage/install/behavior_stack_bringup/share/behavior_stack_bringup/local_setup.bash
-- Up-to-date symlink: /home/ubuntu/lhj_behavior_stage/install/behavior_stack_bringup/share/behavior_stack_bringup/local_setup.sh
-- Up-to-date symlink: /home/ubuntu/lhj_behavior_stage/install/behavior_stack_bringup/share/behavior_stack_bringup/local_setup.zsh
-- Up-to-date symlink: /home/ubuntu/lhj_behavior_stage/install/behavior_stack_bringup/share/behavior_stack_bringup/local_setup.dsv
-- Symlinking: /home/ubuntu/lhj_behavior_stage/install/behavior_stack_bringup/share/behavior_stack_bringup/package.dsv
-- Up-to-date symlink: /home/ubuntu/lhj_behavior_stage/install/behavior_stack_bringup/share/ament_index/resource_index/packages/behavior_stack_bringup
-- Up-to-date symlink: /home/ubuntu/lhj_behavior_stage/install/behavior_stack_bringup/share/behavior_stack_bringup/cmake/behavior_stack_bringupConfig.cmake
-- Up-to-date symlink: /home/ubuntu/lhj_behavior_stage/install/behavior_stack_bringup/share/behavior_stack_bringup/cmake/behavior_stack_bringupConfig-version.cmake
-- Up-to-date symlink: /home/ubuntu/lhj_behavior_stage/install/behavior_stack_bringup/share/behavior_stack_bringup/package.xml
-- Up-to-date: /home/ubuntu/lhj_behavior_stage/install/behavior_stack_bringup/lib/behavior_stack_bringup/debug_visualizer_node
-- Installing: /home/ubuntu/lhj_behavior_stage/install/behavior_stack_bringup/lib/behavior_stack_bringup/mock_debug_input_node
-- Up-to-date: /home/ubuntu/lhj_behavior_stage/install/behavior_stack_bringup/lib/behavior_stack_bringup/mock_camera_node
