[0.351s] Invoking command in '/home/ubuntu/lhj_behavior_stage/build/kroad_planning_utm_pkg': CMAKE_PREFIX_PATH=${CMAKE_PREFIX_PATH}:/home/ubuntu/robot_ws/install/vla_data_collector:/home/ubuntu/robot_ws/install/openvla_doosan_runtime_async:/home/ubuntu/robot_ws/install/openvla_doosan_runtime:/home/ubuntu/robot_ws/install/dsr_visualservoing:/home/ubuntu/robot_ws/install/dsr_tests:/home/ubuntu/robot_ws/install/dsr_bringup2:/home/ubuntu/robot_ws/install/dsr_example:/opt/ros/humble CONDA_PROMPT_MODIFIER=(base) /usr/bin/cmake /home/ubuntu/lhj_behavior_stage/src/convertcs -DAMENT_CMAKE_SYMLINK_INSTALL=1 -DCMAKE_INSTALL_PREFIX=/home/ubuntu/lhj_behavior_stage/install/kroad_planning_utm_pkg
[1.926s] -- The C compiler identification is GNU 11.4.0
[1.926s] -- The CXX compiler identification is GNU 11.4.0
[1.926s] -- Detecting C compiler ABI info
[1.926s] -- Detecting C compiler ABI info - done
[1.927s] -- Check for working C compiler: /usr/bin/cc - skipped
[1.927s] -- Detecting C compile features
[1.927s] -- Detecting C compile features - done
[1.927s] -- Detecting CXX compiler ABI info
[1.927s] -- Detecting CXX compiler ABI info - done
[1.928s] -- Check for working CXX compiler: /usr/bin/c++ - skipped
[1.928s] -- Detecting CXX compile features
[1.928s] -- Detecting CXX compile features - done
[1.928s] -- Found ament_cmake: 1.3.14 (/opt/ros/humble/share/ament_cmake/cmake)
[1.928s] -- Found Python3: /usr/bin/python3 (found version "3.10.12") found components: Interpreter 
[1.928s] -- Override CMake install command with custom implementation using symlinks instead of copying resources
[1.928s] -- Found rclcpp: 16.0.19 (/opt/ros/humble/share/rclcpp/cmake)
[1.928s] -- Found rosidl_generator_c: 3.1.8 (/opt/ros/humble/share/rosidl_generator_c/cmake)
[1.928s] -- Found rosidl_adapter: 3.1.8 (/opt/ros/humble/share/rosidl_adapter/cmake)
[1.928s] -- Found rosidl_generator_cpp: 3.1.8 (/opt/ros/humble/share/rosidl_generator_cpp/cmake)
[1.928s] -- Using all available rosidl_typesupport_c: rosidl_typesupport_fastrtps_c;rosidl_typesupport_introspection_c
[1.928s] -- Using all available rosidl_typesupport_cpp: rosidl_typesupport_fastrtps_cpp;rosidl_typesupport_introspection_cpp
[1.928s] -- Found rmw_implementation_cmake: 6.1.2 (/opt/ros/humble/share/rmw_implementation_cmake/cmake)
[1.928s] -- Found rmw_fastrtps_cpp: 6.2.10 (/opt/ros/humble/share/rmw_fastrtps_cpp/cmake)
[1.928s] -- Found OpenSSL: /usr/lib/x86_64-linux-gnu/libcrypto.so (found version "3.0.2")  
[1.928s] -- Found FastRTPS: /opt/ros/humble/include  
[1.928s] -- Using RMW implementation 'rmw_fastrtps_cpp' as default
[1.928s] -- Looking for pthread.h
[1.929s] -- Looking for pthread.h - found
[1.929s] -- Performing Test CMAKE_HAVE_LIBC_PTHREAD
[1.929s] -- Performing Test CMAKE_HAVE_LIBC_PTHREAD - Success
[1.929s] -- Found Threads: TRUE  
[1.929s] -- Found geometry_msgs: 4.9.1 (/opt/ros/humble/share/geometry_msgs/cmake)
[1.929s] -- Found ament_lint_auto: 0.12.15 (/opt/ros/humble/share/ament_lint_auto/cmake)
[1.929s] -- Added test 'copyright' to check source files copyright and LICENSE
[1.930s] -- Added test 'cppcheck' to perform static code analysis on C / C++ code
[1.930s] -- Configured cppcheck include dirs: /home/ubuntu/lhj_behavior_stage/src/convertcs/include
[1.930s] -- Configured cppcheck exclude dirs and/or files: 
[1.930s] -- Added test 'cpplint' to check C / C++ code against the Google style
[1.930s] -- Configured cpplint exclude dirs and/or files: 
[1.930s] -- Added test 'lint_cmake' to check CMake code style
[1.930s] -- Added test 'uncrustify' to check C / C++ code style
[1.930s] -- Configured uncrustify additional arguments: 
[1.930s] -- Added test 'xmllint' to check XML markup files
[1.930s] -- Configuring done
[1.930s] -- Generating done
[1.930s] -- Build files have been written to: /home/ubuntu/lhj_behavior_stage/build/kroad_planning_utm_pkg
[1.939s] Invoked command in '/home/ubuntu/lhj_behavior_stage/build/kroad_planning_utm_pkg' returned '0': CMAKE_PREFIX_PATH=${CMAKE_PREFIX_PATH}:/home/ubuntu/robot_ws/install/vla_data_collector:/home/ubuntu/robot_ws/install/openvla_doosan_runtime_async:/home/ubuntu/robot_ws/install/openvla_doosan_runtime:/home/ubuntu/robot_ws/install/dsr_visualservoing:/home/ubuntu/robot_ws/install/dsr_tests:/home/ubuntu/robot_ws/install/dsr_bringup2:/home/ubuntu/robot_ws/install/dsr_example:/opt/ros/humble CONDA_PROMPT_MODIFIER=(base) /usr/bin/cmake /home/ubuntu/lhj_behavior_stage/src/convertcs -DAMENT_CMAKE_SYMLINK_INSTALL=1 -DCMAKE_INSTALL_PREFIX=/home/ubuntu/lhj_behavior_stage/install/kroad_planning_utm_pkg
[1.939s] Invoking command in '/home/ubuntu/lhj_behavior_stage/build/kroad_planning_utm_pkg': CMAKE_PREFIX_PATH=${CMAKE_PREFIX_PATH}:/home/ubuntu/robot_ws/install/vla_data_collector:/home/ubuntu/robot_ws/install/openvla_doosan_runtime_async:/home/ubuntu/robot_ws/install/openvla_doosan_runtime:/home/ubuntu/robot_ws/install/dsr_visualservoing:/home/ubuntu/robot_ws/install/dsr_tests:/home/ubuntu/robot_ws/install/dsr_bringup2:/home/ubuntu/robot_ws/install/dsr_example:/opt/ros/humble CONDA_PROMPT_MODIFIER=(base) /usr/bin/cmake --build /home/ubuntu/lhj_behavior_stage/build/kroad_planning_utm_pkg -- -j20 -l20
[1.978s] [ 50%] Building CXX object CMakeFiles/relative_2_UTM.dir/src/relative_2_UTM.cpp.o
[18.433s] [100%] Linking CXX executable relative_2_UTM
[19.338s] [100%] Built target relative_2_UTM
[19.349s] Invoked command in '/home/ubuntu/lhj_behavior_stage/build/kroad_planning_utm_pkg' returned '0': CMAKE_PREFIX_PATH=${CMAKE_PREFIX_PATH}:/home/ubuntu/robot_ws/install/vla_data_collector:/home/ubuntu/robot_ws/install/openvla_doosan_runtime_async:/home/ubuntu/robot_ws/install/openvla_doosan_runtime:/home/ubuntu/robot_ws/install/dsr_visualservoing:/home/ubuntu/robot_ws/install/dsr_tests:/home/ubuntu/robot_ws/install/dsr_bringup2:/home/ubuntu/robot_ws/install/dsr_example:/opt/ros/humble CONDA_PROMPT_MODIFIER=(base) /usr/bin/cmake --build /home/ubuntu/lhj_behavior_stage/build/kroad_planning_utm_pkg -- -j20 -l20
[19.358s] Invoking command in '/home/ubuntu/lhj_behavior_stage/build/kroad_planning_utm_pkg': CMAKE_PREFIX_PATH=${CMAKE_PREFIX_PATH}:/home/ubuntu/robot_ws/install/vla_data_collector:/home/ubuntu/robot_ws/install/openvla_doosan_runtime_async:/home/ubuntu/robot_ws/install/openvla_doosan_runtime:/home/ubuntu/robot_ws/install/dsr_visualservoing:/home/ubuntu/robot_ws/install/dsr_tests:/home/ubuntu/robot_ws/install/dsr_bringup2:/home/ubuntu/robot_ws/install/dsr_example:/opt/ros/humble CONDA_PROMPT_MODIFIER=(base) /usr/bin/cmake --install /home/ubuntu/lhj_behavior_stage/build/kroad_planning_utm_pkg
[19.368s] -- Install configuration: ""
[19.369s] -- Execute custom install script
[19.369s] -- Symlinking: /home/ubuntu/lhj_behavior_stage/install/kroad_planning_utm_pkg/lib/kroad_planning_utm_pkg/relative_2_UTM
[19.382s] -- Symlinking: /home/ubuntu/lhj_behavior_stage/install/kroad_planning_utm_pkg/share/ament_index/resource_index/package_run_dependencies/kroad_planning_utm_pkg
[19.393s] -- Symlinking: /home/ubuntu/lhj_behavior_stage/install/kroad_planning_utm_pkg/share/ament_index/resource_index/parent_prefix_path/kroad_planning_utm_pkg
[19.403s] -- Symlinking: /home/ubuntu/lhj_behavior_stage/install/kroad_planning_utm_pkg/share/kroad_planning_utm_pkg/environment/ament_prefix_path.sh
[19.411s] -- Symlinking: /home/ubuntu/lhj_behavior_stage/install/kroad_planning_utm_pkg/share/kroad_planning_utm_pkg/environment/ament_prefix_path.dsv
[19.419s] -- Symlinking: /home/ubuntu/lhj_behavior_stage/install/kroad_planning_utm_pkg/share/kroad_planning_utm_pkg/environment/path.sh
[19.427s] -- Symlinking: /home/ubuntu/lhj_behavior_stage/install/kroad_planning_utm_pkg/share/kroad_planning_utm_pkg/environment/path.dsv
[19.436s] -- Symlinking: /home/ubuntu/lhj_behavior_stage/install/kroad_planning_utm_pkg/share/kroad_planning_utm_pkg/local_setup.bash
[19.444s] -- Symlinking: /home/ubuntu/lhj_behavior_stage/install/kroad_planning_utm_pkg/share/kroad_planning_utm_pkg/local_setup.sh
[19.454s] -- Symlinking: /home/ubuntu/lhj_behavior_stage/install/kroad_planning_utm_pkg/share/kroad_planning_utm_pkg/local_setup.zsh
[19.462s] -- Symlinking: /home/ubuntu/lhj_behavior_stage/install/kroad_planning_utm_pkg/share/kroad_planning_utm_pkg/local_setup.dsv
[19.470s] -- Symlinking: /home/ubuntu/lhj_behavior_stage/install/kroad_planning_utm_pkg/share/kroad_planning_utm_pkg/package.dsv
[19.479s] -- Symlinking: /home/ubuntu/lhj_behavior_stage/install/kroad_planning_utm_pkg/share/ament_index/resource_index/packages/kroad_planning_utm_pkg
[19.490s] -- Symlinking: /home/ubuntu/lhj_behavior_stage/install/kroad_planning_utm_pkg/share/kroad_planning_utm_pkg/cmake/kroad_planning_utm_pkgConfig.cmake
[19.503s] -- Symlinking: /home/ubuntu/lhj_behavior_stage/install/kroad_planning_utm_pkg/share/kroad_planning_utm_pkg/cmake/kroad_planning_utm_pkgConfig-version.cmake
[19.515s] -- Symlinking: /home/ubuntu/lhj_behavior_stage/install/kroad_planning_utm_pkg/share/kroad_planning_utm_pkg/package.xml
[21.351s] Invoked command in '/home/ubuntu/lhj_behavior_stage/build/kroad_planning_utm_pkg' returned '0': CMAKE_PREFIX_PATH=${CMAKE_PREFIX_PATH}:/home/ubuntu/robot_ws/install/vla_data_collector:/home/ubuntu/robot_ws/install/openvla_doosan_runtime_async:/home/ubuntu/robot_ws/install/openvla_doosan_runtime:/home/ubuntu/robot_ws/install/dsr_visualservoing:/home/ubuntu/robot_ws/install/dsr_tests:/home/ubuntu/robot_ws/install/dsr_bringup2:/home/ubuntu/robot_ws/install/dsr_example:/opt/ros/humble CONDA_PROMPT_MODIFIER=(base) /usr/bin/cmake --install /home/ubuntu/lhj_behavior_stage/build/kroad_planning_utm_pkg
