Consolidate compiler generated dependencies of target car_control
[100%] Built target car_control
-- Install configuration: ""
-- Execute custom install script
-- Up-to-date symlink: /home/ubuntu/lhj_behavior_stage/install/control/lib/control//car_control
-- Up-to-date symlink: /home/ubuntu/lhj_behavior_stage/install/control/share/control/config/A.json
-- Up-to-date symlink: /home/ubuntu/lhj_behavior_stage/install/control/share/control/config/B.json
-- Up-to-date symlink: /home/ubuntu/lhj_behavior_stage/install/control/share/control/config/B_wynz.json
-- Up-to-date symlink: /home/ubuntu/lhj_behavior_stage/install/control/share/ament_index/resource_index/package_run_dependencies/control
-- Up-to-date symlink: /home/ubuntu/lhj_behavior_stage/install/control/share/ament_index/resource_index/parent_prefix_path/control
-- Up-to-date symlink: /home/ubuntu/lhj_behavior_stage/install/control/share/control/environment/ament_prefix_path.sh
-- Up-to-date symlink: /home/ubuntu/lhj_behavior_stage/install/control/share/control/environment/ament_prefix_path.dsv
-- Up-to-date symlink: /home/ubuntu/lhj_behavior_stage/install/control/share/control/environment/path.sh
-- Up-to-date symlink: /home/ubuntu/lhj_behavior_stage/install/control/share/control/environment/path.dsv
-- Up-to-date symlink: /home/ubuntu/lhj_behavior_stage/install/control/share/control/local_setup.bash
-- Up-to-date symlink: /home/ubuntu/lhj_behavior_stage/install/control/share/control/local_setup.sh
-- Up-to-date symlink: /home/ubuntu/lhj_behavior_stage/install/control/share/control/local_setup.zsh
-- Up-to-date symlink: /home/ubuntu/lhj_behavior_stage/install/control/share/control/local_setup.dsv
-- Symlinking: /home/ubuntu/lhj_behavior_stage/install/control/share/control/package.dsv
-- Up-to-date symlink: /home/ubuntu/lhj_behavior_stage/install/control/share/ament_index/resource_index/packages/control
-- Up-to-date symlink: /home/ubuntu/lhj_behavior_stage/install/control/share/control/cmake/controlConfig.cmake
-- Up-to-date symlink: /home/ubuntu/lhj_behavior_stage/install/control/share/control/cmake/controlConfig-version.cmake
-- Up-to-date symlink: /home/ubuntu/lhj_behavior_stage/install/control/share/control/package.xml
