[0.059s] Invoking command in '/home/ubuntu/lhj_behavior_stage/build/control': CMAKE_PREFIX_PATH=${CMAKE_PREFIX_PATH}:/home/ubuntu/robot_ws/install/vla_data_collector:/home/ubuntu/robot_ws/install/openvla_doosan_runtime_async:/home/ubuntu/robot_ws/install/openvla_doosan_runtime:/home/ubuntu/robot_ws/install/dsr_visualservoing:/home/ubuntu/robot_ws/install/dsr_tests:/home/ubuntu/robot_ws/install/dsr_bringup2:/home/ubuntu/robot_ws/install/dsr_example:/opt/ros/humble CONDA_PROMPT_MODIFIER=(base) /usr/bin/cmake --build /home/ubuntu/lhj_behavior_stage/build/control -- -j20 -l20
[1.965s] Consolidate compiler generated dependencies of target car_control
[1.966s] [100%] Built target car_control
[1.967s] Invoked command in '/home/ubuntu/lhj_behavior_stage/build/control' returned '0': CMAKE_PREFIX_PATH=${CMAKE_PREFIX_PATH}:/home/ubuntu/robot_ws/install/vla_data_collector:/home/ubuntu/robot_ws/install/openvla_doosan_runtime_async:/home/ubuntu/robot_ws/install/openvla_doosan_runtime:/home/ubuntu/robot_ws/install/dsr_visualservoing:/home/ubuntu/robot_ws/install/dsr_tests:/home/ubuntu/robot_ws/install/dsr_bringup2:/home/ubuntu/robot_ws/install/dsr_example:/opt/ros/humble CONDA_PROMPT_MODIFIER=(base) /usr/bin/cmake --build /home/ubuntu/lhj_behavior_stage/build/control -- -j20 -l20
[1.976s] Invoking command in '/home/ubuntu/lhj_behavior_stage/build/control': CMAKE_PREFIX_PATH=${CMAKE_PREFIX_PATH}:/home/ubuntu/robot_ws/install/vla_data_collector:/home/ubuntu/robot_ws/install/openvla_doosan_runtime_async:/home/ubuntu/robot_ws/install/openvla_doosan_runtime:/home/ubuntu/robot_ws/install/dsr_visualservoing:/home/ubuntu/robot_ws/install/dsr_tests:/home/ubuntu/robot_ws/install/dsr_bringup2:/home/ubuntu/robot_ws/install/dsr_example:/opt/ros/humble CONDA_PROMPT_MODIFIER=(base) /usr/bin/cmake --install /home/ubuntu/lhj_behavior_stage/build/control
[1.998s] -- Install configuration: ""
[1.998s] -- Execute custom install script
[1.998s] -- Up-to-date symlink: /home/ubuntu/lhj_behavior_stage/install/control/lib/control//car_control
[1.998s] -- Up-to-date symlink: /home/ubuntu/lhj_behavior_stage/install/control/share/control/config/A.json
[1.998s] -- Up-to-date symlink: /home/ubuntu/lhj_behavior_stage/install/control/share/control/config/B.json
[1.998s] -- Up-to-date symlink: /home/ubuntu/lhj_behavior_stage/install/control/share/control/config/B_wynz.json
[1.998s] -- Up-to-date symlink: /home/ubuntu/lhj_behavior_stage/install/control/share/ament_index/resource_index/package_run_dependencies/control
[1.998s] -- Up-to-date symlink: /home/ubuntu/lhj_behavior_stage/install/control/share/ament_index/resource_index/parent_prefix_path/control
[1.998s] -- Up-to-date symlink: /home/ubuntu/lhj_behavior_stage/install/control/share/control/environment/ament_prefix_path.sh
[1.998s] -- Up-to-date symlink: /home/ubuntu/lhj_behavior_stage/install/control/share/control/environment/ament_prefix_path.dsv
[1.998s] -- Up-to-date symlink: /home/ubuntu/lhj_behavior_stage/install/control/share/control/environment/path.sh
[1.999s] -- Up-to-date symlink: /home/ubuntu/lhj_behavior_stage/install/control/share/control/environment/path.dsv
[1.999s] -- Up-to-date symlink: /home/ubuntu/lhj_behavior_stage/install/control/share/control/local_setup.bash
[1.999s] -- Up-to-date symlink: /home/ubuntu/lhj_behavior_stage/install/control/share/control/local_setup.sh
[1.999s] -- Up-to-date symlink: /home/ubuntu/lhj_behavior_stage/install/control/share/control/local_setup.zsh
[1.999s] -- Up-to-date symlink: /home/ubuntu/lhj_behavior_stage/install/control/share/control/local_setup.dsv
[1.999s] -- Symlinking: /home/ubuntu/lhj_behavior_stage/install/control/share/control/package.dsv
[2.004s] -- Up-to-date symlink: /home/ubuntu/lhj_behavior_stage/install/control/share/ament_index/resource_index/packages/control
[2.004s] -- Up-to-date symlink: /home/ubuntu/lhj_behavior_stage/install/control/share/control/cmake/controlConfig.cmake
[2.004s] -- Up-to-date symlink: /home/ubuntu/lhj_behavior_stage/install/control/share/control/cmake/controlConfig-version.cmake
[2.005s] -- Up-to-date symlink: /home/ubuntu/lhj_behavior_stage/install/control/share/control/package.xml
[2.033s] Invoked command in '/home/ubuntu/lhj_behavior_stage/build/control' returned '0': CMAKE_PREFIX_PATH=${CMAKE_PREFIX_PATH}:/home/ubuntu/robot_ws/install/vla_data_collector:/home/ubuntu/robot_ws/install/openvla_doosan_runtime_async:/home/ubuntu/robot_ws/install/openvla_doosan_runtime:/home/ubuntu/robot_ws/install/dsr_visualservoing:/home/ubuntu/robot_ws/install/dsr_tests:/home/ubuntu/robot_ws/install/dsr_bringup2:/home/ubuntu/robot_ws/install/dsr_example:/opt/ros/humble CONDA_PROMPT_MODIFIER=(base) /usr/bin/cmake --install /home/ubuntu/lhj_behavior_stage/build/control
