Consolidate compiler generated dependencies of target start
[100%] Built target start
-- Install configuration: ""
-- Execute custom install script
-- Up-to-date symlink: /home/ubuntu/lhj_behavior_stage/install/lidar/lib/lidar/start
-- Up-to-date symlink: /home/ubuntu/lhj_behavior_stage/install/lidar/share/ament_index/resource_index/package_run_dependencies/lidar
-- Up-to-date symlink: /home/ubuntu/lhj_behavior_stage/install/lidar/share/ament_index/resource_index/parent_prefix_path/lidar
-- Up-to-date symlink: /home/ubuntu/lhj_behavior_stage/install/lidar/share/lidar/environment/ament_prefix_path.sh
-- Up-to-date symlink: /home/ubuntu/lhj_behavior_stage/install/lidar/share/lidar/environment/ament_prefix_path.dsv
-- Up-to-date symlink: /home/ubuntu/lhj_behavior_stage/install/lidar/share/lidar/environment/path.sh
-- Up-to-date symlink: /home/ubuntu/lhj_behavior_stage/install/lidar/share/lidar/environment/path.dsv
-- Up-to-date symlink: /home/ubuntu/lhj_behavior_stage/install/lidar/share/lidar/local_setup.bash
-- Up-to-date symlink: /home/ubuntu/lhj_behavior_stage/install/lidar/share/lidar/local_setup.sh
-- Up-to-date symlink: /home/ubuntu/lhj_behavior_stage/install/lidar/share/lidar/local_setup.zsh
-- Up-to-date symlink: /home/ubuntu/lhj_behavior_stage/install/lidar/share/lidar/local_setup.dsv
-- Symlinking: /home/ubuntu/lhj_behavior_stage/install/lidar/share/lidar/package.dsv
-- Up-to-date symlink: /home/ubuntu/lhj_behavior_stage/install/lidar/share/ament_index/resource_index/packages/lidar
-- Up-to-date symlink: /home/ubuntu/lhj_behavior_stage/install/lidar/share/lidar/cmake/lidarConfig.cmake
-- Up-to-date symlink: /home/ubuntu/lhj_behavior_stage/install/lidar/share/lidar/cmake/lidarConfig-version.cmake
-- Up-to-date symlink: /home/ubuntu/lhj_behavior_stage/install/lidar/share/lidar/package.xml
