[0.064s] Invoking command in '/home/ubuntu/lhj_behavior_stage/build/control': CMAKE_PREFIX_PATH=${CMAKE_PREFIX_PATH}:/home/ubuntu/robot_ws/install/vla_data_collector:/home/ubuntu/robot_ws/install/openvla_doosan_runtime_async:/home/ubuntu/robot_ws/install/openvla_doosan_runtime:/home/ubuntu/robot_ws/install/dsr_visualservoing:/home/ubuntu/robot_ws/install/dsr_tests:/home/ubuntu/robot_ws/install/dsr_bringup2:/home/ubuntu/robot_ws/install/dsr_example:/opt/ros/humble CONDA_PROMPT_MODIFIER=(base) /usr/bin/cmake /home/ubuntu/lhj_behavior_stage/src/control -DAMENT_CMAKE_SYMLINK_INSTALL=1 -DCMAKE_INSTALL_PREFIX=/home/ubuntu/lhj_behavior_stage/install/control
[1.935s] -- The C compiler identification is GNU 11.4.0
[1.936s] -- The CXX compiler identification is GNU 11.4.0
[1.936s] -- Detecting C compiler ABI info
[1.936s] -- Detecting C compiler ABI info - done
[1.936s] -- Check for working C compiler: /usr/bin/cc - skipped
[1.936s] -- Detecting C compile features
[1.936s] -- Detecting C compile features - done
[1.936s] -- Detecting CXX compiler ABI info
[1.936s] -- Detecting CXX compiler ABI info - done
[1.936s] -- Check for working CXX compiler: /usr/bin/c++ - skipped
[1.936s] -- Detecting CXX compile features
[1.936s] -- Detecting CXX compile features - done
[1.936s] -- Found ament_cmake: 1.3.14 (/opt/ros/humble/share/ament_cmake/cmake)
[1.936s] -- Found Python3: /usr/bin/python3 (found version "3.10.12") found components: Interpreter 
[1.936s] -- Override CMake install command with custom implementation using symlinks instead of copying resources
[1.936s] -- Found ament_index_cpp: 1.4.1 (/opt/ros/humble/share/ament_index_cpp/cmake)
[1.936s] -- Found rclcpp: 16.0.19 (/opt/ros/humble/share/rclcpp/cmake)
[1.937s] -- Found rosidl_generator_c: 3.1.8 (/opt/ros/humble/share/rosidl_generator_c/cmake)
[1.937s] -- Found rosidl_adapter: 3.1.8 (/opt/ros/humble/share/rosidl_adapter/cmake)
[1.937s] -- Found rosidl_generator_cpp: 3.1.8 (/opt/ros/humble/share/rosidl_generator_cpp/cmake)
[1.937s] -- Using all available rosidl_typesupport_c: rosidl_typesupport_fastrtps_c;rosidl_typesupport_introspection_c
[1.937s] -- Using all available rosidl_typesupport_cpp: rosidl_typesupport_fastrtps_cpp;rosidl_typesupport_introspection_cpp
[1.937s] -- Found rmw_implementation_cmake: 6.1.2 (/opt/ros/humble/share/rmw_implementation_cmake/cmake)
[1.937s] -- Found rmw_fastrtps_cpp: 6.2.10 (/opt/ros/humble/share/rmw_fastrtps_cpp/cmake)
[1.937s] -- Found OpenSSL: /usr/lib/x86_64-linux-gnu/libcrypto.so (found version "3.0.2")  
[1.937s] -- Found FastRTPS: /opt/ros/humble/include  
[1.937s] -- Using RMW implementation 'rmw_fastrtps_cpp' as default
[1.937s] -- Looking for pthread.h
[1.937s] -- Looking for pthread.h - found
[1.937s] -- Performing Test CMAKE_HAVE_LIBC_PTHREAD
[1.937s] -- Performing Test CMAKE_HAVE_LIBC_PTHREAD - Success
[1.937s] -- Found Threads: TRUE  
[1.937s] -- Found sensor_msgs: 4.9.1 (/opt/ros/humble/share/sensor_msgs/cmake)
[1.937s] -- Found nav_msgs: 4.9.1 (/opt/ros/humble/share/nav_msgs/cmake)
[1.938s] -- Found ament_lint_auto: 0.12.15 (/opt/ros/humble/share/ament_lint_auto/cmake)
[1.938s] -- Added test 'copyright' to check source files copyright and LICENSE
[1.938s] -- Added test 'cppcheck' to perform static code analysis on C / C++ code
[1.938s] -- Configured cppcheck include dirs: /home/ubuntu/lhj_behavior_stage/src/control/include
[1.938s] -- Configured cppcheck exclude dirs and/or files: 
[1.938s] -- Added test 'cpplint' to check C / C++ code against the Google style
[1.938s] -- Configured cpplint exclude dirs and/or files: 
[1.938s] -- Added test 'lint_cmake' to check CMake code style
[1.938s] -- Added test 'uncrustify' to check C / C++ code style
[1.938s] -- Configured uncrustify additional arguments: 
[1.938s] -- Added test 'xmllint' to check XML markup files
[1.938s] -- Configuring done
[1.938s] -- Generating done
[1.938s] -- Build files have been written to: /home/ubuntu/lhj_behavior_stage/build/control
[1.951s] Invoked command in '/home/ubuntu/lhj_behavior_stage/build/control' returned '0': CMAKE_PREFIX_PATH=${CMAKE_PREFIX_PATH}:/home/ubuntu/robot_ws/install/vla_data_collector:/home/ubuntu/robot_ws/install/openvla_doosan_runtime_async:/home/ubuntu/robot_ws/install/openvla_doosan_runtime:/home/ubuntu/robot_ws/install/dsr_visualservoing:/home/ubuntu/robot_ws/install/dsr_tests:/home/ubuntu/robot_ws/install/dsr_bringup2:/home/ubuntu/robot_ws/install/dsr_example:/opt/ros/humble CONDA_PROMPT_MODIFIER=(base) /usr/bin/cmake /home/ubuntu/lhj_behavior_stage/src/control -DAMENT_CMAKE_SYMLINK_INSTALL=1 -DCMAKE_INSTALL_PREFIX=/home/ubuntu/lhj_behavior_stage/install/control
[1.951s] Invoking command in '/home/ubuntu/lhj_behavior_stage/build/control': CMAKE_PREFIX_PATH=${CMAKE_PREFIX_PATH}:/home/ubuntu/robot_ws/install/vla_data_collector:/home/ubuntu/robot_ws/install/openvla_doosan_runtime_async:/home/ubuntu/robot_ws/install/openvla_doosan_runtime:/home/ubuntu/robot_ws/install/dsr_visualservoing:/home/ubuntu/robot_ws/install/dsr_tests:/home/ubuntu/robot_ws/install/dsr_bringup2:/home/ubuntu/robot_ws/install/dsr_example:/opt/ros/humble CONDA_PROMPT_MODIFIER=(base) /usr/bin/cmake --build /home/ubuntu/lhj_behavior_stage/build/control -- -j20 -l20
[1.993s] [ 50%] Building CXX object CMakeFiles/car_control.dir/src/car_control.cpp.o
[30.501s] [100%] Linking CXX executable car_control
[31.784s] [100%] Built target car_control
[31.796s] Invoked command in '/home/ubuntu/lhj_behavior_stage/build/control' returned '0': CMAKE_PREFIX_PATH=${CMAKE_PREFIX_PATH}:/home/ubuntu/robot_ws/install/vla_data_collector:/home/ubuntu/robot_ws/install/openvla_doosan_runtime_async:/home/ubuntu/robot_ws/install/openvla_doosan_runtime:/home/ubuntu/robot_ws/install/dsr_visualservoing:/home/ubuntu/robot_ws/install/dsr_tests:/home/ubuntu/robot_ws/install/dsr_bringup2:/home/ubuntu/robot_ws/install/dsr_example:/opt/ros/humble CONDA_PROMPT_MODIFIER=(base) /usr/bin/cmake --build /home/ubuntu/lhj_behavior_stage/build/control -- -j20 -l20
[31.798s] Invoking command in '/home/ubuntu/lhj_behavior_stage/build/control': CMAKE_PREFIX_PATH=${CMAKE_PREFIX_PATH}:/home/ubuntu/robot_ws/install/vla_data_collector:/home/ubuntu/robot_ws/install/openvla_doosan_runtime_async:/home/ubuntu/robot_ws/install/openvla_doosan_runtime:/home/ubuntu/robot_ws/install/dsr_visualservoing:/home/ubuntu/robot_ws/install/dsr_tests:/home/ubuntu/robot_ws/install/dsr_bringup2:/home/ubuntu/robot_ws/install/dsr_example:/opt/ros/humble CONDA_PROMPT_MODIFIER=(base) /usr/bin/cmake --install /home/ubuntu/lhj_behavior_stage/build/control
[31.806s] -- Install configuration: ""
[31.806s] -- Execute custom install script
[31.807s] -- Symlinking: /home/ubuntu/lhj_behavior_stage/install/control/lib/control//car_control
[31.815s] -- Symlinking: /home/ubuntu/lhj_behavior_stage/install/control/share/control/config/A.json
[31.822s] -- Symlinking: /home/ubuntu/lhj_behavior_stage/install/control/share/control/config/B.json
[31.829s] -- Symlinking: /home/ubuntu/lhj_behavior_stage/install/control/share/control/config/B_wynz.json
[31.836s] -- Symlinking: /home/ubuntu/lhj_behavior_stage/install/control/share/ament_index/resource_index/package_run_dependencies/control
[31.843s] -- Symlinking: /home/ubuntu/lhj_behavior_stage/install/control/share/ament_index/resource_index/parent_prefix_path/control
[31.850s] -- Symlinking: /home/ubuntu/lhj_behavior_stage/install/control/share/control/environment/ament_prefix_path.sh
[31.857s] -- Symlinking: /home/ubuntu/lhj_behavior_stage/install/control/share/control/environment/ament_prefix_path.dsv
[31.864s] -- Symlinking: /home/ubuntu/lhj_behavior_stage/install/control/share/control/environment/path.sh
[31.871s] -- Symlinking: /home/ubuntu/lhj_behavior_stage/install/control/share/control/environment/path.dsv
[31.878s] -- Symlinking: /home/ubuntu/lhj_behavior_stage/install/control/share/control/local_setup.bash
[31.885s] -- Symlinking: /home/ubuntu/lhj_behavior_stage/install/control/share/control/local_setup.sh
[31.891s] -- Symlinking: /home/ubuntu/lhj_behavior_stage/install/control/share/control/local_setup.zsh
[31.898s] -- Symlinking: /home/ubuntu/lhj_behavior_stage/install/control/share/control/local_setup.dsv
[31.907s] -- Symlinking: /home/ubuntu/lhj_behavior_stage/install/control/share/control/package.dsv
[31.918s] -- Symlinking: /home/ubuntu/lhj_behavior_stage/install/control/share/ament_index/resource_index/packages/control
[31.928s] -- Symlinking: /home/ubuntu/lhj_behavior_stage/install/control/share/control/cmake/controlConfig.cmake
[31.935s] -- Symlinking: /home/ubuntu/lhj_behavior_stage/install/control/share/control/cmake/controlConfig-version.cmake
[31.942s] -- Symlinking: /home/ubuntu/lhj_behavior_stage/install/control/share/control/package.xml
[31.950s] Invoked command in '/home/ubuntu/lhj_behavior_stage/build/control' returned '0': CMAKE_PREFIX_PATH=${CMAKE_PREFIX_PATH}:/home/ubuntu/robot_ws/install/vla_data_collector:/home/ubuntu/robot_ws/install/openvla_doosan_runtime_async:/home/ubuntu/robot_ws/install/openvla_doosan_runtime:/home/ubuntu/robot_ws/install/dsr_visualservoing:/home/ubuntu/robot_ws/install/dsr_tests:/home/ubuntu/robot_ws/install/dsr_bringup2:/home/ubuntu/robot_ws/install/dsr_example:/opt/ros/humble CONDA_PROMPT_MODIFIER=(base) /usr/bin/cmake --install /home/ubuntu/lhj_behavior_stage/build/control
