[2.619s] Invoking command in '/home/ubuntu/lhj_behavior_stage/build/nmea_navsat_driver': CONDA_PROMPT_MODIFIER=(base) PYTHONPATH=/home/ubuntu/lhj_behavior_stage/build/nmea_navsat_driver/prefix_override:/usr/lib/python3/dist-packages/colcon_core/task/python/colcon_distutils_commands:/home/ubuntu/lhj_behavior_stage/install/nmea_navsat_driver/lib/python3.10/site-packages:${PYTHONPATH} /usr/bin/python3 -W ignore:setup.py install is deprecated -W ignore:easy_install command is deprecated setup.py develop --editable --build-directory /home/ubuntu/lhj_behavior_stage/build/nmea_navsat_driver/build --no-deps symlink_data
[2.964s] running develop
[3.217s] running egg_info
[3.217s] writing src/nmea_navsat_driver.egg-info/PKG-INFO
[3.217s] writing dependency_links to src/nmea_navsat_driver.egg-info/dependency_links.txt
[3.217s] writing entry points to src/nmea_navsat_driver.egg-info/entry_points.txt
[3.217s] writing requirements to src/nmea_navsat_driver.egg-info/requires.txt
[3.217s] writing top-level names to src/nmea_navsat_driver.egg-info/top_level.txt
[3.217s] reading manifest file 'src/nmea_navsat_driver.egg-info/SOURCES.txt'
[3.217s] writing manifest file 'src/nmea_navsat_driver.egg-info/SOURCES.txt'
[3.270s] running build_ext
[3.270s] Creating /home/ubuntu/lhj_behavior_stage/install/nmea_navsat_driver/lib/python3.10/site-packages/nmea-navsat-driver.egg-link (link to src)
[3.271s] Installing nmea_serial_driver script to /home/ubuntu/lhj_behavior_stage/install/nmea_navsat_driver/lib/nmea_navsat_driver
[3.271s] Installing nmea_socket_driver script to /home/ubuntu/lhj_behavior_stage/install/nmea_navsat_driver/lib/nmea_navsat_driver
[3.271s] Installing nmea_tcpclient_driver script to /home/ubuntu/lhj_behavior_stage/install/nmea_navsat_driver/lib/nmea_navsat_driver
[3.271s] Installing nmea_topic_driver script to /home/ubuntu/lhj_behavior_stage/install/nmea_navsat_driver/lib/nmea_navsat_driver
[3.271s] Installing nmea_topic_serial_reader script to /home/ubuntu/lhj_behavior_stage/install/nmea_navsat_driver/lib/nmea_navsat_driver
[3.271s] 
[3.271s] Installed /home/ubuntu/lhj_behavior_stage/build/nmea_navsat_driver/src
[3.272s] running symlink_data
[3.306s] Invoked command in '/home/ubuntu/lhj_behavior_stage/build/nmea_navsat_driver' returned '0': CONDA_PROMPT_MODIFIER=(base) PYTHONPATH=/home/ubuntu/lhj_behavior_stage/build/nmea_navsat_driver/prefix_override:/usr/lib/python3/dist-packages/colcon_core/task/python/colcon_distutils_commands:/home/ubuntu/lhj_behavior_stage/install/nmea_navsat_driver/lib/python3.10/site-packages:${PYTHONPATH} /usr/bin/python3 -W ignore:setup.py install is deprecated -W ignore:easy_install command is deprecated setup.py develop --editable --build-directory /home/ubuntu/lhj_behavior_stage/build/nmea_navsat_driver/build --no-deps symlink_data
