running develop
running egg_info
creating src/nmea_navsat_driver.egg-info
writing src/nmea_navsat_driver.egg-info/PKG-INFO
writing dependency_links to src/nmea_navsat_driver.egg-info/dependency_links.txt
writing entry points to src/nmea_navsat_driver.egg-info/entry_points.txt
writing requirements to src/nmea_navsat_driver.egg-info/requires.txt
writing top-level names to src/nmea_navsat_driver.egg-info/top_level.txt
writing manifest file 'src/nmea_navsat_driver.egg-info/SOURCES.txt'
reading manifest file 'src/nmea_navsat_driver.egg-info/SOURCES.txt'
writing manifest file 'src/nmea_navsat_driver.egg-info/SOURCES.txt'
running build_ext
Creating /home/ubuntu/lhj_behavior_stage/install/nmea_navsat_driver/lib/python3.10/site-packages/nmea-navsat-driver.egg-link (link to src)
Installing nmea_serial_driver script to /home/ubuntu/lhj_behavior_stage/install/nmea_navsat_driver/lib/nmea_navsat_driver
Installing nmea_socket_driver script to /home/ubuntu/lhj_behavior_stage/install/nmea_navsat_driver/lib/nmea_navsat_driver
Installing nmea_tcpclient_driver script to /home/ubuntu/lhj_behavior_stage/install/nmea_navsat_driver/lib/nmea_navsat_driver
Installing nmea_topic_driver script to /home/ubuntu/lhj_behavior_stage/install/nmea_navsat_driver/lib/nmea_navsat_driver
Installing nmea_topic_serial_reader script to /home/ubuntu/lhj_behavior_stage/install/nmea_navsat_driver/lib/nmea_navsat_driver

Installed /home/ubuntu/lhj_behavior_stage/build/nmea_navsat_driver/src
running symlink_data
creating /home/ubuntu/lhj_behavior_stage/install/nmea_navsat_driver/share/ament_index
creating /home/ubuntu/lhj_behavior_stage/install/nmea_navsat_driver/share/ament_index/resource_index
creating /home/ubuntu/lhj_behavior_stage/install/nmea_navsat_driver/share/ament_index/resource_index/packages
symbolically linking /home/ubuntu/lhj_behavior_stage/build/nmea_navsat_driver/resource/nmea_navsat_driver -> /home/ubuntu/lhj_behavior_stage/install/nmea_navsat_driver/share/ament_index/resource_index/packages
symbolically linking /home/ubuntu/lhj_behavior_stage/build/nmea_navsat_driver/package.xml -> /home/ubuntu/lhj_behavior_stage/install/nmea_navsat_driver/share/nmea_navsat_driver
